#
# A fatal error has been detected by the Java Runtime Environment:
#
#  EXCEPTION_ACCESS_VIOLATION (0xc0000005) at pc=0x00007ff869458a56, pid=19872, tid=17548
#
# JRE version: Java(TM) SE Runtime Environment (9.0+11) (build 9.0.4+11)
# Java VM: Java HotSpot(TM) 64-Bit Server VM (9.0.4+11, mixed mode, tiered, compressed oops, g1 gc, windows-amd64)
# Problematic frame:
# C  [librdi_filemgmt.dll+0x258a56]
#
# No core dump will be written. Minidumps are not enabled by default on client versions of Windows
#
# If you would like to submit a bug report, please visit:
#   http://bugreport.java.com/bugreport/crash.jsp
# The crash happened outside the Java Virtual Machine in native code.
# See problematic frame for where to report the bug.
#

---------------  S U M M A R Y ------------

Command Line: -Dsun.java2d.pmoffscreen=false -Dsun.java2d.xrender=false -Dsun.java2d.d3d=false -Dsun.awt.nopixfmt=true -Dsun.java2d.dpiaware=true -Dsun.java2d.uiScale.enabled=false -Xverify:none -Dswing.aatext=true -XX:-UsePerfData -Djdk.map.althashing.threshold=512 -XX:StringTableSize=4072 --add-opens=java.base/java.nio=ALL-UNNAMED --add-opens=java.desktop/sun.swing=ALL-UNNAMED --add-opens=java.desktop/javax.swing=ALL-UNNAMED --add-opens=java.desktop/javax.swing.tree=ALL-UNNAMED --add-opens=java.desktop/javax.swing.plaf.basic=ALL-UNNAMED --add-opens=java.desktop/javax.swing.plaf.synth=ALL-UNNAMED --add-opens=java.desktop/com.sun.awt=ALL-UNNAMED -XX:NewSize=60m -XX:MaxNewSize=60m -Xms128m -Xmx3072m -Xss5m 

Host: 12th Gen Intel(R) Core(TM) i7-12700H, 20 cores, 15G,  Windows 10 , 64 bit Build 22621 (10.0.22621.4391)
Time: Mon Dec 09 16:32:12 2024 ®¨????®Æ°¿®∫°¡?®∫°¿?? elapsed time: 13923 seconds (0d 3h 52m 3s)

---------------  T H R E A D  ---------------

Current thread (0x000002df921fd800):  JavaThread "AWT-EventQueue-1" [_thread_in_native, id=17548, stack(0x000000e513000000,0x000000e513500000)]

Stack: [0x000000e513000000,0x000000e513500000],  sp=0x000000e5134fd4c0,  free space=5109k
Native frames: (J=compiled Java code, j=interpreted, Vv=VM code, C=native code)
C  [librdi_filemgmt.dll+0x258a56]
C  [librdi_filemgmt.dll+0x257122]
C  [librdi_filemgmt.dll+0x26c6d8]
C  0x000002df893f8752

Java frames: (J=compiled Java code, j=interpreted, Vv=VM code)
J 26258  ui.data.srcscan.srcscani.EditorAssist_createFoldInfoIter(JLjava/lang/String;)J (0 bytes) @ 0x000002df893f86b5 [0x000002df893f8660+0x0000000000000055]
J 27732 c1 ui.data.m.a.c.a(Ljava/net/URI;)V (186 bytes) @ 0x000002df8387221c [0x000002df83871680+0x0000000000000b9c]
J 29371 c1 ui.views.V.a.ab.agK(Ljava/lang/String;)V (39 bytes) @ 0x000002df83bb962c [0x000002df83bb8a00+0x0000000000000c2c]
J 27725 c1 ui.views.V.a.ab.hdH()V (47 bytes) @ 0x000002df8386d57c [0x000002df8386cdc0+0x00000000000007bc]
J 27724 c1 ui.views.V.a.al.finished()V (81 bytes) @ 0x000002df8386c3dc [0x000002df8386c200+0x00000000000001dc]
J 27306 c2 ui.frmwork.z.run()V (15 bytes) @ 0x000002df8952eff8 [0x000002df8952d6a0+0x0000000000001958]
J 12672 c2 java.awt.EventQueue$3.run()Ljava/lang/Object; java.desktop@9.0.4 (5 bytes) @ 0x000002df87f67924 [0x000002df87f67820+0x0000000000000104]
v  ~StubRoutines::call_stub
J 4855  java.security.AccessController.doPrivileged(Ljava/security/PrivilegedAction;Ljava/security/AccessControlContext;)Ljava/lang/Object; java.base@9.0.4 (0 bytes) @ 0x000002df87e92346 [0x000002df87e922e0+0x0000000000000066]
J 12670 c2 ui.frmwork.b.d.dispatchEvent(Ljava/awt/AWTEvent;)V (34 bytes) @ 0x000002df885e0c14 [0x000002df885e0860+0x00000000000003b4]
J 29029 c2 java.awt.EventDispatchThread.pumpOneEventForFilters(I)V java.desktop@9.0.4 (218 bytes) @ 0x000002df897a47f8 [0x000002df897a4400+0x00000000000003f8]
J 19514% c2 java.awt.EventDispatchThread.pumpEventsForFilter(ILjava/awt/Conditional;Ljava/awt/EventFilter;)V java.desktop@9.0.4 (47 bytes) @ 0x000002df88df7d58 [0x000002df88df7c40+0x0000000000000118]
j  java.awt.EventDispatchThread.pumpEventsForHierarchy(ILjava/awt/Conditional;Ljava/awt/Component;)V+11 java.desktop@9.0.4
j  java.awt.EventDispatchThread.pumpEvents(ILjava/awt/Conditional;)V+4 java.desktop@9.0.4
j  java.awt.EventDispatchThread.pumpEvents(Ljava/awt/Conditional;)V+3 java.desktop@9.0.4
j  java.awt.EventDispatchThread.run()V+9 java.desktop@9.0.4
v  ~StubRoutines::call_stub

siginfo: EXCEPTION_ACCESS_VIOLATION (0xc0000005), reading address 0xffffffffffffffff


Register to memory mapping:

RIP=0x00007ff869458a56 librdi_filemgmt.dll
RAX=0x0000000000000001 is an unknown value
RBX=0x000002dfcd122700 is an unknown value
RCX=0x000002dfe37f0000 is an unknown value
RDX=0x2f61746144707041 is an unknown value
RSP=0x000000e5134fd4c0 is pointing into the stack for thread: 0x000002df921fd800
RBP=0x000000e5134fd620 is pointing into the stack for thread: 0x000002df921fd800
RSI=0x0000000000000000 is an unknown value
RDI=0x000002dfcc79d070 is an unknown value
R8 =0x000002dfe364b0c0 is an unknown value
R9 =0x0000000000000001 is an unknown value
R10=0x0000000000000003 is an unknown value
R11=0x000000e5134fd420 is pointing into the stack for thread: 0x000002df921fd800
R12=0x000002dfc8831f10 is an unknown value
R13=0x0000000000000000 is an unknown value
R14=0x0000000000000000 is an unknown value
R15=0x000000e5134fd6f8 is pointing into the stack for thread: 0x000002df921fd800


Registers:
RAX=0x0000000000000001, RBX=0x000002dfcd122700, RCX=0x000002dfe37f0000, RDX=0x2f61746144707041
RSP=0x000000e5134fd4c0, RBP=0x000000e5134fd620, RSI=0x0000000000000000, RDI=0x000002dfcc79d070
R8 =0x000002dfe364b0c0, R9 =0x0000000000000001, R10=0x0000000000000003, R11=0x000000e5134fd420
R12=0x000002dfc8831f10, R13=0x0000000000000000, R14=0x0000000000000000, R15=0x000000e5134fd6f8
RIP=0x00007ff869458a56, EFLAGS=0x0000000000010297

Top of Stack: (sp=0x000000e5134fd4c0)
0x000000e5134fd4c0:   000002dfcd1226f8 0000000000000000
0x000000e5134fd4d0:   000002dfcd1226f8 0000000000000047
0x000000e5134fd4e0:   fffffffffffffffe 000002dfbc186200
0x000000e5134fd4f0:   000002dfeaf4f030 0000000000000000
0x000000e5134fd500:   000000000000000f 000002dfbc185200
0x000000e5134fd510:   000000e5134fd730 0000000000000000
0x000000e5134fd520:   000000000000000f 0000526147ed4fca
0x000000e5134fd530:   0000000000000047 000002dfc8831f10
0x000000e5134fd540:   000000e5134fd620 00007ff869457122
0x000000e5134fd550:   0000c4e976a7cb71 0000000000000000
0x000000e5134fd560:   0000000000000047 000002dfcc79d070
0x000000e5134fd570:   0000000000000047 000002df921fda18
0x000000e5134fd580:   000002df921fda18 000002dfeaf4f030
0x000000e5134fd590:   000000e5134fd730 00007ff86946c6d8
0x000000e5134fd5a0:   0000000000000047 0000000000000047
0x000000e5134fd5b0:   000002dfeaf4f030 000000e5134fd600 

Instructions: (pc=0x00007ff869458a56)
0x00007ff869458a36:   66 66 0f 1f 84 00 00 00 00 00 48 8b 13 48 c7 44
0x00007ff869458a46:   24 40 0f 00 00 00 4c 89 74 24 38 c6 44 24 28 00
0x00007ff869458a56:   80 3a 00 75 05 4d 8b c6 eb 0e 49 83 c8 ff 49 ff
0x00007ff869458a66:   c0 42 80 3c 02 00 75 f6 48 8d 4c 24 28 e8 48 dc 



---------------  P R O C E S S  ---------------

Java Threads: ( => current thread )
  0x000002dfc8e01000 JavaThread "Code Inspector Thread" [_thread_in_native, id=17660, stack(0x000000e519900000,0x000000e519e00000)]
  0x000002dfefe52800 JavaThread "Code Inspector Thread" [_thread_in_native, id=23340, stack(0x000000e518f00000,0x000000e519400000)]
  0x000002df93250800 JavaThread "Monitor File Timestamp Swing Worker Thread" [_thread_blocked, id=28656, stack(0x000000e518a00000,0x000000e518f00000)]
  0x000002df93250000 JavaThread "Timer-14" [_thread_blocked, id=29780, stack(0x000000e518500000,0x000000e518a00000)]
  0x000002dfbbc0e000 JavaThread "Monitor File Timestamp Swing Worker Thread" [_thread_blocked, id=9764, stack(0x000000e518000000,0x000000e518500000)]
  0x000002dfbbc07800 JavaThread "Timer-13" [_thread_blocked, id=25408, stack(0x000000e517b00000,0x000000e518000000)]
  0x000002dfbbc0a800 JavaThread "Monitor File Timestamp Swing Worker Thread" [_thread_blocked, id=4196, stack(0x000000e516200000,0x000000e516700000)]
  0x000002dfbbc06800 JavaThread "Timer-12" [_thread_blocked, id=6572, stack(0x000000e515d00000,0x000000e516200000)]
  0x000002dfbbbfe800 JavaThread "SyntheticaAnimation 50" daemon [_thread_blocked, id=7756, stack(0x000000e513500000,0x000000e513a00000)]
  0x000002dfbbc09000 JavaThread "Update Runs Swing Worker Thread" [_thread_blocked, id=25028, stack(0x000000e516700000,0x000000e516c00000)]
  0x000002dfbbc05000 JavaThread "Refresh Filesets Swing Worker Thread" [_thread_blocked, id=6608, stack(0x000000e515300000,0x000000e515800000)]
  0x000002dfbbc01800 JavaThread "Swing-Shell" daemon [_thread_blocked, id=6484, stack(0x000000e517100000,0x000000e517600000)]
  0x000002dfbbc09800 JavaThread "ForkJoinPool.commonPool-worker-57" daemon [_thread_blocked, id=12956, stack(0x000000e517600000,0x000000e517b00000)]
  0x000002dfbbc00000 JavaThread "Image Animator 3" daemon [_thread_blocked, id=22656, stack(0x000000e516c00000,0x000000e517100000)]
  0x000002dfbbc03800 JavaThread "SyntheticaAnimation 50" daemon [_thread_blocked, id=34720, stack(0x000000e513f00000,0x000000e514400000)]
  0x000002df9324e800 JavaThread "hw_ila_monitor" [_thread_blocked, id=10052, stack(0x000000e512100000,0x000000e512600000)]
  0x000002dfefe4e000 JavaThread "SyntheticaAnimation 70" daemon [_thread_blocked, id=31616, stack(0x000000e515800000,0x000000e515d00000)]
  0x000002dfefe51800 JavaThread "SyntheticaAnimation 25" daemon [_thread_blocked, id=19348, stack(0x000000e514e00000,0x000000e515300000)]
  0x000002dfefe4e800 JavaThread "SyntheticaAnimation 50" daemon [_thread_blocked, id=25508, stack(0x000000e514900000,0x000000e514e00000)]
  0x000002dfefe4c800 JavaThread "Monitor HEventQueue Thread" [_thread_blocked, id=15728, stack(0x000000e514400000,0x000000e514900000)]
  0x000002dfefe51000 JavaThread "SyntheticaCleanerThread" daemon [_thread_blocked, id=31264, stack(0x000000e513a00000,0x000000e513f00000)]
  0x000002dfefe4b800 JavaThread "Batik CleanerThread" daemon [_thread_blocked, id=19112, stack(0x000000e512600000,0x000000e512b00000)]
=>0x000002df921fd800 JavaThread "AWT-EventQueue-1" [_thread_in_native, id=17548, stack(0x000000e513000000,0x000000e513500000)]
  0x000002df91cc6000 JavaThread "Process Messages Thread" [_thread_blocked, id=27256, stack(0x000000e512b00000,0x000000e513000000)]
  0x000002df91ccf000 JavaThread "Thread-1" [_thread_in_native, id=23188, stack(0x000000e50a100000,0x000000e50b500000)]
  0x000002dfe8730800 JavaThread "TimerQueue" daemon [_thread_blocked, id=31676, stack(0x000000e511c00000,0x000000e512100000)]
  0x000002dfe88a4000 JavaThread "AWT-Windows" daemon [_thread_in_native, id=14020, stack(0x000000e511700000,0x000000e511c00000)]
  0x000002dfe88a3000 JavaThread "AWT-Shutdown" [_thread_blocked, id=8092, stack(0x000000e511200000,0x000000e511700000)]
  0x000002dfe86d8000 JavaThread "Java2D Disposer" daemon [_thread_blocked, id=23328, stack(0x000000e510d00000,0x000000e511200000)]
  0x000002dfe7ed8800 JavaThread "Service Thread" daemon [_thread_blocked, id=8712, stack(0x000000e510700000,0x000000e510c00000)]
  0x000002dfefec4800 JavaThread "Common-Cleaner" daemon [_thread_blocked, id=34184, stack(0x000000e510200000,0x000000e510700000)]
  0x000002dfefe4d000 JavaThread "Sweeper thread" daemon [_thread_blocked, id=31060, stack(0x000000e50fd00000,0x000000e510200000)]
  0x000002dfec0d9800 JavaThread "C1 CompilerThread11" daemon [_thread_blocked, id=33260, stack(0x000000e50fc00000,0x000000e50fd00000)]
  0x000002dfec0d8800 JavaThread "C1 CompilerThread10" daemon [_thread_blocked, id=27972, stack(0x000000e50fb00000,0x000000e50fc00000)]
  0x000002dfec0db800 JavaThread "C1 CompilerThread9" daemon [_thread_blocked, id=26576, stack(0x000000e50fa00000,0x000000e50fb00000)]
  0x000002dfec0da000 JavaThread "C1 CompilerThread8" daemon [_thread_blocked, id=5288, stack(0x000000e50f900000,0x000000e50fa00000)]
  0x000002dfec0d7800 JavaThread "C2 CompilerThread7" daemon [_thread_blocked, id=25756, stack(0x000000e50f800000,0x000000e50f900000)]
  0x000002dfefe49800 JavaThread "C2 CompilerThread6" daemon [_thread_blocked, id=17520, stack(0x000000e50f700000,0x000000e50f800000)]
  0x000002dfefe48000 JavaThread "C2 CompilerThread5" daemon [_thread_blocked, id=31020, stack(0x000000e50f600000,0x000000e50f700000)]
  0x000002dfefe42000 JavaThread "C2 CompilerThread4" daemon [_thread_blocked, id=33684, stack(0x000000e50f500000,0x000000e50f600000)]
  0x000002dfefe40800 JavaThread "C2 CompilerThread3" daemon [_thread_blocked, id=17848, stack(0x000000e50f400000,0x000000e50f500000)]
  0x000002dfefe40000 JavaThread "C2 CompilerThread2" daemon [_thread_blocked, id=12356, stack(0x000000e50f300000,0x000000e50f400000)]
  0x000002dfefe3e000 JavaThread "C2 CompilerThread1" daemon [_thread_blocked, id=27800, stack(0x000000e50f200000,0x000000e50f300000)]
  0x000002dfefe3d800 JavaThread "C2 CompilerThread0" daemon [_thread_blocked, id=27040, stack(0x000000e50f100000,0x000000e50f200000)]
  0x000002dfeb35b000 JavaThread "Attach Listener" daemon [_thread_blocked, id=34604, stack(0x000000e50ec00000,0x000000e50f100000)]
  0x000002dfeb356800 JavaThread "Signal Dispatcher" daemon [_thread_blocked, id=19804, stack(0x000000e50e700000,0x000000e50ec00000)]
  0x000002dfeb33f800 JavaThread "Finalizer" daemon [_thread_blocked, id=9380, stack(0x000000e50e200000,0x000000e50e700000)]
  0x000002dfeb336800 JavaThread "Reference Handler" daemon [_thread_blocked, id=29352, stack(0x000000e50dd00000,0x000000e50e200000)]
  0x000002dfecbf6000 JavaThread "main" [_thread_blocked, id=29676, stack(0x000000e50a000000,0x000000e50a100000)]

Other Threads:
  0x000002dfeb325800 VMThread "VM Thread" [stack: 0x000000e50dc00000,0x000000e50dd00000] [id=24324]
  0x000002dfe7fb3000 WatcherThread [stack: 0x000000e510c00000,0x000000e510d00000] [id=11404]
  0x000002dfecc23800 GCTaskThread "GC Thread#0" [stack: 0x000000e50b800000,0x000000e50b900000] [id=5480]
  0x000002dfec0b8000 GCTaskThread "GC Thread#1" [stack: 0x000000e50b900000,0x000000e50ba00000] [id=33904]
  0x000002dfec0b8800 GCTaskThread "GC Thread#2" [stack: 0x000000e50ba00000,0x000000e50bb00000] [id=23548]
  0x000002dfe7c29000 GCTaskThread "GC Thread#3" [stack: 0x000000e50bb00000,0x000000e50bc00000] [id=13244]
  0x000002dfec47d800 GCTaskThread "GC Thread#4" [stack: 0x000000e50bc00000,0x000000e50bd00000] [id=26532]
  0x000002dfefa56000 GCTaskThread "GC Thread#5" [stack: 0x000000e50bd00000,0x000000e50be00000] [id=33676]
  0x000002dfef873000 GCTaskThread "GC Thread#6" [stack: 0x000000e50be00000,0x000000e50bf00000] [id=25652]
  0x000002dfefd2d800 GCTaskThread "GC Thread#7" [stack: 0x000000e50bf00000,0x000000e50c000000] [id=19188]
  0x000002dfefd2e000 GCTaskThread "GC Thread#8" [stack: 0x000000e50c000000,0x000000e50c100000] [id=5668]
  0x000002dff016b000 GCTaskThread "GC Thread#9" [stack: 0x000000e50c100000,0x000000e50c200000] [id=13812]
  0x000002dff016c000 GCTaskThread "GC Thread#10" [stack: 0x000000e50c200000,0x000000e50c300000] [id=31984]
  0x000002dff016c800 GCTaskThread "GC Thread#11" [stack: 0x000000e50c300000,0x000000e50c400000] [id=29860]
  0x000002dfeca7f000 GCTaskThread "GC Thread#12" [stack: 0x000000e50c400000,0x000000e50c500000] [id=22668]
  0x000002dfeca80000 GCTaskThread "GC Thread#13" [stack: 0x000000e50c500000,0x000000e50c600000] [id=15948]
  0x000002dfeca81000 GCTaskThread "GC Thread#14" [stack: 0x000000e50c600000,0x000000e50c700000] [id=17500]
  0x000002dfec0ec000 ConcurrentGCThread "G1 Main Marker" [stack: 0x000000e50d700000,0x000000e50d800000] [id=18704]
  0x000002dfec0ed000 ConcurrentGCThread "G1 Marker#0" [stack: 0x000000e50d800000,0x000000e50d900000] [id=31488]
  0x000002dfef9cd800 ConcurrentGCThread "G1 Marker#1" [stack: 0x000000e50d900000,0x000000e50da00000] [id=22672]
  0x000002dfef9d5000 ConcurrentGCThread "G1 Marker#2" [stack: 0x000000e50da00000,0x000000e50db00000] [id=18772]
  0x000002dfef9d3000 ConcurrentGCThread "G1 Marker#3" [stack: 0x000000e50db00000,0x000000e50dc00000] [id=30420]
  0x000002dfec0bd800 ConcurrentGCThread "G1 Refine#0" [stack: 0x000000e50d500000,0x000000e50d600000] [id=17012]
  0x000002dfec0bc000 ConcurrentGCThread "G1 Refine#1" [stack: 0x000000e50d400000,0x000000e50d500000] [id=3108]
  0x000002dfec0bb000 ConcurrentGCThread "G1 Refine#2" [stack: 0x000000e50d300000,0x000000e50d400000] [id=30832]
  0x000002dfec46e000 ConcurrentGCThread "G1 Refine#3" [stack: 0x000000e50d200000,0x000000e50d300000] [id=20508]
  0x000002dfec46d000 ConcurrentGCThread "G1 Refine#4" [stack: 0x000000e50d100000,0x000000e50d200000] [id=32016]
  0x000002dfec46b800 ConcurrentGCThread "G1 Refine#5" [stack: 0x000000e50d000000,0x000000e50d100000] [id=27700]
  0x000002dfec466800 ConcurrentGCThread "G1 Refine#6" [stack: 0x000000e50cf00000,0x000000e50d000000] [id=17632]
  0x000002dfec183000 ConcurrentGCThread "G1 Refine#7" [stack: 0x000000e50ce00000,0x000000e50cf00000] [id=23740]
  0x000002dfec182800 ConcurrentGCThread "G1 Refine#8" [stack: 0x000000e50cd00000,0x000000e50ce00000] [id=19948]
  0x000002dfec17d800 ConcurrentGCThread "G1 Refine#9" [stack: 0x000000e50cc00000,0x000000e50cd00000] [id=33548]
  0x000002dfeac98000 ConcurrentGCThread "G1 Refine#10" [stack: 0x000000e50cb00000,0x000000e50cc00000] [id=19576]
  0x000002dfeac97800 ConcurrentGCThread "G1 Refine#11" [stack: 0x000000e50ca00000,0x000000e50cb00000] [id=20048]
  0x000002dfeac97000 ConcurrentGCThread "G1 Refine#12" [stack: 0x000000e50c900000,0x000000e50ca00000] [id=5544]
  0x000002dfebb8f800 ConcurrentGCThread "G1 Refine#13" [stack: 0x000000e50c800000,0x000000e50c900000] [id=34624]
  0x000002dfebb8c800 ConcurrentGCThread "G1 Refine#14" [stack: 0x000000e50c700000,0x000000e50c800000] [id=12632]
  0x000002dfec0be000 ConcurrentGCThread "G1 Young RemSet Sampling" [stack: 0x000000e50d600000,0x000000e50d700000] [id=20856]

Threads with active compile tasks:

VM state:not at safepoint (normal execution)

VM Mutex/Monitor currently owned by a thread: None

Heap address: 0x0000000700000000, size: 3072 MB, Compressed Oops mode: Zero based, Oop shift amount: 3
Narrow klass base: 0x0000000000000000, Narrow klass shift: 3
Compressed class space size: 1073741824 Address: 0x00000007c0000000

Heap:
 garbage-first heap   total 365568K, used 163883K [0x0000000700000000, 0x0000000700100b28, 0x00000007c0000000)
  region size 1024K, 39 young (39936K), 1 survivors (1024K)
 Metaspace       used 98816K, capacity 101039K, committed 107264K, reserved 1140736K
  class space    used 13355K, capacity 13822K, committed 15104K, reserved 1048576K
Heap Regions: E=young(eden), S=young(survivor), O=old, HS=humongous(starts), HC=humongous(continues), CS=collection set, F=free, A=archive, TS=gc time stamp, AC=allocation context, TAMS=top-at-mark-start (previous, next)
|   0|0x0000000700000000, 0x00000007000e6418, 0x0000000700100000| 89%| O|  |TS  0|AC  0|TAMS 0x0000000700000000, 0x0000000700000000|
|   1|0x0000000700100000, 0x00000007001ffd88, 0x0000000700200000| 99%| O|  |TS  0|AC  0|TAMS 0x0000000700100000, 0x0000000700100000|
|   2|0x0000000700200000, 0x00000007002fcf88, 0x0000000700300000| 98%| O|  |TS  0|AC  0|TAMS 0x0000000700200000, 0x0000000700200000|
|   3|0x0000000700300000, 0x00000007003cdc20, 0x0000000700400000| 80%| O|  |TS  0|AC  0|TAMS 0x0000000700300000, 0x0000000700300000|
|   4|0x0000000700400000, 0x0000000700500000, 0x0000000700500000|100%|HS|  |TS  0|AC  0|TAMS 0x0000000700400000, 0x0000000700400000|
|   5|0x0000000700500000, 0x0000000700600000, 0x0000000700600000|100%|HC|  |TS  0|AC  0|TAMS 0x0000000700500000, 0x0000000700500000|
|   6|0x0000000700600000, 0x0000000700700000, 0x0000000700700000|100%|HS|  |TS  0|AC  0|TAMS 0x0000000700600000, 0x0000000700600000|
|   7|0x0000000700700000, 0x00000007007f7e88, 0x0000000700800000| 96%| O|  |TS  0|AC  0|TAMS 0x0000000700700000, 0x0000000700700000|
|   8|0x0000000700800000, 0x00000007008f4e40, 0x0000000700900000| 95%| O|  |TS  0|AC  0|TAMS 0x0000000700800000, 0x0000000700800000|
|   9|0x0000000700900000, 0x00000007009ffff0, 0x0000000700a00000| 99%| O|  |TS  0|AC  0|TAMS 0x0000000700900000, 0x0000000700900000|
|  10|0x0000000700a00000, 0x0000000700affff0, 0x0000000700b00000| 99%| O|  |TS  0|AC  0|TAMS 0x0000000700a00000, 0x0000000700a00000|
|  11|0x0000000700b00000, 0x0000000700bfffd8, 0x0000000700c00000| 99%| O|  |TS  0|AC  0|TAMS 0x0000000700b00000, 0x0000000700b00000|
|  12|0x0000000700c00000, 0x0000000700cffff8, 0x0000000700d00000| 99%| O|  |TS  0|AC  0|TAMS 0x0000000700c00000, 0x0000000700c00000|
|  13|0x0000000700d00000, 0x0000000700dfe580, 0x0000000700e00000| 99%| O|  |TS  0|AC  0|TAMS 0x0000000700d00000, 0x0000000700d00000|
|  14|0x0000000700e00000, 0x0000000700efe5a0, 0x0000000700f00000| 99%| O|  |TS  0|AC  0|TAMS 0x0000000700e00000, 0x0000000700e00000|
|  15|0x0000000700f00000, 0x0000000700ffe5d8, 0x0000000701000000| 99%| O|  |TS  0|AC  0|TAMS 0x0000000700f00000, 0x0000000700f00000|
|  16|0x0000000701000000, 0x00000007010ffef0, 0x0000000701100000| 99%| O|  |TS  0|AC  0|TAMS 0x0000000701000000, 0x0000000701000000|
|  17|0x0000000701100000, 0x00000007011ffff0, 0x0000000701200000| 99%| O|  |TS  0|AC  0|TAMS 0x0000000701100000, 0x0000000701100000|
|  18|0x0000000701200000, 0x0000000701300000, 0x0000000701300000|100%| O|  |TS  0|AC  0|TAMS 0x0000000701200000, 0x0000000701200000|
|  19|0x0000000701300000, 0x00000007013fffc8, 0x0000000701400000| 99%| O|  |TS  0|AC  0|TAMS 0x0000000701300000, 0x0000000701300000|
|  20|0x0000000701400000, 0x00000007014fffe0, 0x0000000701500000| 99%| O|  |TS  0|AC  0|TAMS 0x0000000701400000, 0x0000000701400000|
|  21|0x0000000701500000, 0x00000007015fffe8, 0x0000000701600000| 99%| O|  |TS  0|AC  0|TAMS 0x0000000701500000, 0x0000000701500000|
|  22|0x0000000701600000, 0x00000007016ffff8, 0x0000000701700000| 99%| O|  |TS  0|AC  0|TAMS 0x0000000701600000, 0x0000000701600000|
|  23|0x0000000701700000, 0x00000007017ffff0, 0x0000000701800000| 99%| O|  |TS  0|AC  0|TAMS 0x0000000701700000, 0x0000000701700000|
|  24|0x0000000701800000, 0x0000000701900000, 0x0000000701900000|100%| O|  |TS  0|AC  0|TAMS 0x0000000701800000, 0x0000000701800000|
|  25|0x0000000701900000, 0x00000007019fffe8, 0x0000000701a00000| 99%| O|  |TS  0|AC  0|TAMS 0x0000000701900000, 0x0000000701900000|
|  26|0x0000000701a00000, 0x0000000701affcf8, 0x0000000701b00000| 99%| O|  |TS  0|AC  0|TAMS 0x0000000701a00000, 0x0000000701a00000|
|  27|0x0000000701b00000, 0x0000000701bffff8, 0x0000000701c00000| 99%| O|  |TS  0|AC  0|TAMS 0x0000000701b00000, 0x0000000701b00000|
|  28|0x0000000701c00000, 0x0000000701cfffe8, 0x0000000701d00000| 99%| O|  |TS  0|AC  0|TAMS 0x0000000701c00000, 0x0000000701c00000|
|  29|0x0000000701d00000, 0x0000000701dffff0, 0x0000000701e00000| 99%| O|  |TS  0|AC  0|TAMS 0x0000000701d00000, 0x0000000701d00000|
|  30|0x0000000701e00000, 0x0000000701f00000, 0x0000000701f00000|100%| O|  |TS  0|AC  0|TAMS 0x0000000701e00000, 0x0000000701e00000|
|  31|0x0000000701f00000, 0x0000000701ff2010, 0x0000000702000000| 94%| O|  |TS  0|AC  0|TAMS 0x0000000701f00000, 0x0000000701f00000|
|  32|0x0000000702000000, 0x0000000702100000, 0x0000000702100000|100%| O|  |TS  0|AC  0|TAMS 0x0000000702000000, 0x0000000702000000|
|  33|0x0000000702100000, 0x00000007021ffff0, 0x0000000702200000| 99%| O|  |TS  0|AC  0|TAMS 0x0000000702100000, 0x0000000702100000|
|  34|0x0000000702200000, 0x00000007022fdb18, 0x0000000702300000| 99%| O|  |TS  0|AC  0|TAMS 0x0000000702200000, 0x0000000702200000|
|  35|0x0000000702300000, 0x0000000702400000, 0x0000000702400000|100%| O|  |TS  0|AC  0|TAMS 0x0000000702300000, 0x0000000702300000|
|  36|0x0000000702400000, 0x00000007024fef10, 0x0000000702500000| 99%| O|  |TS  0|AC  0|TAMS 0x0000000702400000, 0x0000000702400000|
|  37|0x0000000702500000, 0x00000007025ffff0, 0x0000000702600000| 99%| O|  |TS  0|AC  0|TAMS 0x0000000702500000, 0x0000000702500000|
|  38|0x0000000702600000, 0x00000007026ff698, 0x0000000702700000| 99%| O|  |TS  0|AC  0|TAMS 0x0000000702600000, 0x0000000702600000|
|  39|0x0000000702700000, 0x00000007027ffff0, 0x0000000702800000| 99%| O|  |TS  0|AC  0|TAMS 0x0000000702700000, 0x0000000702700000|
|  40|0x0000000702800000, 0x00000007028ffff0, 0x0000000702900000| 99%| O|  |TS  0|AC  0|TAMS 0x0000000702800000, 0x0000000702800000|
|  41|0x0000000702900000, 0x00000007029ffff0, 0x0000000702a00000| 99%| O|  |TS  0|AC  0|TAMS 0x0000000702900000, 0x0000000702900000|
|  42|0x0000000702a00000, 0x0000000702b00000, 0x0000000702b00000|100%|HS|  |TS  0|AC  0|TAMS 0x0000000702a00000, 0x0000000702a00000|
|  43|0x0000000702b00000, 0x0000000702c00000, 0x0000000702c00000|100%|HC|  |TS  0|AC  0|TAMS 0x0000000702b00000, 0x0000000702b00000|
|  44|0x0000000702c00000, 0x0000000702d00000, 0x0000000702d00000|100%|HC|  |TS  0|AC  0|TAMS 0x0000000702c00000, 0x0000000702c00000|
|  45|0x0000000702d00000, 0x0000000702e00000, 0x0000000702e00000|100%|HC|  |TS  0|AC  0|TAMS 0x0000000702d00000, 0x0000000702d00000|
|  46|0x0000000702e00000, 0x0000000702f00000, 0x0000000702f00000|100%|HC|  |TS  0|AC  0|TAMS 0x0000000702e00000, 0x0000000702e00000|
|  47|0x0000000702f00000, 0x0000000703000000, 0x0000000703000000|100%|HC|  |TS  0|AC  0|TAMS 0x0000000702f00000, 0x0000000702f00000|
|  48|0x0000000703000000, 0x0000000703100000, 0x0000000703100000|100%|HC|  |TS  0|AC  0|TAMS 0x0000000703000000, 0x0000000703000000|
|  49|0x0000000703100000, 0x00000007031ffff8, 0x0000000703200000| 99%| O|  |TS  0|AC  0|TAMS 0x0000000703100000, 0x0000000703100000|
|  50|0x0000000703200000, 0x0000000703300000, 0x0000000703300000|100%| O|  |TS  0|AC  0|TAMS 0x0000000703200000, 0x0000000703200000|
|  51|0x0000000703300000, 0x00000007033ff590, 0x0000000703400000| 99%| O|  |TS  0|AC  0|TAMS 0x0000000703300000, 0x0000000703300000|
|  52|0x0000000703400000, 0x0000000703500000, 0x0000000703500000|100%| O|  |TS  0|AC  0|TAMS 0x0000000703400000, 0x0000000703400000|
|  53|0x0000000703500000, 0x00000007035fe128, 0x0000000703600000| 99%| O|  |TS  0|AC  0|TAMS 0x0000000703500000, 0x0000000703500000|
|  54|0x0000000703600000, 0x00000007036fffe8, 0x0000000703700000| 99%| O|  |TS  0|AC  0|TAMS 0x0000000703600000, 0x0000000703600000|
|  55|0x0000000703700000, 0x00000007037ffef0, 0x0000000703800000| 99%| O|  |TS  0|AC  0|TAMS 0x0000000703700000, 0x0000000703700000|
|  56|0x0000000703800000, 0x00000007038ffff8, 0x0000000703900000| 99%| O|  |TS  0|AC  0|TAMS 0x0000000703800000, 0x0000000703800000|
|  57|0x0000000703900000, 0x00000007039fff58, 0x0000000703a00000| 99%| O|  |TS  0|AC  0|TAMS 0x0000000703900000, 0x0000000703900000|
|  58|0x0000000703a00000, 0x0000000703afff10, 0x0000000703b00000| 99%| O|  |TS  0|AC  0|TAMS 0x0000000703a00000, 0x0000000703a00000|
|  59|0x0000000703b00000, 0x0000000703bffff8, 0x0000000703c00000| 99%| O|  |TS  0|AC  0|TAMS 0x0000000703b00000, 0x0000000703b00000|
|  60|0x0000000703c00000, 0x0000000703cfffa0, 0x0000000703d00000| 99%| O|  |TS  0|AC  0|TAMS 0x0000000703c00000, 0x0000000703c00000|
|  61|0x0000000703d00000, 0x0000000703e00000, 0x0000000703e00000|100%| O|  |TS  0|AC  0|TAMS 0x0000000703d00000, 0x0000000703d00000|
|  62|0x0000000703e00000, 0x0000000703f00000, 0x0000000703f00000|100%| O|  |TS  0|AC  0|TAMS 0x0000000703e00000, 0x0000000703e00000|
|  63|0x0000000703f00000, 0x0000000703fffff8, 0x0000000704000000| 99%| O|  |TS  0|AC  0|TAMS 0x0000000703f00000, 0x0000000703f00000|
|  64|0x0000000704000000, 0x00000007040ffff0, 0x0000000704100000| 99%| O|  |TS  0|AC  0|TAMS 0x0000000704000000, 0x0000000704000000|
|  65|0x0000000704100000, 0x0000000704200000, 0x0000000704200000|100%| O|  |TS  0|AC  0|TAMS 0x0000000704100000, 0x0000000704100000|
|  66|0x0000000704200000, 0x00000007042fff00, 0x0000000704300000| 99%| O|  |TS  0|AC  0|TAMS 0x0000000704200000, 0x0000000704200000|
|  67|0x0000000704300000, 0x00000007043ffff8, 0x0000000704400000| 99%| O|  |TS  0|AC  0|TAMS 0x0000000704300000, 0x0000000704300000|
|  68|0x0000000704400000, 0x00000007044fff98, 0x0000000704500000| 99%| O|  |TS  0|AC  0|TAMS 0x0000000704400000, 0x0000000704400000|
|  69|0x0000000704500000, 0x00000007045fffe8, 0x0000000704600000| 99%| O|  |TS  0|AC  0|TAMS 0x0000000704500000, 0x0000000704500000|
|  70|0x0000000704600000, 0x00000007046ffe50, 0x0000000704700000| 99%| O|  |TS  0|AC  0|TAMS 0x0000000704600000, 0x0000000704600000|
|  71|0x0000000704700000, 0x00000007047ffff0, 0x0000000704800000| 99%| O|  |TS  0|AC  0|TAMS 0x0000000704700000, 0x0000000704700000|
|  72|0x0000000704800000, 0x00000007048fffe0, 0x0000000704900000| 99%| O|  |TS  0|AC  0|TAMS 0x0000000704800000, 0x0000000704800000|
|  73|0x0000000704900000, 0x00000007049ff3b8, 0x0000000704a00000| 99%| O|  |TS  0|AC  0|TAMS 0x0000000704900000, 0x0000000704900000|
|  74|0x0000000704a00000, 0x0000000704afffe8, 0x0000000704b00000| 99%| O|  |TS  0|AC  0|TAMS 0x0000000704a00000, 0x0000000704a00000|
|  75|0x0000000704b00000, 0x0000000704bfff18, 0x0000000704c00000| 99%| O|  |TS  0|AC  0|TAMS 0x0000000704b00000, 0x0000000704b00000|
|  76|0x0000000704c00000, 0x0000000704cffff0, 0x0000000704d00000| 99%| O|  |TS  0|AC  0|TAMS 0x0000000704c00000, 0x0000000704c00000|
|  77|0x0000000704d00000, 0x0000000704e00000, 0x0000000704e00000|100%| O|  |TS  0|AC  0|TAMS 0x0000000704d00000, 0x0000000704d00000|
|  78|0x0000000704e00000, 0x0000000704f00000, 0x0000000704f00000|100%| O|  |TS  0|AC  0|TAMS 0x0000000704e00000, 0x0000000704e00000|
|  79|0x0000000704f00000, 0x0000000704fffff0, 0x0000000705000000| 99%| O|  |TS  0|AC  0|TAMS 0x0000000704f00000, 0x0000000704f00000|
|  80|0x0000000705000000, 0x00000007050fffe8, 0x0000000705100000| 99%| O|  |TS  0|AC  0|TAMS 0x0000000705000000, 0x0000000705000000|
|  81|0x0000000705100000, 0x00000007051ffff0, 0x0000000705200000| 99%| O|  |TS  0|AC  0|TAMS 0x0000000705100000, 0x0000000705100000|
|  82|0x0000000705200000, 0x00000007052fffe8, 0x0000000705300000| 99%| O|  |TS  0|AC  0|TAMS 0x0000000705200000, 0x0000000705200000|
|  83|0x0000000705300000, 0x00000007053fff08, 0x0000000705400000| 99%| O|  |TS  0|AC  0|TAMS 0x0000000705300000, 0x0000000705300000|
|  84|0x0000000705400000, 0x00000007054fffd8, 0x0000000705500000| 99%| O|  |TS  0|AC  0|TAMS 0x0000000705400000, 0x0000000705400000|
|  85|0x0000000705500000, 0x00000007055fffd0, 0x0000000705600000| 99%| O|  |TS  0|AC  0|TAMS 0x0000000705500000, 0x0000000705500000|
|  86|0x0000000705600000, 0x0000000705700000, 0x0000000705700000|100%| O|  |TS  0|AC  0|TAMS 0x0000000705600000, 0x0000000705600000|
|  87|0x0000000705700000, 0x00000007057ff900, 0x0000000705800000| 99%| O|  |TS  0|AC  0|TAMS 0x0000000705700000, 0x0000000705700000|
|  88|0x0000000705800000, 0x00000007058ffff8, 0x0000000705900000| 99%| O|  |TS  0|AC  0|TAMS 0x0000000705800000, 0x0000000705800000|
|  89|0x0000000705900000, 0x00000007059ffff8, 0x0000000705a00000| 99%| O|  |TS  0|AC  0|TAMS 0x0000000705900000, 0x0000000705900000|
|  90|0x0000000705a00000, 0x0000000705b00000, 0x0000000705b00000|100%| O|  |TS  0|AC  0|TAMS 0x0000000705a00000, 0x0000000705a00000|
|  91|0x0000000705b00000, 0x0000000705bfff88, 0x0000000705c00000| 99%| O|  |TS  0|AC  0|TAMS 0x0000000705b00000, 0x0000000705b00000|
|  92|0x0000000705c00000, 0x0000000705d00000, 0x0000000705d00000|100%|HS|  |TS  0|AC  0|TAMS 0x0000000705c00000, 0x0000000705c00000|
|  93|0x0000000705d00000, 0x0000000705dfffe8, 0x0000000705e00000| 99%| O|  |TS  0|AC  0|TAMS 0x0000000705d00000, 0x0000000705d00000|
|  94|0x0000000705e00000, 0x0000000705efffb8, 0x0000000705f00000| 99%| O|  |TS  0|AC  0|TAMS 0x0000000705e00000, 0x0000000705e00000|
|  95|0x0000000705f00000, 0x0000000705ffe518, 0x0000000706000000| 99%| O|  |TS  0|AC  0|TAMS 0x0000000705f00000, 0x0000000705f00000|
|  96|0x0000000706000000, 0x00000007060ffff8, 0x0000000706100000| 99%| O|  |TS  0|AC  0|TAMS 0x0000000706000000, 0x0000000706000000|
|  97|0x0000000706100000, 0x0000000706200000, 0x0000000706200000|100%| O|  |TS  0|AC  0|TAMS 0x0000000706100000, 0x0000000706100000|
|  98|0x0000000706200000, 0x00000007062fedd0, 0x0000000706300000| 99%| O|  |TS  0|AC  0|TAMS 0x0000000706200000, 0x0000000706200000|
|  99|0x0000000706300000, 0x0000000706400000, 0x0000000706400000|100%|HS|  |TS  0|AC  0|TAMS 0x0000000706300000, 0x0000000706300000|
| 100|0x0000000706400000, 0x00000007064fffd8, 0x0000000706500000| 99%| O|  |TS  0|AC  0|TAMS 0x0000000706400000, 0x0000000706400000|
| 101|0x0000000706500000, 0x00000007065fffc0, 0x0000000706600000| 99%| O|  |TS  0|AC  0|TAMS 0x0000000706500000, 0x0000000706500000|
| 102|0x0000000706600000, 0x0000000706700000, 0x0000000706700000|100%| O|  |TS  0|AC  0|TAMS 0x0000000706600000, 0x0000000706600000|
| 103|0x0000000706700000, 0x00000007067ffff0, 0x0000000706800000| 99%| O|  |TS  0|AC  0|TAMS 0x0000000706700000, 0x0000000706700000|
| 104|0x0000000706800000, 0x00000007068ffff0, 0x0000000706900000| 99%| O|  |TS  0|AC  0|TAMS 0x0000000706800000, 0x0000000706800000|
| 105|0x0000000706900000, 0x00000007069feed0, 0x0000000706a00000| 99%| O|  |TS  0|AC  0|TAMS 0x0000000706900000, 0x0000000706900000|
| 106|0x0000000706a00000, 0x0000000706afff00, 0x0000000706b00000| 99%| O|  |TS  0|AC  0|TAMS 0x0000000706a00000, 0x0000000706a00000|
| 107|0x0000000706b00000, 0x0000000706bffff8, 0x0000000706c00000| 99%| O|  |TS  0|AC  0|TAMS 0x0000000706b00000, 0x0000000706b00000|
| 108|0x0000000706c00000, 0x0000000706cfe520, 0x0000000706d00000| 99%| O|  |TS  0|AC  0|TAMS 0x0000000706c00000, 0x0000000706c00000|
| 109|0x0000000706d00000, 0x0000000706dffff8, 0x0000000706e00000| 99%| O|  |TS  0|AC  0|TAMS 0x0000000706d00000, 0x0000000706d00000|
| 110|0x0000000706e00000, 0x0000000706effe88, 0x0000000706f00000| 99%| O|  |TS  0|AC  0|TAMS 0x0000000706e00000, 0x0000000706e00000|
| 111|0x0000000706f00000, 0x0000000707000000, 0x0000000707000000|100%| O|  |TS  0|AC  0|TAMS 0x0000000706f00000, 0x0000000706f00000|
| 112|0x0000000707000000, 0x00000007070fe3c0, 0x0000000707100000| 99%| O|  |TS  0|AC  0|TAMS 0x0000000707000000, 0x0000000707000000|
| 113|0x0000000707100000, 0x0000000707200000, 0x0000000707200000|100%| O|  |TS  0|AC  0|TAMS 0x0000000707100000, 0x0000000707100000|
| 114|0x0000000707200000, 0x0000000707263b50, 0x0000000707300000| 38%| O|  |TS  0|AC  0|TAMS 0x0000000707200000, 0x0000000707200000|
| 115|0x0000000707300000, 0x0000000707400000, 0x0000000707400000|100%| O|  |TS 47|AC  0|TAMS 0x0000000707300000, 0x0000000707300000|
| 116|0x0000000707400000, 0x0000000707500000, 0x0000000707500000|100%| O|  |TS 47|AC  0|TAMS 0x0000000707400000, 0x0000000707400000|
| 117|0x0000000707500000, 0x0000000707600000, 0x0000000707600000|100%| O|  |TS 73|AC  0|TAMS 0x0000000707500000, 0x0000000707500000|
| 118|0x0000000707600000, 0x0000000707700000, 0x0000000707700000|100%| O|  |TS101|AC  0|TAMS 0x0000000707600000, 0x0000000707600000|
| 119|0x0000000707700000, 0x0000000707800000, 0x0000000707800000|100%| O|  |TS137|AC  0|TAMS 0x0000000707700000, 0x0000000707700000|
| 120|0x0000000707800000, 0x0000000707900000, 0x0000000707900000|100%| O|  |TS155|AC  0|TAMS 0x0000000707800000, 0x0000000707800000|
| 121|0x0000000707900000, 0x0000000707a00000, 0x0000000707a00000|100%|HS|  |TS  0|AC  0|TAMS 0x0000000707900000, 0x0000000707900000|
| 122|0x0000000707a00000, 0x0000000707b00000, 0x0000000707b00000|100%|HC|  |TS  0|AC  0|TAMS 0x0000000707a00000, 0x0000000707a00000|
| 123|0x0000000707b00000, 0x0000000707ba9a00, 0x0000000707c00000| 66%| O|  |TS189|AC  0|TAMS 0x0000000707b00000, 0x0000000707b00000|
| 124|0x0000000707c00000, 0x0000000707c00000, 0x0000000707d00000|  0%| F|  |TS  0|AC  0|TAMS 0x0000000707c00000, 0x0000000707c00000|
| 125|0x0000000707d00000, 0x0000000707d00000, 0x0000000707e00000|  0%| F|  |TS  0|AC  0|TAMS 0x0000000707d00000, 0x0000000707d00000|
| 126|0x0000000707e00000, 0x0000000707e00000, 0x0000000707f00000|  0%| F|  |TS  0|AC  0|TAMS 0x0000000707e00000, 0x0000000707e00000|
| 127|0x0000000707f00000, 0x0000000707f00000, 0x0000000708000000|  0%| F|  |TS  0|AC  0|TAMS 0x0000000707f00000, 0x0000000707f00000|
| 128|0x0000000708000000, 0x0000000708000000, 0x0000000708100000|  0%| F|  |TS  0|AC  0|TAMS 0x0000000708000000, 0x0000000708000000|
| 129|0x0000000708100000, 0x0000000708100000, 0x0000000708200000|  0%| F|  |TS  0|AC  0|TAMS 0x0000000708100000, 0x0000000708100000|
| 130|0x0000000708200000, 0x0000000708200000, 0x0000000708300000|  0%| F|  |TS  0|AC  0|TAMS 0x0000000708200000, 0x0000000708200000|
| 131|0x0000000708300000, 0x0000000708300000, 0x0000000708400000|  0%| F|  |TS  0|AC  0|TAMS 0x0000000708300000, 0x0000000708300000|
| 132|0x0000000708400000, 0x0000000708400000, 0x0000000708500000|  0%| F|  |TS  0|AC  0|TAMS 0x0000000708400000, 0x0000000708400000|
| 133|0x0000000708500000, 0x0000000708500000, 0x0000000708600000|  0%| F|  |TS  0|AC  0|TAMS 0x0000000708500000, 0x0000000708500000|
| 134|0x0000000708600000, 0x0000000708600000, 0x0000000708700000|  0%| F|  |TS  0|AC  0|TAMS 0x0000000708600000, 0x0000000708600000|
| 135|0x0000000708700000, 0x0000000708700000, 0x0000000708800000|  0%| F|  |TS  0|AC  0|TAMS 0x0000000708700000, 0x0000000708700000|
| 136|0x0000000708800000, 0x0000000708800000, 0x0000000708900000|  0%| F|  |TS  0|AC  0|TAMS 0x0000000708800000, 0x0000000708800000|
| 137|0x0000000708900000, 0x0000000708900000, 0x0000000708a00000|  0%| F|  |TS  0|AC  0|TAMS 0x0000000708900000, 0x0000000708900000|
| 138|0x0000000708a00000, 0x0000000708a00000, 0x0000000708b00000|  0%| F|  |TS  0|AC  0|TAMS 0x0000000708a00000, 0x0000000708a00000|
| 139|0x0000000708b00000, 0x0000000708b00000, 0x0000000708c00000|  0%| F|  |TS  0|AC  0|TAMS 0x0000000708b00000, 0x0000000708b00000|
| 140|0x0000000708c00000, 0x0000000708c00000, 0x0000000708d00000|  0%| F|  |TS  0|AC  0|TAMS 0x0000000708c00000, 0x0000000708c00000|
| 141|0x0000000708d00000, 0x0000000708d00000, 0x0000000708e00000|  0%| F|  |TS  0|AC  0|TAMS 0x0000000708d00000, 0x0000000708d00000|
| 142|0x0000000708e00000, 0x0000000708e00000, 0x0000000708f00000|  0%| F|  |TS  0|AC  0|TAMS 0x0000000708e00000, 0x0000000708e00000|
| 143|0x0000000708f00000, 0x0000000708f00000, 0x0000000709000000|  0%| F|  |TS  0|AC  0|TAMS 0x0000000708f00000, 0x0000000708f00000|
| 144|0x0000000709000000, 0x0000000709000000, 0x0000000709100000|  0%| F|  |TS  0|AC  0|TAMS 0x0000000709000000, 0x0000000709000000|
| 145|0x0000000709100000, 0x0000000709100000, 0x0000000709200000|  0%| F|  |TS  0|AC  0|TAMS 0x0000000709100000, 0x0000000709100000|
| 146|0x0000000709200000, 0x0000000709200000, 0x0000000709300000|  0%| F|  |TS  0|AC  0|TAMS 0x0000000709200000, 0x0000000709200000|
| 147|0x0000000709300000, 0x0000000709300000, 0x0000000709400000|  0%| F|  |TS  0|AC  0|TAMS 0x0000000709300000, 0x0000000709300000|
| 148|0x0000000709400000, 0x0000000709400000, 0x0000000709500000|  0%| F|  |TS  0|AC  0|TAMS 0x0000000709400000, 0x0000000709400000|
| 149|0x0000000709500000, 0x0000000709500000, 0x0000000709600000|  0%| F|  |TS  0|AC  0|TAMS 0x0000000709500000, 0x0000000709500000|
| 150|0x0000000709600000, 0x0000000709600000, 0x0000000709700000|  0%| F|  |TS  0|AC  0|TAMS 0x0000000709600000, 0x0000000709600000|
| 151|0x0000000709700000, 0x0000000709700000, 0x0000000709800000|  0%| F|  |TS  0|AC  0|TAMS 0x0000000709700000, 0x0000000709700000|
| 152|0x0000000709800000, 0x0000000709800000, 0x0000000709900000|  0%| F|  |TS  0|AC  0|TAMS 0x0000000709800000, 0x0000000709800000|
| 153|0x0000000709900000, 0x0000000709900000, 0x0000000709a00000|  0%| F|  |TS  0|AC  0|TAMS 0x0000000709900000, 0x0000000709900000|
| 154|0x0000000709a00000, 0x0000000709a00000, 0x0000000709b00000|  0%| F|  |TS  0|AC  0|TAMS 0x0000000709a00000, 0x0000000709a00000|
| 155|0x0000000709b00000, 0x0000000709b00000, 0x0000000709c00000|  0%| F|  |TS  0|AC  0|TAMS 0x0000000709b00000, 0x0000000709b00000|
| 156|0x0000000709c00000, 0x0000000709c00000, 0x0000000709d00000|  0%| F|  |TS  0|AC  0|TAMS 0x0000000709c00000, 0x0000000709c00000|
| 157|0x0000000709d00000, 0x0000000709d00000, 0x0000000709e00000|  0%| F|  |TS  0|AC  0|TAMS 0x0000000709d00000, 0x0000000709d00000|
| 158|0x0000000709e00000, 0x0000000709e00000, 0x0000000709f00000|  0%| F|  |TS  0|AC  0|TAMS 0x0000000709e00000, 0x0000000709e00000|
| 159|0x0000000709f00000, 0x0000000709f00000, 0x000000070a000000|  0%| F|  |TS  0|AC  0|TAMS 0x0000000709f00000, 0x0000000709f00000|
| 160|0x000000070a000000, 0x000000070a000000, 0x000000070a100000|  0%| F|  |TS  0|AC  0|TAMS 0x000000070a000000, 0x000000070a000000|
| 161|0x000000070a100000, 0x000000070a100000, 0x000000070a200000|  0%| F|  |TS  0|AC  0|TAMS 0x000000070a100000, 0x000000070a100000|
| 162|0x000000070a200000, 0x000000070a200000, 0x000000070a300000|  0%| F|  |TS  0|AC  0|TAMS 0x000000070a200000, 0x000000070a200000|
| 163|0x000000070a300000, 0x000000070a300000, 0x000000070a400000|  0%| F|  |TS  0|AC  0|TAMS 0x000000070a300000, 0x000000070a300000|
| 164|0x000000070a400000, 0x000000070a400000, 0x000000070a500000|  0%| F|  |TS  0|AC  0|TAMS 0x000000070a400000, 0x000000070a400000|
| 165|0x000000070a500000, 0x000000070a500000, 0x000000070a600000|  0%| F|  |TS  0|AC  0|TAMS 0x000000070a500000, 0x000000070a500000|
| 166|0x000000070a600000, 0x000000070a600000, 0x000000070a700000|  0%| F|  |TS  0|AC  0|TAMS 0x000000070a600000, 0x000000070a600000|
| 167|0x000000070a700000, 0x000000070a700000, 0x000000070a800000|  0%| F|  |TS  0|AC  0|TAMS 0x000000070a700000, 0x000000070a700000|
| 168|0x000000070a800000, 0x000000070a800000, 0x000000070a900000|  0%| F|  |TS  0|AC  0|TAMS 0x000000070a800000, 0x000000070a800000|
| 169|0x000000070a900000, 0x000000070a900000, 0x000000070aa00000|  0%| F|  |TS  0|AC  0|TAMS 0x000000070a900000, 0x000000070a900000|
| 170|0x000000070aa00000, 0x000000070aa00000, 0x000000070ab00000|  0%| F|  |TS  0|AC  0|TAMS 0x000000070aa00000, 0x000000070aa00000|
| 171|0x000000070ab00000, 0x000000070ab00000, 0x000000070ac00000|  0%| F|  |TS  0|AC  0|TAMS 0x000000070ab00000, 0x000000070ab00000|
| 172|0x000000070ac00000, 0x000000070ac00000, 0x000000070ad00000|  0%| F|  |TS  0|AC  0|TAMS 0x000000070ac00000, 0x000000070ac00000|
| 173|0x000000070ad00000, 0x000000070ad00000, 0x000000070ae00000|  0%| F|  |TS  0|AC  0|TAMS 0x000000070ad00000, 0x000000070ad00000|
| 174|0x000000070ae00000, 0x000000070ae00000, 0x000000070af00000|  0%| F|  |TS  0|AC  0|TAMS 0x000000070ae00000, 0x000000070ae00000|
| 175|0x000000070af00000, 0x000000070af00000, 0x000000070b000000|  0%| F|  |TS  0|AC  0|TAMS 0x000000070af00000, 0x000000070af00000|
| 176|0x000000070b000000, 0x000000070b000000, 0x000000070b100000|  0%| F|  |TS  0|AC  0|TAMS 0x000000070b000000, 0x000000070b000000|
| 177|0x000000070b100000, 0x000000070b100000, 0x000000070b200000|  0%| F|  |TS  0|AC  0|TAMS 0x000000070b100000, 0x000000070b100000|
| 178|0x000000070b200000, 0x000000070b200000, 0x000000070b300000|  0%| F|  |TS  0|AC  0|TAMS 0x000000070b200000, 0x000000070b200000|
| 179|0x000000070b300000, 0x000000070b300000, 0x000000070b400000|  0%| F|  |TS  0|AC  0|TAMS 0x000000070b300000, 0x000000070b300000|
| 180|0x000000070b400000, 0x000000070b400000, 0x000000070b500000|  0%| F|  |TS  0|AC  0|TAMS 0x000000070b400000, 0x000000070b400000|
| 181|0x000000070b500000, 0x000000070b500000, 0x000000070b600000|  0%| F|  |TS  0|AC  0|TAMS 0x000000070b500000, 0x000000070b500000|
| 182|0x000000070b600000, 0x000000070b600000, 0x000000070b700000|  0%| F|  |TS  0|AC  0|TAMS 0x000000070b600000, 0x000000070b600000|
| 183|0x000000070b700000, 0x000000070b700000, 0x000000070b800000|  0%| F|  |TS  0|AC  0|TAMS 0x000000070b700000, 0x000000070b700000|
| 184|0x000000070b800000, 0x000000070b800000, 0x000000070b900000|  0%| F|  |TS  0|AC  0|TAMS 0x000000070b800000, 0x000000070b800000|
| 185|0x000000070b900000, 0x000000070b900000, 0x000000070ba00000|  0%| F|  |TS  0|AC  0|TAMS 0x000000070b900000, 0x000000070b900000|
| 186|0x000000070ba00000, 0x000000070ba00000, 0x000000070bb00000|  0%| F|  |TS  0|AC  0|TAMS 0x000000070ba00000, 0x000000070ba00000|
| 187|0x000000070bb00000, 0x000000070bb00000, 0x000000070bc00000|  0%| F|  |TS  0|AC  0|TAMS 0x000000070bb00000, 0x000000070bb00000|
| 188|0x000000070bc00000, 0x000000070bc00000, 0x000000070bd00000|  0%| F|  |TS  0|AC  0|TAMS 0x000000070bc00000, 0x000000070bc00000|
| 189|0x000000070bd00000, 0x000000070bd00000, 0x000000070be00000|  0%| F|  |TS  0|AC  0|TAMS 0x000000070bd00000, 0x000000070bd00000|
| 190|0x000000070be00000, 0x000000070be00000, 0x000000070bf00000|  0%| F|  |TS  0|AC  0|TAMS 0x000000070be00000, 0x000000070be00000|
| 191|0x000000070bf00000, 0x000000070bf00000, 0x000000070c000000|  0%| F|  |TS  0|AC  0|TAMS 0x000000070bf00000, 0x000000070bf00000|
| 192|0x000000070c000000, 0x000000070c000000, 0x000000070c100000|  0%| F|  |TS  0|AC  0|TAMS 0x000000070c000000, 0x000000070c000000|
| 193|0x000000070c100000, 0x000000070c100000, 0x000000070c200000|  0%| F|  |TS  0|AC  0|TAMS 0x000000070c100000, 0x000000070c100000|
| 194|0x000000070c200000, 0x000000070c200000, 0x000000070c300000|  0%| F|  |TS  0|AC  0|TAMS 0x000000070c200000, 0x000000070c200000|
| 195|0x000000070c300000, 0x000000070c300000, 0x000000070c400000|  0%| F|  |TS  0|AC  0|TAMS 0x000000070c300000, 0x000000070c300000|
| 196|0x000000070c400000, 0x000000070c400000, 0x000000070c500000|  0%| F|  |TS  0|AC  0|TAMS 0x000000070c400000, 0x000000070c400000|
| 197|0x000000070c500000, 0x000000070c500000, 0x000000070c600000|  0%| F|  |TS  0|AC  0|TAMS 0x000000070c500000, 0x000000070c500000|
| 198|0x000000070c600000, 0x000000070c600000, 0x000000070c700000|  0%| F|  |TS  0|AC  0|TAMS 0x000000070c600000, 0x000000070c600000|
| 199|0x000000070c700000, 0x000000070c700000, 0x000000070c800000|  0%| F|  |TS  0|AC  0|TAMS 0x000000070c700000, 0x000000070c700000|
| 200|0x000000070c800000, 0x000000070c800000, 0x000000070c900000|  0%| F|  |TS  0|AC  0|TAMS 0x000000070c800000, 0x000000070c800000|
| 201|0x000000070c900000, 0x000000070c900000, 0x000000070ca00000|  0%| F|  |TS  0|AC  0|TAMS 0x000000070c900000, 0x000000070c900000|
| 202|0x000000070ca00000, 0x000000070ca00000, 0x000000070cb00000|  0%| F|  |TS  0|AC  0|TAMS 0x000000070ca00000, 0x000000070ca00000|
| 203|0x000000070cb00000, 0x000000070cb00000, 0x000000070cc00000|  0%| F|  |TS  0|AC  0|TAMS 0x000000070cb00000, 0x000000070cb00000|
| 204|0x000000070cc00000, 0x000000070cc00000, 0x000000070cd00000|  0%| F|  |TS  0|AC  0|TAMS 0x000000070cc00000, 0x000000070cc00000|
| 205|0x000000070cd00000, 0x000000070cd00000, 0x000000070ce00000|  0%| F|  |TS  0|AC  0|TAMS 0x000000070cd00000, 0x000000070cd00000|
| 206|0x000000070ce00000, 0x000000070ce00000, 0x000000070cf00000|  0%| F|  |TS  0|AC  0|TAMS 0x000000070ce00000, 0x000000070ce00000|
| 207|0x000000070cf00000, 0x000000070cf00000, 0x000000070d000000|  0%| F|  |TS  0|AC  0|TAMS 0x000000070cf00000, 0x000000070cf00000|
| 208|0x000000070d000000, 0x000000070d000000, 0x000000070d100000|  0%| F|  |TS  0|AC  0|TAMS 0x000000070d000000, 0x000000070d000000|
| 209|0x000000070d100000, 0x000000070d100000, 0x000000070d200000|  0%| F|  |TS  0|AC  0|TAMS 0x000000070d100000, 0x000000070d100000|
| 210|0x000000070d200000, 0x000000070d200000, 0x000000070d300000|  0%| F|  |TS  0|AC  0|TAMS 0x000000070d200000, 0x000000070d200000|
| 211|0x000000070d300000, 0x000000070d300000, 0x000000070d400000|  0%| F|  |TS  0|AC  0|TAMS 0x000000070d300000, 0x000000070d300000|
| 212|0x000000070d400000, 0x000000070d400000, 0x000000070d500000|  0%| F|  |TS  0|AC  0|TAMS 0x000000070d400000, 0x000000070d400000|
| 213|0x000000070d500000, 0x000000070d500000, 0x000000070d600000|  0%| F|  |TS  0|AC  0|TAMS 0x000000070d500000, 0x000000070d500000|
| 214|0x000000070d600000, 0x000000070d600000, 0x000000070d700000|  0%| F|  |TS  0|AC  0|TAMS 0x000000070d600000, 0x000000070d600000|
| 215|0x000000070d700000, 0x000000070d700000, 0x000000070d800000|  0%| F|  |TS  0|AC  0|TAMS 0x000000070d700000, 0x000000070d700000|
| 216|0x000000070d800000, 0x000000070d800000, 0x000000070d900000|  0%| F|  |TS  0|AC  0|TAMS 0x000000070d800000, 0x000000070d800000|
| 217|0x000000070d900000, 0x000000070d900000, 0x000000070da00000|  0%| F|  |TS  0|AC  0|TAMS 0x000000070d900000, 0x000000070d900000|
| 218|0x000000070da00000, 0x000000070da00000, 0x000000070db00000|  0%| F|  |TS  0|AC  0|TAMS 0x000000070da00000, 0x000000070da00000|
| 219|0x000000070db00000, 0x000000070db00000, 0x000000070dc00000|  0%| F|  |TS  0|AC  0|TAMS 0x000000070db00000, 0x000000070db00000|
| 220|0x000000070dc00000, 0x000000070dc00000, 0x000000070dd00000|  0%| F|  |TS  0|AC  0|TAMS 0x000000070dc00000, 0x000000070dc00000|
| 221|0x000000070dd00000, 0x000000070dd00000, 0x000000070de00000|  0%| F|  |TS  0|AC  0|TAMS 0x000000070dd00000, 0x000000070dd00000|
| 222|0x000000070de00000, 0x000000070de00000, 0x000000070df00000|  0%| F|  |TS  0|AC  0|TAMS 0x000000070de00000, 0x000000070de00000|
| 223|0x000000070df00000, 0x000000070df00000, 0x000000070e000000|  0%| F|  |TS  0|AC  0|TAMS 0x000000070df00000, 0x000000070df00000|
| 224|0x000000070e000000, 0x000000070e000000, 0x000000070e100000|  0%| F|  |TS  0|AC  0|TAMS 0x000000070e000000, 0x000000070e000000|
| 225|0x000000070e100000, 0x000000070e100000, 0x000000070e200000|  0%| F|  |TS  0|AC  0|TAMS 0x000000070e100000, 0x000000070e100000|
| 226|0x000000070e200000, 0x000000070e200000, 0x000000070e300000|  0%| F|  |TS  0|AC  0|TAMS 0x000000070e200000, 0x000000070e200000|
| 227|0x000000070e300000, 0x000000070e300000, 0x000000070e400000|  0%| F|  |TS  0|AC  0|TAMS 0x000000070e300000, 0x000000070e300000|
| 228|0x000000070e400000, 0x000000070e400000, 0x000000070e500000|  0%| F|  |TS  0|AC  0|TAMS 0x000000070e400000, 0x000000070e400000|
| 229|0x000000070e500000, 0x000000070e500000, 0x000000070e600000|  0%| F|  |TS  0|AC  0|TAMS 0x000000070e500000, 0x000000070e500000|
| 230|0x000000070e600000, 0x000000070e600000, 0x000000070e700000|  0%| F|  |TS  0|AC  0|TAMS 0x000000070e600000, 0x000000070e600000|
| 231|0x000000070e700000, 0x000000070e700000, 0x000000070e800000|  0%| F|  |TS  0|AC  0|TAMS 0x000000070e700000, 0x000000070e700000|
| 232|0x000000070e800000, 0x000000070e800000, 0x000000070e900000|  0%| F|  |TS  0|AC  0|TAMS 0x000000070e800000, 0x000000070e800000|
| 233|0x000000070e900000, 0x000000070e900000, 0x000000070ea00000|  0%| F|  |TS  0|AC  0|TAMS 0x000000070e900000, 0x000000070e900000|
| 234|0x000000070ea00000, 0x000000070ea00000, 0x000000070eb00000|  0%| F|  |TS  0|AC  0|TAMS 0x000000070ea00000, 0x000000070ea00000|
| 235|0x000000070eb00000, 0x000000070eb00000, 0x000000070ec00000|  0%| F|  |TS  0|AC  0|TAMS 0x000000070eb00000, 0x000000070eb00000|
| 236|0x000000070ec00000, 0x000000070ec00000, 0x000000070ed00000|  0%| F|  |TS  0|AC  0|TAMS 0x000000070ec00000, 0x000000070ec00000|
| 237|0x000000070ed00000, 0x000000070ed00000, 0x000000070ee00000|  0%| F|  |TS  0|AC  0|TAMS 0x000000070ed00000, 0x000000070ed00000|
| 238|0x000000070ee00000, 0x000000070ee00000, 0x000000070ef00000|  0%| F|  |TS  0|AC  0|TAMS 0x000000070ee00000, 0x000000070ee00000|
| 239|0x000000070ef00000, 0x000000070ef00000, 0x000000070f000000|  0%| F|  |TS  0|AC  0|TAMS 0x000000070ef00000, 0x000000070ef00000|
| 240|0x000000070f000000, 0x000000070f000000, 0x000000070f100000|  0%| F|  |TS  0|AC  0|TAMS 0x000000070f000000, 0x000000070f000000|
| 241|0x000000070f100000, 0x000000070f100000, 0x000000070f200000|  0%| F|  |TS  0|AC  0|TAMS 0x000000070f100000, 0x000000070f100000|
| 242|0x000000070f200000, 0x000000070f200000, 0x000000070f300000|  0%| F|  |TS  0|AC  0|TAMS 0x000000070f200000, 0x000000070f200000|
| 243|0x000000070f300000, 0x000000070f300000, 0x000000070f400000|  0%| F|  |TS  0|AC  0|TAMS 0x000000070f300000, 0x000000070f300000|
| 244|0x000000070f400000, 0x000000070f400000, 0x000000070f500000|  0%| F|  |TS  0|AC  0|TAMS 0x000000070f400000, 0x000000070f400000|
| 245|0x000000070f500000, 0x000000070f500000, 0x000000070f600000|  0%| F|  |TS  0|AC  0|TAMS 0x000000070f500000, 0x000000070f500000|
| 246|0x000000070f600000, 0x000000070f600000, 0x000000070f700000|  0%| F|  |TS  0|AC  0|TAMS 0x000000070f600000, 0x000000070f600000|
| 247|0x000000070f700000, 0x000000070f700000, 0x000000070f800000|  0%| F|  |TS  0|AC  0|TAMS 0x000000070f700000, 0x000000070f700000|
| 248|0x000000070f800000, 0x000000070f800000, 0x000000070f900000|  0%| F|  |TS  0|AC  0|TAMS 0x000000070f800000, 0x000000070f800000|
| 249|0x000000070f900000, 0x000000070f900000, 0x000000070fa00000|  0%| F|  |TS  0|AC  0|TAMS 0x000000070f900000, 0x000000070f900000|
| 250|0x000000070fa00000, 0x000000070fa00000, 0x000000070fb00000|  0%| F|  |TS  0|AC  0|TAMS 0x000000070fa00000, 0x000000070fa00000|
| 251|0x000000070fb00000, 0x000000070fb00000, 0x000000070fc00000|  0%| F|  |TS  0|AC  0|TAMS 0x000000070fb00000, 0x000000070fb00000|
| 252|0x000000070fc00000, 0x000000070fc00000, 0x000000070fd00000|  0%| F|  |TS  0|AC  0|TAMS 0x000000070fc00000, 0x000000070fc00000|
| 253|0x000000070fd00000, 0x000000070fd00000, 0x000000070fe00000|  0%| F|  |TS  0|AC  0|TAMS 0x000000070fd00000, 0x000000070fd00000|
| 254|0x000000070fe00000, 0x000000070fe00000, 0x000000070ff00000|  0%| F|  |TS  0|AC  0|TAMS 0x000000070fe00000, 0x000000070fe00000|
| 255|0x000000070ff00000, 0x000000070ff00000, 0x0000000710000000|  0%| F|  |TS  0|AC  0|TAMS 0x000000070ff00000, 0x000000070ff00000|
| 256|0x0000000710000000, 0x0000000710000000, 0x0000000710100000|  0%| F|  |TS  0|AC  0|TAMS 0x0000000710000000, 0x0000000710000000|
| 257|0x0000000710100000, 0x0000000710100000, 0x0000000710200000|  0%| F|  |TS  0|AC  0|TAMS 0x0000000710100000, 0x0000000710100000|
| 258|0x0000000710200000, 0x0000000710200000, 0x0000000710300000|  0%| F|  |TS  0|AC  0|TAMS 0x0000000710200000, 0x0000000710200000|
| 259|0x0000000710300000, 0x0000000710300000, 0x0000000710400000|  0%| F|  |TS  0|AC  0|TAMS 0x0000000710300000, 0x0000000710300000|
| 260|0x0000000710400000, 0x0000000710400000, 0x0000000710500000|  0%| F|  |TS  0|AC  0|TAMS 0x0000000710400000, 0x0000000710400000|
| 261|0x0000000710500000, 0x0000000710500000, 0x0000000710600000|  0%| F|  |TS  0|AC  0|TAMS 0x0000000710500000, 0x0000000710500000|
| 262|0x0000000710600000, 0x0000000710600000, 0x0000000710700000|  0%| F|  |TS  0|AC  0|TAMS 0x0000000710600000, 0x0000000710600000|
| 263|0x0000000710700000, 0x0000000710700000, 0x0000000710800000|  0%| F|  |TS  0|AC  0|TAMS 0x0000000710700000, 0x0000000710700000|
| 264|0x0000000710800000, 0x0000000710800000, 0x0000000710900000|  0%| F|  |TS  0|AC  0|TAMS 0x0000000710800000, 0x0000000710800000|
| 265|0x0000000710900000, 0x0000000710900000, 0x0000000710a00000|  0%| F|  |TS  0|AC  0|TAMS 0x0000000710900000, 0x0000000710900000|
| 266|0x0000000710a00000, 0x0000000710a00000, 0x0000000710b00000|  0%| F|  |TS  0|AC  0|TAMS 0x0000000710a00000, 0x0000000710a00000|
| 267|0x0000000710b00000, 0x0000000710b00000, 0x0000000710c00000|  0%| F|  |TS  0|AC  0|TAMS 0x0000000710b00000, 0x0000000710b00000|
| 268|0x0000000710c00000, 0x0000000710c00000, 0x0000000710d00000|  0%| F|  |TS  0|AC  0|TAMS 0x0000000710c00000, 0x0000000710c00000|
| 269|0x0000000710d00000, 0x0000000710d00000, 0x0000000710e00000|  0%| F|  |TS  0|AC  0|TAMS 0x0000000710d00000, 0x0000000710d00000|
| 270|0x0000000710e00000, 0x0000000710e00000, 0x0000000710f00000|  0%| F|  |TS  0|AC  0|TAMS 0x0000000710e00000, 0x0000000710e00000|
| 271|0x0000000710f00000, 0x0000000710f00000, 0x0000000711000000|  0%| F|  |TS  0|AC  0|TAMS 0x0000000710f00000, 0x0000000710f00000|
| 272|0x0000000711000000, 0x0000000711000000, 0x0000000711100000|  0%| F|  |TS  0|AC  0|TAMS 0x0000000711000000, 0x0000000711000000|
| 273|0x0000000711100000, 0x0000000711100000, 0x0000000711200000|  0%| F|  |TS  0|AC  0|TAMS 0x0000000711100000, 0x0000000711100000|
| 274|0x0000000711200000, 0x0000000711200000, 0x0000000711300000|  0%| F|  |TS  0|AC  0|TAMS 0x0000000711200000, 0x0000000711200000|
| 275|0x0000000711300000, 0x0000000711300000, 0x0000000711400000|  0%| F|  |TS  0|AC  0|TAMS 0x0000000711300000, 0x0000000711300000|
| 276|0x0000000711400000, 0x0000000711400000, 0x0000000711500000|  0%| F|  |TS  0|AC  0|TAMS 0x0000000711400000, 0x0000000711400000|
| 277|0x0000000711500000, 0x0000000711500000, 0x0000000711600000|  0%| F|  |TS  0|AC  0|TAMS 0x0000000711500000, 0x0000000711500000|
| 278|0x0000000711600000, 0x0000000711600000, 0x0000000711700000|  0%| F|  |TS  0|AC  0|TAMS 0x0000000711600000, 0x0000000711600000|
| 279|0x0000000711700000, 0x0000000711700000, 0x0000000711800000|  0%| F|  |TS  0|AC  0|TAMS 0x0000000711700000, 0x0000000711700000|
| 280|0x0000000711800000, 0x0000000711800000, 0x0000000711900000|  0%| F|  |TS  0|AC  0|TAMS 0x0000000711800000, 0x0000000711800000|
| 281|0x0000000711900000, 0x0000000711900000, 0x0000000711a00000|  0%| F|  |TS  0|AC  0|TAMS 0x0000000711900000, 0x0000000711900000|
| 282|0x0000000711a00000, 0x0000000711a00000, 0x0000000711b00000|  0%| F|  |TS  0|AC  0|TAMS 0x0000000711a00000, 0x0000000711a00000|
| 283|0x0000000711b00000, 0x0000000711b00000, 0x0000000711c00000|  0%| F|  |TS  0|AC  0|TAMS 0x0000000711b00000, 0x0000000711b00000|
| 284|0x0000000711c00000, 0x0000000711c00000, 0x0000000711d00000|  0%| F|  |TS  0|AC  0|TAMS 0x0000000711c00000, 0x0000000711c00000|
| 285|0x0000000711d00000, 0x0000000711d00000, 0x0000000711e00000|  0%| F|  |TS  0|AC  0|TAMS 0x0000000711d00000, 0x0000000711d00000|
| 286|0x0000000711e00000, 0x0000000711e00000, 0x0000000711f00000|  0%| F|  |TS  0|AC  0|TAMS 0x0000000711e00000, 0x0000000711e00000|
| 287|0x0000000711f00000, 0x0000000711f00000, 0x0000000712000000|  0%| F|  |TS  0|AC  0|TAMS 0x0000000711f00000, 0x0000000711f00000|
| 288|0x0000000712000000, 0x0000000712000000, 0x0000000712100000|  0%| F|  |TS  0|AC  0|TAMS 0x0000000712000000, 0x0000000712000000|
| 289|0x0000000712100000, 0x0000000712100000, 0x0000000712200000|  0%| F|  |TS  0|AC  0|TAMS 0x0000000712100000, 0x0000000712100000|
| 290|0x0000000712200000, 0x0000000712200000, 0x0000000712300000|  0%| F|  |TS  0|AC  0|TAMS 0x0000000712200000, 0x0000000712200000|
| 291|0x0000000712300000, 0x0000000712300000, 0x0000000712400000|  0%| F|  |TS  0|AC  0|TAMS 0x0000000712300000, 0x0000000712300000|
| 292|0x0000000712400000, 0x0000000712400000, 0x0000000712500000|  0%| F|  |TS 39|AC  0|TAMS 0x0000000712400000, 0x0000000712400000|
| 293|0x0000000712500000, 0x0000000712500000, 0x0000000712600000|  0%| F|  |TS 47|AC  0|TAMS 0x0000000712500000, 0x0000000712500000|
| 294|0x0000000712600000, 0x0000000712600000, 0x0000000712700000|  0%| F|  |TS101|AC  0|TAMS 0x0000000712600000, 0x0000000712600000|
| 295|0x0000000712700000, 0x0000000712700000, 0x0000000712800000|  0%| F|  |TS145|AC  0|TAMS 0x0000000712700000, 0x0000000712700000|
| 296|0x0000000712800000, 0x0000000712882ff0, 0x0000000712900000| 51%| S|CS|TS189|AC  0|TAMS 0x0000000712800000, 0x0000000712800000|
| 297|0x0000000712900000, 0x0000000712900000, 0x0000000712a00000|  0%| F|  |TS189|AC  0|TAMS 0x0000000712900000, 0x0000000712900000|
| 298|0x0000000712a00000, 0x0000000712a00000, 0x0000000712b00000|  0%| F|  |TS189|AC  0|TAMS 0x0000000712a00000, 0x0000000712a00000|
| 299|0x0000000712b00000, 0x0000000712b00000, 0x0000000712c00000|  0%| F|  |TS189|AC  0|TAMS 0x0000000712b00000, 0x0000000712b00000|
| 300|0x0000000712c00000, 0x0000000712c00000, 0x0000000712d00000|  0%| F|  |TS189|AC  0|TAMS 0x0000000712c00000, 0x0000000712c00000|
| 301|0x0000000712d00000, 0x0000000712d00000, 0x0000000712e00000|  0%| F|  |TS189|AC  0|TAMS 0x0000000712d00000, 0x0000000712d00000|
| 302|0x0000000712e00000, 0x0000000712e00000, 0x0000000712f00000|  0%| F|  |TS189|AC  0|TAMS 0x0000000712e00000, 0x0000000712e00000|
| 303|0x0000000712f00000, 0x0000000712f00000, 0x0000000713000000|  0%| F|  |TS189|AC  0|TAMS 0x0000000712f00000, 0x0000000712f00000|
| 304|0x0000000713000000, 0x0000000713000000, 0x0000000713100000|  0%| F|  |TS189|AC  0|TAMS 0x0000000713000000, 0x0000000713000000|
| 305|0x0000000713100000, 0x0000000713100000, 0x0000000713200000|  0%| F|  |TS189|AC  0|TAMS 0x0000000713100000, 0x0000000713100000|
| 306|0x0000000713200000, 0x0000000713200000, 0x0000000713300000|  0%| F|  |TS189|AC  0|TAMS 0x0000000713200000, 0x0000000713200000|
| 307|0x0000000713300000, 0x0000000713300000, 0x0000000713400000|  0%| F|  |TS189|AC  0|TAMS 0x0000000713300000, 0x0000000713300000|
| 308|0x0000000713400000, 0x0000000713400000, 0x0000000713500000|  0%| F|  |TS189|AC  0|TAMS 0x0000000713400000, 0x0000000713400000|
| 309|0x0000000713500000, 0x0000000713500000, 0x0000000713600000|  0%| F|  |TS189|AC  0|TAMS 0x0000000713500000, 0x0000000713500000|
| 310|0x0000000713600000, 0x0000000713600000, 0x0000000713700000|  0%| F|  |TS189|AC  0|TAMS 0x0000000713600000, 0x0000000713600000|
| 311|0x0000000713700000, 0x0000000713700000, 0x0000000713800000|  0%| F|  |TS189|AC  0|TAMS 0x0000000713700000, 0x0000000713700000|
| 312|0x0000000713800000, 0x0000000713800000, 0x0000000713900000|  0%| F|  |TS189|AC  0|TAMS 0x0000000713800000, 0x0000000713800000|
| 313|0x0000000713900000, 0x0000000713900000, 0x0000000713a00000|  0%| F|  |TS189|AC  0|TAMS 0x0000000713900000, 0x0000000713900000|
| 314|0x0000000713a00000, 0x0000000713a00000, 0x0000000713b00000|  0%| F|  |TS189|AC  0|TAMS 0x0000000713a00000, 0x0000000713a00000|
| 315|0x0000000713b00000, 0x0000000713b00000, 0x0000000713c00000|  0%| F|  |TS189|AC  0|TAMS 0x0000000713b00000, 0x0000000713b00000|
| 316|0x0000000713c00000, 0x0000000713c00000, 0x0000000713d00000|  0%| F|  |TS189|AC  0|TAMS 0x0000000713c00000, 0x0000000713c00000|
| 317|0x0000000713d00000, 0x0000000713d00000, 0x0000000713e00000|  0%| F|  |TS189|AC  0|TAMS 0x0000000713d00000, 0x0000000713d00000|
| 318|0x0000000713e00000, 0x0000000713e00000, 0x0000000713f00000|  0%| F|  |TS189|AC  0|TAMS 0x0000000713e00000, 0x0000000713e00000|
| 319|0x0000000713f00000, 0x0000000713f53b90, 0x0000000714000000| 32%| E|  |TS189|AC  0|TAMS 0x0000000713f00000, 0x0000000713f00000|
| 320|0x0000000714000000, 0x0000000714100000, 0x0000000714100000|100%| E|CS|TS189|AC  0|TAMS 0x0000000714000000, 0x0000000714000000|
| 321|0x0000000714100000, 0x0000000714200000, 0x0000000714200000|100%| E|CS|TS189|AC  0|TAMS 0x0000000714100000, 0x0000000714100000|
| 322|0x0000000714200000, 0x0000000714300000, 0x0000000714300000|100%| E|CS|TS189|AC  0|TAMS 0x0000000714200000, 0x0000000714200000|
| 323|0x0000000714300000, 0x0000000714400000, 0x0000000714400000|100%| E|CS|TS189|AC  0|TAMS 0x0000000714300000, 0x0000000714300000|
| 324|0x0000000714400000, 0x0000000714500000, 0x0000000714500000|100%| E|CS|TS189|AC  0|TAMS 0x0000000714400000, 0x0000000714400000|
| 325|0x0000000714500000, 0x0000000714600000, 0x0000000714600000|100%| E|CS|TS189|AC  0|TAMS 0x0000000714500000, 0x0000000714500000|
| 326|0x0000000714600000, 0x0000000714700000, 0x0000000714700000|100%| E|CS|TS189|AC  0|TAMS 0x0000000714600000, 0x0000000714600000|
| 327|0x0000000714700000, 0x0000000714800000, 0x0000000714800000|100%| E|CS|TS189|AC  0|TAMS 0x0000000714700000, 0x0000000714700000|
| 328|0x0000000714800000, 0x0000000714900000, 0x0000000714900000|100%| E|CS|TS189|AC  0|TAMS 0x0000000714800000, 0x0000000714800000|
| 329|0x0000000714900000, 0x0000000714a00000, 0x0000000714a00000|100%| E|CS|TS189|AC  0|TAMS 0x0000000714900000, 0x0000000714900000|
| 330|0x0000000714a00000, 0x0000000714b00000, 0x0000000714b00000|100%| E|CS|TS189|AC  0|TAMS 0x0000000714a00000, 0x0000000714a00000|
| 331|0x0000000714b00000, 0x0000000714c00000, 0x0000000714c00000|100%| E|CS|TS189|AC  0|TAMS 0x0000000714b00000, 0x0000000714b00000|
| 332|0x0000000714c00000, 0x0000000714d00000, 0x0000000714d00000|100%| E|CS|TS189|AC  0|TAMS 0x0000000714c00000, 0x0000000714c00000|
| 333|0x0000000714d00000, 0x0000000714e00000, 0x0000000714e00000|100%| E|CS|TS189|AC  0|TAMS 0x0000000714d00000, 0x0000000714d00000|
| 334|0x0000000714e00000, 0x0000000714f00000, 0x0000000714f00000|100%| E|CS|TS189|AC  0|TAMS 0x0000000714e00000, 0x0000000714e00000|
| 335|0x0000000714f00000, 0x0000000715000000, 0x0000000715000000|100%| E|CS|TS189|AC  0|TAMS 0x0000000714f00000, 0x0000000714f00000|
| 336|0x0000000715000000, 0x0000000715100000, 0x0000000715100000|100%| E|CS|TS189|AC  0|TAMS 0x0000000715000000, 0x0000000715000000|
| 337|0x0000000715100000, 0x0000000715200000, 0x0000000715200000|100%| E|CS|TS189|AC  0|TAMS 0x0000000715100000, 0x0000000715100000|
| 338|0x0000000715200000, 0x0000000715300000, 0x0000000715300000|100%| E|CS|TS189|AC  0|TAMS 0x0000000715200000, 0x0000000715200000|
| 339|0x0000000715300000, 0x0000000715400000, 0x0000000715400000|100%| E|CS|TS189|AC  0|TAMS 0x0000000715300000, 0x0000000715300000|
| 340|0x0000000715400000, 0x0000000715500000, 0x0000000715500000|100%| E|CS|TS189|AC  0|TAMS 0x0000000715400000, 0x0000000715400000|
| 341|0x0000000715500000, 0x0000000715600000, 0x0000000715600000|100%| E|CS|TS189|AC  0|TAMS 0x0000000715500000, 0x0000000715500000|
| 342|0x0000000715600000, 0x0000000715700000, 0x0000000715700000|100%| E|CS|TS189|AC  0|TAMS 0x0000000715600000, 0x0000000715600000|
| 343|0x0000000715700000, 0x0000000715800000, 0x0000000715800000|100%| E|CS|TS189|AC  0|TAMS 0x0000000715700000, 0x0000000715700000|
| 344|0x0000000715800000, 0x0000000715900000, 0x0000000715900000|100%| E|CS|TS189|AC  0|TAMS 0x0000000715800000, 0x0000000715800000|
| 345|0x0000000715900000, 0x0000000715a00000, 0x0000000715a00000|100%| E|CS|TS189|AC  0|TAMS 0x0000000715900000, 0x0000000715900000|
| 346|0x0000000715a00000, 0x0000000715b00000, 0x0000000715b00000|100%| E|CS|TS189|AC  0|TAMS 0x0000000715a00000, 0x0000000715a00000|
| 347|0x0000000715b00000, 0x0000000715c00000, 0x0000000715c00000|100%| E|CS|TS189|AC  0|TAMS 0x0000000715b00000, 0x0000000715b00000|
| 348|0x0000000715c00000, 0x0000000715d00000, 0x0000000715d00000|100%| E|CS|TS189|AC  0|TAMS 0x0000000715c00000, 0x0000000715c00000|
| 349|0x0000000715d00000, 0x0000000715e00000, 0x0000000715e00000|100%| E|CS|TS189|AC  0|TAMS 0x0000000715d00000, 0x0000000715d00000|
| 350|0x0000000715e00000, 0x0000000715f00000, 0x0000000715f00000|100%| E|CS|TS189|AC  0|TAMS 0x0000000715e00000, 0x0000000715e00000|
| 351|0x0000000715f00000, 0x0000000716000000, 0x0000000716000000|100%| E|CS|TS189|AC  0|TAMS 0x0000000715f00000, 0x0000000715f00000|
| 352|0x0000000716000000, 0x0000000716100000, 0x0000000716100000|100%| E|CS|TS189|AC  0|TAMS 0x0000000716000000, 0x0000000716000000|
| 353|0x0000000716100000, 0x0000000716200000, 0x0000000716200000|100%| E|CS|TS189|AC  0|TAMS 0x0000000716100000, 0x0000000716100000|
| 354|0x0000000716200000, 0x0000000716300000, 0x0000000716300000|100%| E|CS|TS189|AC  0|TAMS 0x0000000716200000, 0x0000000716200000|
| 355|0x0000000716300000, 0x0000000716400000, 0x0000000716400000|100%| E|CS|TS189|AC  0|TAMS 0x0000000716300000, 0x0000000716300000|
| 356|0x0000000716400000, 0x0000000716500000, 0x0000000716500000|100%| E|CS|TS189|AC  0|TAMS 0x0000000716400000, 0x0000000716400000|

Card table byte_map: [0x000002dff7330000,0x000002dff7930000] byte_map_base: 0x000002dff3b30000

Marking Bits (Prev, Next): (CMBitMap*) 0x000002dfec0eb870, (CMBitMap*) 0x000002dfec0eb8a8
 Prev Bits: [0x000002dff7f30000, 0x000002dffaf30000)
 Next Bits: [0x000002dffaf30000, 0x000002dffdf30000)

Polling page: 0x000002dfe57e0000

CodeHeap 'non-profiled nmethods': size=119168Kb used=32443Kb max_used=32443Kb free=86724Kb
 bounds [0x000002df87ba0000, 0x000002df89b60000, 0x000002df8f000000]
CodeHeap 'profiled nmethods': size=119168Kb used=54743Kb max_used=54754Kb free=64425Kb
 bounds [0x000002df80740000, 0x000002df83d40000, 0x000002df87ba0000]
CodeHeap 'non-nmethods': size=7424Kb used=3556Kb max_used=3609Kb free=3867Kb
 bounds [0x000002df80000000, 0x000002df803a0000, 0x000002df80740000]
 total_blobs=47443 nmethods=23680 adapters=1232
 compilation: enabled

Compilation events (10 events):
Event: 13913.061 Thread 0x000002dfec0d7800 32051       4       com.sun.org.apache.xml.internal.dtm.ref.ExpandedNameTable::initExtendedTypes (63 bytes)
Event: 13913.065 Thread 0x000002dfec0d7800 nmethod 32051 0x000002df89b4b390 code [0x000002df89b4b540, 0x000002df89b4bcb8]
Event: 13913.677 Thread 0x000002dfefe3e000 32052       4       ui.views.V.a.ap::a (401 bytes)
Event: 13913.761 Thread 0x000002dfefe3e000 nmethod 32052 0x000002df89b4bf10 code [0x000002df89b4c3e0, 0x000002df89b50158]
Event: 13919.615 Thread 0x000002dfec0db800 32053       3       ui.data.experiment.B::aLM (33 bytes)
Event: 13919.615 Thread 0x000002dfec0d8800 32054       3       ui.data.experiment.k::aLN (8 bytes)
Event: 13919.615 Thread 0x000002dfec0d9800 32055       3       ui.data.experiment.k::aLM (8 bytes)
Event: 13919.616 Thread 0x000002dfec0db800 nmethod 32053 0x000002df834c9c90 code [0x000002df834c9f00, 0x000002df834ca850]
Event: 13919.616 Thread 0x000002dfec0d9800 nmethod 32055 0x000002df81d3b490 code [0x000002df81d3b640, 0x000002df81d3b7d0]
Event: 13919.616 Thread 0x000002dfec0d8800 nmethod 32054 0x000002df83d36d10 code [0x000002df83d36fa0, 0x000002df83d37df0]

GC Heap History (10 events):
Event: 13907.201 GC heap before
{Heap before GC invocations=1370 (full 168):
 garbage-first heap   total 365568K, used 186259K [0x0000000700000000, 0x0000000700100b28, 0x00000007c0000000)
  region size 1024K, 60 young (61440K), 1 survivors (1024K)
 Metaspace       used 98814K, capacity 101039K, committed 107264K, reserved 1140736K
  class space    used 13355K, capacity 13822K, committed 15104K, reserved 1048576K
}
Event: 13907.203 GC heap after
{Heap after GC invocations=1371 (full 168):
 garbage-first heap   total 365568K, used 125960K [0x0000000700000000, 0x0000000700100b28, 0x00000007c0000000)
  region size 1024K, 1 young (1024K), 1 survivors (1024K)
 Metaspace       used 98814K, capacity 101039K, committed 107264K, reserved 1140736K
  class space    used 13355K, capacity 13822K, committed 15104K, reserved 1048576K
}
Event: 13911.474 GC heap before
{Heap before GC invocations=1371 (full 168):
 garbage-first heap   total 365568K, used 186376K [0x0000000700000000, 0x0000000700100b28, 0x00000007c0000000)
  region size 1024K, 60 young (61440K), 1 survivors (1024K)
 Metaspace       used 98814K, capacity 101039K, committed 107264K, reserved 1140736K
  class space    used 13355K, capacity 13822K, committed 15104K, reserved 1048576K
}
Event: 13911.477 GC heap after
{Heap after GC invocations=1372 (full 168):
 garbage-first heap   total 365568K, used 125925K [0x0000000700000000, 0x0000000700100b28, 0x00000007c0000000)
  region size 1024K, 1 young (1024K), 1 survivors (1024K)
 Metaspace       used 98814K, capacity 101039K, committed 107264K, reserved 1140736K
  class space    used 13355K, capacity 13822K, committed 15104K, reserved 1048576K
}
Event: 13911.769 GC heap before
{Heap before GC invocations=1372 (full 168):
 garbage-first heap   total 365568K, used 186341K [0x0000000700000000, 0x0000000700100b28, 0x00000007c0000000)
  region size 1024K, 60 young (61440K), 1 survivors (1024K)
 Metaspace       used 98814K, capacity 101039K, committed 107264K, reserved 1140736K
  class space    used 13355K, capacity 13822K, committed 15104K, reserved 1048576K
}
Event: 13911.771 GC heap after
{Heap after GC invocations=1373 (full 168):
 garbage-first heap   total 365568K, used 125991K [0x0000000700000000, 0x0000000700100b28, 0x00000007c0000000)
  region size 1024K, 1 young (1024K), 1 survivors (1024K)
 Metaspace       used 98814K, capacity 101039K, committed 107264K, reserved 1140736K
  class space    used 13355K, capacity 13822K, committed 15104K, reserved 1048576K
}
Event: 13912.873 GC heap before
{Heap before GC invocations=1373 (full 168):
 garbage-first heap   total 365568K, used 186407K [0x0000000700000000, 0x0000000700100b28, 0x00000007c0000000)
  region size 1024K, 60 young (61440K), 1 survivors (1024K)
 Metaspace       used 98815K, capacity 101039K, committed 107264K, reserved 1140736K
  class space    used 13355K, capacity 13822K, committed 15104K, reserved 1048576K
}
Event: 13912.875 GC heap after
{Heap after GC invocations=1374 (full 168):
 garbage-first heap   total 365568K, used 126020K [0x0000000700000000, 0x0000000700100b28, 0x00000007c0000000)
  region size 1024K, 1 young (1024K), 1 survivors (1024K)
 Metaspace       used 98815K, capacity 101039K, committed 107264K, reserved 1140736K
  class space    used 13355K, capacity 13822K, committed 15104K, reserved 1048576K
}
Event: 13913.149 GC heap before
{Heap before GC invocations=1374 (full 168):
 garbage-first heap   total 365568K, used 186436K [0x0000000700000000, 0x0000000700100b28, 0x00000007c0000000)
  region size 1024K, 60 young (61440K), 1 survivors (1024K)
 Metaspace       used 98815K, capacity 101039K, committed 107264K, reserved 1140736K
  class space    used 13355K, capacity 13822K, committed 15104K, reserved 1048576K
}
Event: 13913.152 GC heap after
{Heap after GC invocations=1375 (full 168):
 garbage-first heap   total 365568K, used 125995K [0x0000000700000000, 0x0000000700100b28, 0x00000007c0000000)
  region size 1024K, 1 young (1024K), 1 survivors (1024K)
 Metaspace       used 98815K, capacity 101039K, committed 107264K, reserved 1140736K
  class space    used 13355K, capacity 13822K, committed 15104K, reserved 1048576K
}

Deoptimization events (10 events):
Event: 13375.622 Thread 0x000002df921fd800 Uncommon trap: reason=unstable_if action=reinterpret pc=0x000002df88d28b5c method=com.jidesoft.editor.folding.DefaultFoldingModel$b_.getOutermostSpanAtOffset(I)Lcom/jidesoft/editor/folding/FoldingSpan; @ 14 c2
Event: 13375.642 Thread 0x000002df921fd800 Uncommon trap: reason=unstable_if action=reinterpret pc=0x000002df896a3a70 method=com.jidesoft.editor.folding.DefaultFoldingModel$b_.getOutermostSpanAtOffset(I)Lcom/jidesoft/editor/folding/FoldingSpan; @ 14 c2
Event: 13375.642 Thread 0x000002df921fd800 Uncommon trap: reason=unstable_if action=reinterpret pc=0x000002df8861aa2c method=com.jidesoft.editor.folding.DefaultFoldingModel$b_.getTopLevelSpans()[Lcom/jidesoft/editor/folding/FoldingSpan; @ 10 c2
Event: 13375.642 Thread 0x000002df921fd800 Uncommon trap: reason=unstable_if action=reinterpret pc=0x000002df8870de2c method=com.jidesoft.editor.folding.DefaultFoldingModel$b_.getTopLevelSpans()[Lcom/jidesoft/editor/folding/FoldingSpan; @ 10 c2
Event: 13375.642 Thread 0x000002df921fd800 Uncommon trap: reason=unstable_if action=reinterpret pc=0x000002df88de2ae8 method=com.jidesoft.editor.folding.DefaultFoldingModel$b_.getTopLevelSpans()[Lcom/jidesoft/editor/folding/FoldingSpan; @ 10 c2
Event: 13487.904 Thread 0x000002df921fd800 Uncommon trap: reason=unstable_if action=reinterpret pc=0x000002df88c53c30 method=ui.views.x.b.p.gjY()Lui/views/x/b/al; @ 7 c2
Event: 13492.818 Thread 0x000002df921fd800 Uncommon trap: reason=unstable_if action=reinterpret pc=0x000002df8893f90c method=com.jidesoft.editor.SyntaxUtils.a(Lcom/jidesoft/editor/CodeEditor;Ljavax/swing/text/Segment;IILjava/awt/Graphics;Ljavax/swing/text/TabExpander;I[I)I @ 398 c2
Event: 13496.764 Thread 0x000002dfefe52800 Uncommon trap: reason=unstable_if action=reinterpret pc=0x000002df88b89e64 method=com.jidesoft.editor.SyntaxDocument.a(Ljava/lang/String;Ljava/lang/StringBuffer;Ljava/lang/String;[I)I @ 232 c2
Event: 13496.766 Thread 0x000002df9324a000 Uncommon trap: reason=unstable_if action=reinterpret pc=0x000002df889f3178 method=com.jidesoft.editor.SyntaxDocument.a(Ljava/lang/String;Ljava/lang/StringBuffer;Ljava/lang/String;[I)I @ 136 c2
Event: 13838.224 Thread 0x000002df921fd800 Uncommon trap: reason=unstable_if action=reinterpret pc=0x000002df8985d31c method=ui.views.V.a.ab.NA(I)I @ 28 c2

Classes redefined (0 events):
No events

Internal exceptions (10 events):
Event: 12401.513 Thread 0x000002dfbbc0a800 Exception <a 'java/lang/InterruptedException'{0x000000070c37ae70}: sleep interrupted> (0x000000070c37ae70) thrown at [t:/workspace/hotspot/src/share/vm/prims/jvm.cpp, line 3023]
Event: 12403.704 Thread 0x000002df921fd800 Exception <a 'java/lang/NoSuchMethodError'{0x000000070cc89a98}: java.lang.invoke.DirectMethodHandle$Holder.invokeSpecial(Ljava/lang/Object;Ljava/lang/Object;IIILjava/lang/Object;Ljava/lang/Object;Ljava/lang/Object;ILjava/lang/Object;)Ljava/lang/Object;> (
Event: 12403.704 Thread 0x000002df921fd800 Exception <a 'java/lang/NoSuchMethodError'{0x000000070cc8d748}: java.lang.invoke.DelegatingMethodHandle$Holder.reinvoke_L(Ljava/lang/Object;IIILjava/lang/Object;Ljava/lang/Object;Ljava/lang/Object;ILjava/lang/Object;)Ljava/lang/Object;> (0x000000070cc8d74
Event: 12403.706 Thread 0x000002df921fd800 Exception <a 'java/lang/NoSuchMethodError'{0x000000070ccee0b8}: method resolution failed> (0x000000070ccee0b8) thrown at [t:/workspace/hotspot/src/share/vm/prims/methodHandles.cpp, line 1256]
Event: 12403.706 Thread 0x000002df921fd800 Exception <a 'java/lang/NoSuchMethodError'{0x000000070ccfc9d0}: method resolution failed> (0x000000070ccfc9d0) thrown at [t:/workspace/hotspot/src/share/vm/prims/methodHandles.cpp, line 1256]
Event: 12403.706 Thread 0x000002df921fd800 Exception <a 'java/lang/NoSuchMethodError'{0x000000070cb00b68}: java.lang.invoke.DelegatingMethodHandle$Holder.reinvoke_L(Ljava/lang/Object;Ljava/lang/Object;Ljava/lang/Object;Ljava/lang/Object;ILjava/lang/Object;)Ljava/lang/Object;> (0x000000070cb00b68) 
Event: 13322.749 Thread 0x000002df921fd800 Exception <a 'java/lang/NoSuchMethodError'{0x00000007132dbda0}: java.lang.invoke.DelegatingMethodHandle$Holder.reinvoke_L(Ljava/lang/Object;IILjava/lang/Object;Ljava/lang/Object;Ljava/lang/Object;)Ljava/lang/Object;> (0x00000007132dbda0) thrown at [t:/wor
Event: 13381.177 Thread 0x000002df921fd800 Exception <a 'java/lang/NoSuchMethodError'{0x0000000715d941c8}: java.lang.invoke.DirectMethodHandle$Holder.invokeSpecial(Ljava/lang/Object;Ljava/lang/Object;IILjava/lang/Object;ILjava/lang/Object;Ljava/lang/Object;)Ljava/lang/Object;> (0x0000000715d941c8)
Event: 13381.177 Thread 0x000002df921fd800 Exception <a 'java/lang/NoSuchMethodError'{0x0000000715d97890}: java.lang.invoke.DelegatingMethodHandle$Holder.reinvoke_L(Ljava/lang/Object;IILjava/lang/Object;ILjava/lang/Object;Ljava/lang/Object;)Ljava/lang/Object;> (0x0000000715d97890) thrown at [t:/wo
Event: 13381.178 Thread 0x000002df921fd800 Exception <a 'java/lang/NoSuchMethodError'{0x0000000715dbd2e0}: java.lang.invoke.DirectMethodHandle$Holder.invokeSpecial(Ljava/lang/Object;Ljava/lang/Object;Ljava/lang/Object;ILjava/lang/Object;Ljava/lang/Object;)Ljava/lang/Object;> (0x0000000715dbd2e0) t

Events (10 events):
Event: 13922.658 Thread 0x000002dfefe52800 Thread added: 0x000002dfefe52800
Event: 13922.660 Thread 0x000002df9324a000 Thread added: 0x000002df9324a000
Event: 13922.670 Thread 0x000002df9324a000 Thread exited: 0x000002df9324a000
Event: 13922.670 Executing VM operation: RevokeBias
Event: 13922.670 Executing VM operation: RevokeBias done
Event: 13923.514 Thread 0x000002df9324a000 Thread added: 0x000002df9324a000
Event: 13923.514 Thread 0x000002dfc8e01000 Thread added: 0x000002dfc8e01000
Event: 13923.532 Thread 0x000002df9324a000 Thread exited: 0x000002df9324a000
Event: 13923.532 Executing VM operation: RevokeBias
Event: 13923.533 Executing VM operation: RevokeBias done


Dynamic libraries:
0x00007ff6b5f30000 - 0x00007ff6b5f60000 	C:\Xilinx2019\Vivado\2019.2\bin\unwrapped\win64.o\vivado.exe
0x00007ff97fd30000 - 0x00007ff97ff47000 	C:\WINDOWS\SYSTEM32\ntdll.dll
0x00007ff97dd00000 - 0x00007ff97ddc4000 	C:\WINDOWS\System32\KERNEL32.DLL
0x00007ff97d5d0000 - 0x00007ff97d989000 	C:\WINDOWS\System32\KERNELBASE.dll
0x00007ff97d3c0000 - 0x00007ff97d4d1000 	C:\WINDOWS\System32\ucrtbase.dll
0x00007ff964bd0000 - 0x00007ff964c5d000 	C:\WINDOWS\SYSTEM32\MSVCP140.dll
0x00007ff950e80000 - 0x00007ff950e94000 	C:\Xilinx2019\Vivado\2019.2\lib\win64.o\libboost_signals.dll
0x00007ff88b6e0000 - 0x00007ff88c623000 	C:\Xilinx2019\Vivado\2019.2\lib\win64.o\librdi_common.dll
0x00007ff97da50000 - 0x00007ff97dbfe000 	C:\WINDOWS\System32\USER32.dll
0x00007ff971e80000 - 0x00007ff971e96000 	C:\Xilinx2019\Vivado\2019.2\lib\win64.o\librdi_commonmain.dll
0x00007ff97d2f0000 - 0x00007ff97d316000 	C:\WINDOWS\System32\win32u.dll
0x00007ff964b60000 - 0x00007ff964b7e000 	C:\WINDOWS\SYSTEM32\VCRUNTIME140.dll
0x00007ff97efc0000 - 0x00007ff97efe9000 	C:\WINDOWS\System32\GDI32.dll
0x00007ff97d060000 - 0x00007ff97d17b000 	C:\WINDOWS\System32\gdi32full.dll
0x00007ff964ae0000 - 0x00007ff964aec000 	C:\WINDOWS\SYSTEM32\VCRUNTIME140_1.dll
0x00007ff97d320000 - 0x00007ff97d3ba000 	C:\WINDOWS\System32\msvcp_win.dll
0x00007ff97f670000 - 0x00007ff97f722000 	C:\WINDOWS\System32\ADVAPI32.dll
0x00007ff97f550000 - 0x00007ff97f5f7000 	C:\WINDOWS\System32\msvcrt.dll
0x00007ff8c8ad0000 - 0x00007ff8c8e3e000 	C:\Xilinx2019\Vivado\2019.2\lib\win64.o\libCOIN-all.dll
0x00007ff97dc50000 - 0x00007ff97dcf7000 	C:\WINDOWS\System32\sechost.dll
0x00007ff97d030000 - 0x00007ff97d058000 	C:\WINDOWS\System32\bcrypt.dll
0x00007ff920c20000 - 0x00007ff920c46000 	C:\Xilinx2019\Vivado\2019.2\lib\win64.o\libboost_filesystem.dll
0x00007ff97edc0000 - 0x00007ff97eed4000 	C:\WINDOWS\System32\RPCRT4.dll
0x00007ff94d720000 - 0x00007ff94d734000 	C:\Xilinx2019\Vivado\2019.2\lib\win64.o\libboost_date_time.dll
0x00007ff8d1850000 - 0x00007ff8d18cf000 	C:\Xilinx2019\Vivado\2019.2\lib\win64.o\libboost_program_options.dll
0x00007ff97e1a0000 - 0x00007ff97ea16000 	C:\WINDOWS\System32\SHELL32.dll
0x00007ff8cfe90000 - 0x00007ff8cffa4000 	C:\Xilinx2019\Vivado\2019.2\lib\win64.o\libboost_regex.dll
0x00007ff8f99e0000 - 0x00007ff8f9a01000 	C:\Xilinx2019\Vivado\2019.2\lib\win64.o\libboost_thread.dll
0x00007ff967fd0000 - 0x00007ff967fdb000 	C:\Xilinx2019\Vivado\2019.2\lib\win64.o\libboost_system.dll
0x00007ff967f90000 - 0x00007ff967f9f000 	C:\Xilinx2019\Vivado\2019.2\lib\win64.o\libboost_xilinx.dll
0x00007ff8ce6d0000 - 0x00007ff8ce752000 	C:\Xilinx2019\Vivado\2019.2\lib\win64.o\libhdlpsolve.dll
0x00007ff8cca10000 - 0x00007ff8ccab5000 	C:\Xilinx2019\Vivado\2019.2\lib\win64.o\libhdxml.dll
0x00007ff88aae0000 - 0x00007ff88b6dc200 	C:\Xilinx2019\Vivado\2019.2\lib\win64.o\libisl_iostreams.dll
0x00007ff8e16c0000 - 0x00007ff8e16ee000 	C:\Xilinx2019\Vivado\2019.2\lib\win64.o\libisl_sysinfo.dll
0x00007ff97eff0000 - 0x00007ff97f061000 	C:\WINDOWS\System32\WS2_32.dll
0x00007ff8ce660000 - 0x00007ff8ce6c5000 	C:\Xilinx2019\Vivado\2019.2\lib\win64.o\liblmx6.0.dll
0x00007ff8ccac0000 - 0x00007ff8ccc61000 	C:\Xilinx2019\Vivado\2019.2\lib\win64.o\librdi_commonxillic.dll
0x00007ff934860000 - 0x00007ff93487a000 	C:\Xilinx2019\Vivado\2019.2\lib\win64.o\pthreadVC2.dll
0x00007ff9240f0000 - 0x00007ff92410c000 	C:\Xilinx2019\Vivado\2019.2\lib\win64.o\librdiconfig.dll
0x00007ff8dc960000 - 0x00007ff8dc981000 	C:\Xilinx2019\Vivado\2019.2\lib\win64.o\librdizlib.dll
0x00000000501f0000 - 0x000000005031b000 	C:\Xilinx2019\Vivado\2019.2\lib\win64.o\tcl85t.dll
0x0000000012000000 - 0x0000000012270000 	C:\Xilinx2019\Vivado\2019.2\lib\win64.o\xerces-c_3_1.dll
0x00007ff968140000 - 0x00007ff96814a000 	C:\Xilinx2019\Vivado\2019.2\lib\win64.o\librdi_commonversion.dll
0x00007ff95f130000 - 0x00007ff95f62e000 	C:\WINDOWS\SYSTEM32\WININET.dll
0x00007ff95aab0000 - 0x00007ff95aac9000 	C:\WINDOWS\SYSTEM32\NETAPI32.dll
0x00007ff958810000 - 0x00007ff958a00000 	C:\WINDOWS\SYSTEM32\urlmon.dll
0x00007ff976eb0000 - 0x00007ff976fe6000 	C:\WINDOWS\SYSTEM32\WINHTTP.dll
0x00007ff923270000 - 0x00007ff923279000 	C:\WINDOWS\SYSTEM32\WSOCK32.dll
0x00007ff889c40000 - 0x00007ff88aad1000 	C:\Xilinx2019\Vivado\2019.2\lib\win64.o\gurobi65.dll
0x00007ff8d2c20000 - 0x00007ff8d2c50000 	C:\WINDOWS\SYSTEM32\VCOMP140.DLL
0x00007ff9236a0000 - 0x00007ff9236bb000 	C:\Xilinx2019\Vivado\2019.2\lib\win64.o\libboost_iostreams.dll
0x00007ff967b60000 - 0x00007ff967b6d000 	C:\Xilinx2019\Vivado\2019.2\lib\win64.o\libboost_chrono.dll
0x00007ff8d2a40000 - 0x00007ff8d2a65000 	C:\Xilinx2019\Vivado\2019.2\lib\win64.o\libisl_iosutils.dll
0x00007ff8c8e40000 - 0x00007ff8c911b000 	C:\Xilinx2019\Vivado\2019.2\lib\win64.o\libXil_lmgr11.dll
0x00007ff97f730000 - 0x00007ff97f82f000 	C:\WINDOWS\System32\COMDLG32.dll
0x00007ff97ea30000 - 0x00007ff97edbf000 	C:\WINDOWS\System32\combase.dll
0x00007ff97ddd0000 - 0x00007ff97dec9000 	C:\WINDOWS\System32\shcore.dll
0x00007ff97f4f0000 - 0x00007ff97f54e000 	C:\WINDOWS\System32\SHLWAPI.dll
0x00007ff96f040000 - 0x00007ff96f2fe000 	C:\WINDOWS\SYSTEM32\iertutil.dll
0x00007ff97bdd0000 - 0x00007ff97bddc000 	C:\WINDOWS\SYSTEM32\netutils.dll
0x00007ff96f010000 - 0x00007ff96f038000 	C:\WINDOWS\SYSTEM32\srvcli.dll
0x00007ff97eee0000 - 0x00007ff97efb7000 	C:\WINDOWS\System32\OLEAUT32.dll
0x00007ff97dff0000 - 0x00007ff97e195000 	C:\WINDOWS\System32\ole32.dll
0x00007ff97d560000 - 0x00007ff97d5cc000 	C:\WINDOWS\System32\WINTRUST.dll
0x00007ff97d180000 - 0x00007ff97d2e6000 	C:\WINDOWS\System32\CRYPT32.dll
0x00007ff966e90000 - 0x00007ff966f43000 	C:\WINDOWS\WinSxS\amd64_microsoft.windows.common-controls_6595b64144ccf1df_5.82.22621.3527_none_b43b7f4b638cc64f\COMCTL32.dll
0x00007ff976c60000 - 0x00007ff976c7f000 	C:\WINDOWS\SYSTEM32\dhcpcsvc.DLL
0x00007ff97fc80000 - 0x00007ff97fcb1000 	C:\WINDOWS\System32\IMM32.DLL
0x00007ff97ccd0000 - 0x00007ff97cce2000 	C:\WINDOWS\SYSTEM32\MSASN1.dll
0x00007ff97c130000 - 0x00007ff97c148000 	C:\WINDOWS\SYSTEM32\kernel.appcore.dll
0x00007ff8c6f90000 - 0x00007ff8c74a7000 	C:\Xilinx2019\Vivado\2019.2\lib\win64.o\librdi_commontasks.dll
0x0000000076050000 - 0x0000000076a75000 	C:\Xilinx2019\Vivado\2019.2\tps\win64\jre9.0.4\bin\server\jvm.dll
0x00007ff971d60000 - 0x00007ff971d6a000 	C:\WINDOWS\SYSTEM32\VERSION.dll
0x00007ff8c54f0000 - 0x00007ff8c57d3000 	C:\Xilinx2019\Vivado\2019.2\lib\win64.o\librdi_sio.dll
0x00007ff97ea20000 - 0x00007ff97ea28000 	C:\WINDOWS\System32\PSAPI.DLL
0x00007ff973ad0000 - 0x00007ff973b04000 	C:\WINDOWS\SYSTEM32\WINMM.dll
0x00007ff8cc920000 - 0x00007ff8cca0f000 	C:\WINDOWS\SYSTEM32\MSVCR120.dll
0x00007ff97bb00000 - 0x00007ff97bb2d000 	C:\WINDOWS\SYSTEM32\IPHLPAPI.DLL
0x00007ff97c5c0000 - 0x00007ff97c629000 	C:\WINDOWS\SYSTEM32\MSWSOCK.DLL
0x00007ff97af30000 - 0x00007ff97b833000 	C:\WINDOWS\SYSTEM32\windows.storage.dll
0x00007ff97adf0000 - 0x00007ff97af2f000 	C:\WINDOWS\SYSTEM32\wintypes.dll
0x00007ff8874f0000 - 0x00007ff889c35000 	C:\Xilinx2019\Vivado\2019.2\lib\win64.o\librdi_tcltasks.dll
0x00007ff8c5030000 - 0x00007ff8c54e4000 	C:\Xilinx2019\Vivado\2019.2\lib\win64.o\librdi_bitstream.dll
0x00007ff8cc8a0000 - 0x00007ff8cc91b000 	C:\Xilinx2019\Vivado\2019.2\lib\win64.o\librdi_boarddep.dll
0x00007ff8ca5d0000 - 0x00007ff8ca722000 	C:\Xilinx2019\Vivado\2019.2\lib\win64.o\librdi_cd_client.dll
0x00007ff8cbe90000 - 0x00007ff8cc02d000 	C:\Xilinx2019\Vivado\2019.2\lib\win64.o\librdi_board.dll
0x00007ff8c9cd0000 - 0x00007ff8c9dbf000 	C:\Xilinx2019\Vivado\2019.2\lib\win64.o\librdi_chipscope.dll
0x00007ff8c9480000 - 0x00007ff8c9640000 	C:\Xilinx2019\Vivado\2019.2\lib\win64.o\librdi_chipscopeimpl.dll
0x00007ff885a10000 - 0x00007ff8874ea000 	C:\Xilinx2019\Vivado\2019.2\lib\win64.o\librdi_constraints.dll
0x00007ff8856e0000 - 0x00007ff885a04000 	C:\Xilinx2019\Vivado\2019.2\lib\win64.o\librdi_containers.dll
0x00007ff883010000 - 0x00007ff8836e9000 	C:\Xilinx2019\Vivado\2019.2\lib\win64.o\librdi_coregenipxact.dll
0x00007ff8836f0000 - 0x00007ff8856e0000 	C:\Xilinx2019\Vivado\2019.2\lib\win64.o\librdi_coregen.dll
0x00007ff86a190000 - 0x00007ff87ed3b000 	C:\Xilinx2019\Vivado\2019.2\lib\win64.o\librdi_device.dll
0x00007ff869e40000 - 0x00007ff86a18a000 	C:\Xilinx2019\Vivado\2019.2\lib\win64.o\librdi_dlyest.dll
0x00007ff87ed40000 - 0x00007ff88300b000 	C:\Xilinx2019\Vivado\2019.2\lib\win64.o\librdi_designutils.dll
0x00007ff869870000 - 0x00007ff869e3d000 	C:\Xilinx2019\Vivado\2019.2\lib\win64.o\librdi_drc.dll
0x00007ff8c9af0000 - 0x00007ff8c9bb4000 	C:\Xilinx2019\Vivado\2019.2\lib\win64.o\librdi_dsp.dll
0x00007ff869200000 - 0x00007ff86986b000 	C:\Xilinx2019\Vivado\2019.2\lib\win64.o\librdi_filemgmt.dll
0x00007ff868ef0000 - 0x00007ff869200000 	C:\Xilinx2019\Vivado\2019.2\lib\win64.o\librdi_guitools.dll
0x00007ff8ce020000 - 0x00007ff8ce08a000 	C:\Xilinx2019\Vivado\2019.2\lib\win64.o\librdi_hdf.dll
0x00007ff868b80000 - 0x00007ff868cc8000 	C:\Xilinx2019\Vivado\2019.2\lib\win64.o\librdi_hip_perf_analysis.dll
0x00007ff868cd0000 - 0x00007ff868ef0000 	C:\Xilinx2019\Vivado\2019.2\lib\win64.o\librdi_hip_devdesign.dll
0x00007ff866dd0000 - 0x00007ff86853d000 	C:\Xilinx2019\Vivado\2019.2\lib\win64.o\librdi_implflow.dll
0x00007ff868540000 - 0x00007ff868b71000 	C:\Xilinx2019\Vivado\2019.2\lib\win64.o\librdi_memdata.dll
0x00007ff8c9a70000 - 0x00007ff8c9ae4000 	C:\Xilinx2019\Vivado\2019.2\lib\win64.o\librdi_memoryarray.dll
0x00007ff864000000 - 0x00007ff866dcb000 	C:\Xilinx2019\Vivado\2019.2\lib\win64.o\librdi_mig.dll
0x00007ff863910000 - 0x00007ff863ff3000 	C:\Xilinx2019\Vivado\2019.2\lib\win64.o\librdi_netlist.dll
0x00007ff8d1260000 - 0x00007ff8d12ac000 	C:\Xilinx2019\Vivado\2019.2\lib\win64.o\librdi_pfi.dll
0x00007ff861040000 - 0x00007ff863907000 	C:\Xilinx2019\Vivado\2019.2\lib\win64.o\librdi_place.dll
0x00007ff860d20000 - 0x00007ff86103b000 	C:\Xilinx2019\Vivado\2019.2\lib\win64.o\librdi_platform.dll
0x00007ff860510000 - 0x00007ff860d1b000 	C:\Xilinx2019\Vivado\2019.2\lib\win64.o\librdi_power.dll
0x00007ff85ff50000 - 0x00007ff86050a000 	C:\Xilinx2019\Vivado\2019.2\lib\win64.o\librdi_project.dll
0x00007ff85f810000 - 0x00007ff85ff43000 	C:\Xilinx2019\Vivado\2019.2\lib\win64.o\librdi_psta.dll
0x00007ff85f140000 - 0x00007ff85f801000 	C:\Xilinx2019\Vivado\2019.2\lib\win64.o\librdi_rsb.dll
0x00007ff85ed10000 - 0x00007ff85f133000 	C:\Xilinx2019\Vivado\2019.2\lib\win64.o\librdi_runs.dll
0x00007ff85ea90000 - 0x00007ff85ed05000 	C:\Xilinx2019\Vivado\2019.2\lib\win64.o\librdi_simdata.dll
0x00007ff8c9370000 - 0x00007ff8c9478000 	C:\Xilinx2019\Vivado\2019.2\lib\win64.o\librdi_runsbase.dll
0x00007ff85da90000 - 0x00007ff85e91d000 	C:\Xilinx2019\Vivado\2019.2\lib\win64.o\librdi_timing.dll
0x00007ff85d8f0000 - 0x00007ff85da90000 	C:\Xilinx2019\Vivado\2019.2\lib\win64.o\librdi_cd_protocol.dll
0x00007ff85d740000 - 0x00007ff85d8e1000 	C:\Xilinx2019\Vivado\2019.2\lib\win64.o\librdi_advchipscopeimpl.dll
0x00007ff8ced50000 - 0x00007ff8ced9c000 	C:\Xilinx2019\Vivado\2019.2\lib\win64.o\libboost_serialization.dll
0x00007ff8c6eb0000 - 0x00007ff8c6f87000 	C:\Xilinx2019\Vivado\2019.2\lib\win64.o\librdi_ipconfig_readwrite.dll
0x00007ff8cd2b0000 - 0x00007ff8cd2fa000 	C:\Xilinx2019\Vivado\2019.2\lib\win64.o\librdi_noc_frameworks.dll
0x00007ff85c4b0000 - 0x00007ff85cff7000 	C:\Xilinx2019\Vivado\2019.2\lib\win64.o\libverific.dll
0x00007ff85e9f0000 - 0x00007ff85ea8e000 	C:\Xilinx2019\Vivado\2019.2\lib\win64.o\libise.dll
0x00007ff85d550000 - 0x00007ff85d734000 	C:\Xilinx2019\Vivado\2019.2\lib\win64.o\librdi_hip_config.dll
0x00007ff85d000000 - 0x00007ff85d54e000 	C:\Xilinx2019\Vivado\2019.2\lib\win64.o\librdi_xdm.dll
0x00007ff85be90000 - 0x00007ff85c4ab000 	C:\Xilinx2019\Vivado\2019.2\lib\win64.o\librdi_wavedata.dll

VM Arguments:
jvm_args: -Dsun.java2d.pmoffscreen=false -Dsun.java2d.xrender=false -Dsun.java2d.d3d=false -Dsun.awt.nopixfmt=true -Dsun.java2d.dpiaware=true -Dsun.java2d.uiScale.enabled=false -Xverify:none -Dswing.aatext=true -XX:-UsePerfData -Djdk.map.althashing.threshold=512 -XX:StringTableSize=4072 --add-opens=java.base/java.nio=ALL-UNNAMED --add-opens=java.desktop/sun.swing=ALL-UNNAMED --add-opens=java.desktop/javax.swing=ALL-UNNAMED --add-opens=java.desktop/javax.swing.tree=ALL-UNNAMED --add-opens=java.desktop/javax.swing.plaf.basic=ALL-UNNAMED --add-opens=java.desktop/javax.swing.plaf.synth=ALL-UNNAMED --add-opens=java.desktop/com.sun.awt=ALL-UNNAMED -XX:NewSize=60m -XX:MaxNewSize=60m -Xms128m -Xmx3072m -Xss5m 
java_command: <unknown>
java_class_path (initial): C:/Xilinx2019/Vivado/2019.2\lib\classes\alloy.jar;C:/Xilinx2019/Vivado/2019.2\lib\classes\autoesl-common.jar;C:/Xilinx2019/Vivado/2019.2\lib\classes\autoesl-models.jar;C:/Xilinx2019/Vivado/2019.2\lib\classes\autoesl-report.jar;C:/Xilinx2019/Vivado/2019.2\lib\classes\autopilot.scelaborator.jar;C:/Xilinx2019/Vivado/2019.2\lib\classes\autopilot.sourceprocessor.jar;C:/Xilinx2019/Vivado/2019.2\lib\classes\autopilot.tbprocessor.jar;C:/Xilinx2019/Vivado/2019.2\lib\classes\batik-anim.jar;C:/Xilinx2019/Vivado/2019.2\lib\classes\batik-awt-util.jar;C:/Xilinx2019/Vivado/2019.2\lib\classes\batik-bridge.jar;C:/Xilinx2019/Vivado/2019.2\lib\classes\batik-codec.jar;C:/Xilinx2019/Vivado/2019.2\lib\classes\batik-css.jar;C:/Xilinx2019/Vivado/2019.2\lib\classes\batik-dom.jar;C:/Xilinx2019/Vivado/2019.2\lib\classes\batik-ext.jar;C:/Xilinx2019/Vivado/2019.2\lib\classes\batik-gui-util.jar;C:/Xilinx2019/Vivado/2019.2\lib\classes\batik-gvt.jar;C:/Xilinx2019/Vivado/2019.2\lib\classes\batik-parser.jar;C:/Xilinx2019/Vivado/2019.2\lib\classes\batik-script.jar;C:/Xilinx2019/Vivado/2019.2\lib\classes\batik-svg-dom.jar;C:/Xilinx2019/Vivado/2019.2\lib\classes\batik-swing.jar;C:/Xilinx2019/Vivado/2019.2\lib\classes\batik-transcoder.jar;C:/Xilinx2019/Vivado/2019.2\lib\classes\batik-util.jar;C:/Xilinx2019/Vivado/2019.2\lib\classes\batik-xml.jar;C:/Xilinx2019/Vivado/2019.2\lib\classes\com.google.gson_2.7.0.v20170129-0911.jar;C:/Xilinx2019/Vivado/2019.2\lib\classes\com.google.guava_21.0.0.v20170206-1425.jar;C:/Xilinx2019/Vivado/2019.2\lib\classes\com.ibm.icu_4.4.2.v20110208.jar;C:/Xilinx2019/Vivado/2019.2\lib\classes\com.sigasi.hdt.connection_4.5.0.201909241521.jar;C:/Xilinx2019/Vivado/2019.2\lib\classes\com.sigasi.hdt.epl_4.5.0.201909241521.jar;C:/Xilinx2019/Vivado/2019.2\lib\classes\com.sigasi.hdt.project_4.5.0.201909241521.jar;C:/Xilinx2019/Vivado/2019.2\lib\classes\com.sigasi.hdt.readonlyfilesystem_4.5.0.201909241521.jar;C:/Xilinx2019/Vivado/2019.2\lib\classes\com.sigasi.
Launcher Type: generic

Logging:
Log output configuration:
#0: stdout all=warning uptime,level,tags
#1: stderr all=off uptime,level,tags

Environment Variables:
PATH=C:/Xilinx2019/Vivado/2019.2\gnuwin\bin;C:/Xilinx2019/Vivado/2019.2\gnu\microblaze\nt\bin;C:/Xilinx2019/Vivado/2019.2/bin;C:/Xilinx2019/Vivado/2019.2/lib/win64.o;C:/Xilinx2019/Vivado/2019.2/tps/win64/jre9.0.4/bin/server;C:/Xilinx2019/Vivado/2019.2/tps/win64/jre9.0.4/bin;C:/Xilinx2019/Vitis/2019.2/bin;C:/Xilinx2019/Vivado/2019.2/ids_lite/ISE/bin/nt64;C:/Xilinx2019/Vivado/2019.2/ids_lite/ISE/lib/nt64;C:\Program Files\Common Files\Oracle\Java\javapath;C:\Program Files (x86)\Common Files\Oracle\Java\java8path;C:\Program Files (x86)\Common Files\Oracle\Java\javapath;C:\Program Files\NVIDIA GPU Computing Toolkit\CUDA\v11.8\bin;C:\Program Files\NVIDIA GPU Computing Toolkit\CUDA\v11.8\libnvvp;C:\Windows\system32;C:\Windows;C:\Windows\System32\Wbem;C:\Windows\System32\WindowsPowerShell\v1.0\;C:\Windows\System32\OpenSSH\;C:\Program Files (x86)\NVIDIA Corporation\PhysX\Common;C:\Program Files\NVIDIA Corporation\NVIDIA NvDLISR;F:\Matlab\bin;C:\Program Files\NVIDIA Corporation\Nsight Compute 2022.3.0\;C:\Program Files\dotnet\;C:\Program Files\nodejs\;F:\Windows Kits\10\Windows Performance Toolkit\;C:\Program Files\Microsoft SQL Server\150\Tools\Binn\;C:\Program Files\Microsoft SQL Server\Client SDK\ODBC\170\Tools\Binn\;C:\Program Files (x86)\Microsoft SQL Server\160\Tools\Binn\;C:\Program Files\Microsoft SQL Server\160\Tools\Binn\;C:\Program Files\Microsoft SQL Server\160\DTS\Binn\;C:\Program Files (x86)\Microsoft SQL Server\160\DTS\Binn\;F:\Git\cmd;C:\Program Files\Azure Data Studio\bin;C:\Program Files\Docker\Docker\resources\bin;C:\Program Files\Git\cmd;C:\Users\”‡ø≠‘Ω\AppData\Local\Programs\Python\Python310\Scripts\;C:\Users\”‡ø≠‘Ω\AppData\Local\Programs\Python\Python310\;C:\Users\”‡ø≠‘Ω\AppData\Local\Microsoft\WindowsApps;;C:\Users\”‡ø≠‘Ω\AppData\Local\Programs\Microsoft VS Code\bin;C:\Users\”‡ø≠‘Ω\AppData\Roaming\npm;C:\Users\”‡ø≠‘Ω\.dotnet\tools;C:\Microsoft VS Code\bin;C:/Xilinx2019/Vivado/2019.2\tps\mingw\6.2.0\win64.o\nt\bin;C:/Xilinx2019/Vivado/2019.2\tps\mingw\6.2.0
USERNAME=”‡ø≠‘Ω
OS=Windows_NT
PROCESSOR_IDENTIFIER=Intel64 Family 6 Model 154 Stepping 3, GenuineIntel



---------------  S Y S T E M  ---------------

OS: Windows 10 , 64 bit Build 22621 (10.0.22621.4391)

CPU:total 20 (initial active 20) (10 cores per cpu, 2 threads per core) family 6 model 154 stepping 3, cmov, cx8, fxsr, mmx, sse, sse2, sse3, ssse3, sse4.1, sse4.2, popcnt, avx, avx2, aes, clmul, erms, 3dnowpref, lzcnt, ht, tsc, tscinvbit, bmi1, bmi2, adx, sha, fma

Memory: 4k page, physical 16462100k(1784972k free), swap 31691040k(3684472k free)

vm_info: Java HotSpot(TM) 64-Bit Server VM (9.0.4+11) for windows-amd64 JRE (9.0.4+11), built on Dec 20 2017 02:18:54 by "mach5one" with MS VC++ 12.0 (VS2013)

END.
