#-----------------------------------------------------------
# Vivado v2019.2 (64-bit)
# SW Build 2708876 on Wed Nov  6 21:40:23 MST 2019
# IP Build 2700528 on Thu Nov  7 00:09:20 MST 2019
# Start of session at: Fri Nov  1 10:07:21 2024
# Process ID: 22120
# Current directory: C:/XJTU COMPARCH/project_4
# Command line: vivado.exe -gui_launcher_event rodinguilauncherevent10388 C:\XJTU COMPARCH\project_4\project_4.xpr
# Log file: C:/XJTU COMPARCH/project_4/vivado.log
# Journal file: C:/XJTU COMPARCH/project_4\vivado.jou
#-----------------------------------------------------------
start_gui
open_project {C:/XJTU COMPARCH/project_4/project_4.xpr}
Scanning sources...
Finished scanning sources
INFO: [IP_Flow 19-234] Refreshing IP repositories
INFO: [IP_Flow 19-1704] No user IP repositories specified
INFO: [IP_Flow 19-2313] Loaded Vivado IP repository 'C:/Xilinx2019/Vivado/2019.2/data/ip'.
update_compile_order -fileset sources_1
close [ open {C:/XJTU COMPARCH/project_4/project_4.srcs/sources_1/new/RAM_4Kx32_inout.v} w ]
add_files {{C:/XJTU COMPARCH/project_4/project_4.srcs/sources_1/new/RAM_4Kx32_inout.v}}
update_compile_order -fileset sources_1
close [ open {C:/XJTU COMPARCH/project_4/project_4.srcs/sources_1/new/IMem.v} w ]
add_files {{C:/XJTU COMPARCH/project_4/project_4.srcs/sources_1/new/IMem.v}}
update_compile_order -fileset sources_1
close [ open {C:/XJTU COMPARCH/project_4/project_4.srcs/sources_1/new/RegFile.v} w ]
add_files {{C:/XJTU COMPARCH/project_4/project_4.srcs/sources_1/new/RegFile.v}}
update_compile_order -fileset sources_1
file mkdir C:/XJTU COMPARCH/project_4/project_4.srcs/sim_1/new
file mkdir C:/XJTU COMPARCH/project_4/project_4.srcs/sim_1/new
file mkdir C:/XJTU COMPARCH/project_4/project_4.srcs/sim_1/new
file mkdir C:/XJTU COMPARCH/project_4/project_4.srcs/sim_1/new
file mkdir C:/XJTU COMPARCH/project_4/project_4.srcs/sim_1/new
set_property SOURCE_SET sources_1 [get_filesets sim_1]
file mkdir C:/XJTU COMPARCH/project_4/project_4.srcs/sim_1/new
file mkdir {C:/XJTU COMPARCH/project_4/project_4.srcs/sim_1/new}
close [ open {C:/XJTU COMPARCH/project_4/project_4.srcs/sim_1/new/sim_RAM_1Kx16.v} w ]
add_files -fileset sim_1 {{C:/XJTU COMPARCH/project_4/project_4.srcs/sim_1/new/sim_RAM_1Kx16.v}}
update_compile_order -fileset sim_1
exit
INFO: [Common 17-206] Exiting Vivado at Fri Nov  1 10:45:41 2024...
