#-----------------------------------------------------------
# Vivado v2019.2 (64-bit)
# SW Build 2708876 on Wed Nov  6 21:40:23 MST 2019
# IP Build 2700528 on Thu Nov  7 00:09:20 MST 2019
# Start of session at: Sun Oct 27 22:55:58 2024
# Process ID: 14356
# Current directory: C:/XJTU COMPARCH/project_3/project_1
# Command line: vivado.exe -gui_launcher_event rodinguilauncherevent7580 C:\XJTU COMPARCH\project_3\project_1\project_1.xpr
# Log file: C:/XJTU COMPARCH/project_3/project_1/vivado.log
# Journal file: C:/XJTU COMPARCH/project_3/project_1\vivado.jou
#-----------------------------------------------------------
start_gui
open_project {C:/XJTU COMPARCH/project_3/project_1/project_1.xpr}
INFO: [Project 1-313] Project file moved from 'C:/Users/Administrator/Desktop/project_1' since last save.
Scanning sources...
Finished scanning sources
INFO: [Project 1-230] Project 'project_1.xpr' upgraded for this version of Vivado.
INFO: [IP_Flow 19-234] Refreshing IP repositories
INFO: [IP_Flow 19-1704] No user IP repositories specified
INFO: [IP_Flow 19-2313] Loaded Vivado IP repository 'C:/Xilinx2019/Vivado/2019.2/data/ip'.
open_project: Time (s): cpu = 00:00:04 ; elapsed = 00:00:06 . Memory (MB): peak = 938.180 ; gain = 0.000
update_compile_order -fileset sources_1
close_project
create_project project_3 {C:/XJTU COMPARCH/project_3} -part xc7vx485tffg1157-1
INFO: [IP_Flow 19-234] Refreshing IP repositories
INFO: [IP_Flow 19-1704] No user IP repositories specified
INFO: [IP_Flow 19-2313] Loaded Vivado IP repository 'C:/Xilinx2019/Vivado/2019.2/data/ip'.
exit
INFO: [Common 17-206] Exiting Vivado at Sun Oct 27 23:01:01 2024...
