#-----------------------------------------------------------
# Vivado v2019.2 (64-bit)
# SW Build 2708876 on Wed Nov  6 21:40:23 MST 2019
# IP Build 2700528 on Thu Nov  7 00:09:20 MST 2019
# Start of session at: Sun Oct 27 23:01:21 2024
# Process ID: 7900
# Current directory: C:/XJTU COMPARCH/project_3/project_1
# Command line: vivado.exe -gui_launcher_event rodinguilauncherevent28116 C:\XJTU COMPARCH\project_3\project_1\project_1.xpr
# Log file: C:/XJTU COMPARCH/project_3/project_1/vivado.log
# Journal file: C:/XJTU COMPARCH/project_3/project_1\vivado.jou
#-----------------------------------------------------------
start_gui
open_project {C:/XJTU COMPARCH/project_3/project_1/project_1.xpr}
Scanning sources...
Finished scanning sources
INFO: [IP_Flow 19-234] Refreshing IP repositories
INFO: [IP_Flow 19-1704] No user IP repositories specified
INFO: [IP_Flow 19-2313] Loaded Vivado IP repository 'C:/Xilinx2019/Vivado/2019.2/data/ip'.
open_project: Time (s): cpu = 00:00:06 ; elapsed = 00:00:07 . Memory (MB): peak = 788.309 ; gain = 122.270
update_compile_order -fileset sources_1
exit
INFO: [Common 17-206] Exiting Vivado at Mon Oct 28 00:58:08 2024...
