#
# There is insufficient memory for the Java Runtime Environment to continue.
# Native memory allocation (malloc) failed to allocate 32744 bytes for ChunkPool::allocate
# Possible reasons:
#   The system is out of physical RAM or swap space
#   The process is running with CompressedOops enabled, and the Java Heap may be blocking the growth of the native heap
# Possible solutions:
#   Reduce memory load on the system
#   Increase physical memory or swap space
#   Check if swap backing store is full
#   Decrease Java heap size (-Xmx/-Xms)
#   Decrease number of Java threads
#   Decrease Java thread stack sizes (-Xss)
#   Set larger code cache with -XX:ReservedCodeCacheSize=
#   JVM is running with Zero Based Compressed Oops mode in which the Java heap is
#     placed in the first 32GB address space. The Java Heap base address is the
#     maximum limit for the native heap growth. Please use -XX:HeapBaseMinAddress
#     to set the Java Heap base and to place the Java Heap above 32GB virtual address.
# This output file may be truncated or incomplete.
#
#  Out of Memory Error (t:/workspace/hotspot/src/share/vm/memory/allocation.cpp:256), pid=19680, tid=48280
#
# JRE version: Java(TM) SE Runtime Environment (9.0+11) (build 9.0.4+11)
# Java VM: Java HotSpot(TM) 64-Bit Server VM (9.0.4+11, mixed mode, tiered, compressed oops, g1 gc, windows-amd64)
# No core dump will be written. Minidumps are not enabled by default on client versions of Windows
#

---------------  S U M M A R Y ------------

Command Line: -Dsun.java2d.pmoffscreen=false -Dsun.java2d.xrender=false -Dsun.java2d.d3d=false -Dsun.awt.nopixfmt=true -Dsun.java2d.dpiaware=true -Dsun.java2d.uiScale.enabled=false -Xverify:none -Dswing.aatext=true -XX:-UsePerfData -Djdk.map.althashing.threshold=512 -XX:StringTableSize=4072 --add-opens=java.base/java.nio=ALL-UNNAMED --add-opens=java.desktop/sun.swing=ALL-UNNAMED --add-opens=java.desktop/javax.swing=ALL-UNNAMED --add-opens=java.desktop/javax.swing.tree=ALL-UNNAMED --add-opens=java.desktop/javax.swing.plaf.basic=ALL-UNNAMED --add-opens=java.desktop/javax.swing.plaf.synth=ALL-UNNAMED --add-opens=java.desktop/com.sun.awt=ALL-UNNAMED -XX:NewSize=60m -XX:MaxNewSize=60m -Xms128m -Xmx3072m -Xss5m 

Host: 12th Gen Intel(R) Core(TM) i7-12700H, 20 cores, 15G,  Windows 10 , 64 bit Build 22621 (10.0.22621.4391)
Time: Tue Dec 24 17:39:44 2024 ®¨????®Æ°¿®∫°¡?®∫°¿?? elapsed time: 24913 seconds (0d 6h 55m 13s)

---------------  T H R E A D  ---------------

Current thread (0x0000018234422000):  JavaThread "C2 CompilerThread7" daemon [_thread_in_native, id=48280, stack(0x00000074b7c00000,0x00000074b7d00000)]


Current CompileTask:
C2:24913637 22378       4       java.lang.StringCoding::deref (19 bytes)

Stack: [0x00000074b7c00000,0x00000074b7d00000]
Native frames: (J=compiled Java code, j=interpreted, Vv=VM code, C=native code)
V  [jvm.dll+0x587068]

[error occurred during error reporting (printing native stack), id 0xe0000001]


---------------  P R O C E S S  ---------------

Java Threads: ( => current thread )
  0x0000018258c91800 JavaThread "Open Elaborated Design Thread" [_thread_in_native, id=56216, stack(0x00000074be600000,0x00000074beb00000)]
  0x0000018258c8b800 JavaThread "Image Animator 0" daemon [_thread_blocked, id=19128, stack(0x00000074bc800000,0x00000074bcd00000)]
  0x0000018258c96000 JavaThread "Monitor File Timestamp Swing Worker Thread" [_thread_blocked, id=56016, stack(0x00000074c0900000,0x00000074c0e00000)]
  0x0000018258c9a000 JavaThread "Timer-2" [_thread_blocked, id=58036, stack(0x00000074c0400000,0x00000074c0900000)]
  0x0000018258c8a800 JavaThread "ForkJoinPool.commonPool-worker-57" daemon [_thread_blocked, id=53188, stack(0x00000074bf000000,0x00000074bf500000)]
  0x0000018258c98800 JavaThread "Image Animator 0" daemon [_thread_blocked, id=18484, stack(0x00000074bff00000,0x00000074c0400000)]
  0x0000018258c90800 JavaThread "SyntheticaAnimation 50" daemon [_thread_blocked, id=37116, stack(0x00000074bd700000,0x00000074bdc00000)]
  0x0000018258c8e800 JavaThread "Update Runs Swing Worker Thread" [_thread_blocked, id=37376, stack(0x00000074beb00000,0x00000074bf000000)]
  0x0000018258c8d000 JavaThread "hw_ila_monitor" [_thread_blocked, id=61292, stack(0x00000074ba500000,0x00000074baa00000)]
  0x0000018238450800 JavaThread "Refresh Filesets Swing Worker Thread" [_thread_blocked, id=33932, stack(0x00000074be100000,0x00000074be600000)]
  0x000001823844f800 JavaThread "SyntheticaAnimation 70" daemon [_thread_blocked, id=62368, stack(0x00000074bdc00000,0x00000074be100000)]
  0x0000018238452000 JavaThread "SyntheticaAnimation 25" daemon [_thread_blocked, id=61804, stack(0x00000074bd200000,0x00000074bd700000)]
  0x000001823844f000 JavaThread "SyntheticaAnimation 50" daemon [_thread_blocked, id=508, stack(0x00000074bb900000,0x00000074bbe00000)]
  0x000001823844e000 JavaThread "Monitor HEventQueue Thread" [_thread_blocked, id=63200, stack(0x00000074bcd00000,0x00000074bd200000)]
  0x000001823844c000 JavaThread "SyntheticaCleanerThread" daemon [_thread_blocked, id=12708, stack(0x00000074bbe00000,0x00000074bc300000)]
  0x000001823844b000 JavaThread "Batik CleanerThread" daemon [_thread_blocked, id=45764, stack(0x00000074b9600000,0x00000074b9b00000)]
  0x0000018256c3a800 JavaThread "AWT-EventQueue-1" [_thread_in_Java, id=43892, stack(0x00000074bb400000,0x00000074bb900000)]
  0x000001825736c000 JavaThread "AWT-Shutdown" [_thread_blocked, id=9700, stack(0x00000074baf00000,0x00000074bb400000)]
  0x000001823213c800 JavaThread "Process Messages Thread" [_thread_blocked, id=20848, stack(0x00000074baa00000,0x00000074baf00000)]
  0x0000018256bdb000 JavaThread "Thread-1" [_thread_in_native, id=56696, stack(0x00000074b2500000,0x00000074b3900000)]
  0x000001823233f800 JavaThread "TimerQueue" daemon [_thread_blocked, id=28644, stack(0x00000074ba000000,0x00000074ba500000)]
  0x0000018231e39800 JavaThread "AWT-Windows" daemon [_thread_in_native, id=62396, stack(0x00000074b9b00000,0x00000074ba000000)]
  0x00000182306db800 JavaThread "Java2D Disposer" daemon [_thread_blocked, id=46800, stack(0x00000074b9100000,0x00000074b9600000)]
  0x0000018231a2b800 JavaThread "Service Thread" daemon [_thread_blocked, id=43872, stack(0x00000074b8b00000,0x00000074b9000000)]
  0x00000182384b0000 JavaThread "Common-Cleaner" daemon [_thread_blocked, id=4448, stack(0x00000074b8600000,0x00000074b8b00000)]
  0x000001823844c800 JavaThread "Sweeper thread" daemon [_thread_blocked, id=44144, stack(0x00000074b8100000,0x00000074b8600000)]
  0x0000018234421000 JavaThread "C1 CompilerThread11" daemon [_thread_in_native, id=11144, stack(0x00000074b8000000,0x00000074b8100000)]
  0x0000018234420000 JavaThread "C1 CompilerThread10" daemon [_thread_in_native, id=47704, stack(0x00000074b7f00000,0x00000074b8000000)]
  0x0000018234424000 JavaThread "C1 CompilerThread9" daemon [_thread_in_vm, id=37904, stack(0x00000074b7e00000,0x00000074b7f00000)]
  0x000001823441f800 JavaThread "C1 CompilerThread8" daemon [_thread_in_native, id=58400, stack(0x00000074b7d00000,0x00000074b7e00000)]
=>0x0000018234422000 JavaThread "C2 CompilerThread7" daemon [_thread_in_native, id=48280, stack(0x00000074b7c00000,0x00000074b7d00000)]
  0x000001823472a000 JavaThread "C2 CompilerThread6" daemon [_thread_in_vm, id=24696, stack(0x00000074b7b00000,0x00000074b7c00000)]
  0x0000018234729000 JavaThread "C2 CompilerThread5" daemon [_thread_blocked, id=48740, stack(0x00000074b7a00000,0x00000074b7b00000)]
  0x0000018238449800 JavaThread "C2 CompilerThread4" daemon [_thread_blocked, id=52300, stack(0x00000074b7900000,0x00000074b7a00000)]
  0x0000018238403800 JavaThread "C2 CompilerThread3" daemon [_thread_blocked, id=30392, stack(0x00000074b7800000,0x00000074b7900000)]
  0x0000018238401800 JavaThread "C2 CompilerThread2" daemon [_thread_in_native, id=58580, stack(0x00000074b7700000,0x00000074b7800000)]
  0x0000018238401000 JavaThread "C2 CompilerThread1" daemon [_thread_blocked, id=61696, stack(0x00000074b7600000,0x00000074b7700000)]
  0x0000018238400000 JavaThread "C2 CompilerThread0" daemon [_thread_blocked, id=19292, stack(0x00000074b7500000,0x00000074b7600000)]
  0x00000182383ff800 JavaThread "Attach Listener" daemon [_thread_blocked, id=32332, stack(0x00000074b7000000,0x00000074b7500000)]
  0x00000182383fe800 JavaThread "Signal Dispatcher" daemon [_thread_blocked, id=14076, stack(0x00000074b6b00000,0x00000074b7000000)]
  0x0000018231681800 JavaThread "Finalizer" daemon [_thread_blocked, id=39356, stack(0x00000074b6600000,0x00000074b6b00000)]
  0x0000018231680800 JavaThread "Reference Handler" daemon [_thread_blocked, id=46772, stack(0x00000074b6100000,0x00000074b6600000)]
  0x0000018234673800 JavaThread "main" [_thread_blocked, id=46844, stack(0x00000074b3b00000,0x00000074b3c00000)]

Other Threads:
  0x00000182383de800 VMThread "VM Thread" [stack: 0x00000074b6000000,0x00000074b6100000] [id=33776]
  0x0000018231a2d800 WatcherThread [stack: 0x00000074b9000000,0x00000074b9100000] [id=12444]
  0x00000182314d2800 GCTaskThread "GC Thread#0" [stack: 0x00000074b3c00000,0x00000074b3d00000] [id=516]
  0x0000018238238800 GCTaskThread "GC Thread#1" [stack: 0x00000074b3d00000,0x00000074b3e00000] [id=62220]
  0x000001822ad38800 GCTaskThread "GC Thread#2" [stack: 0x00000074b3e00000,0x00000074b3f00000] [id=40592]
  0x000001822acba800 GCTaskThread "GC Thread#3" [stack: 0x00000074b3f00000,0x00000074b4000000] [id=42120]
  0x000001822acbb000 GCTaskThread "GC Thread#4" [stack: 0x00000074b4000000,0x00000074b4100000] [id=44576]
  0x0000018237b97800 GCTaskThread "GC Thread#5" [stack: 0x00000074b4100000,0x00000074b4200000] [id=44892]
  0x000001823069f000 GCTaskThread "GC Thread#6" [stack: 0x00000074b4200000,0x00000074b4300000] [id=51176]
  0x0000018237b93800 GCTaskThread "GC Thread#7" [stack: 0x00000074b4300000,0x00000074b4400000] [id=57708]
  0x0000018233cbe800 GCTaskThread "GC Thread#8" [stack: 0x00000074b4400000,0x00000074b4500000] [id=39916]
  0x0000018233cbf000 GCTaskThread "GC Thread#9" [stack: 0x00000074b4500000,0x00000074b4600000] [id=49500]
  0x000001823827a800 GCTaskThread "GC Thread#10" [stack: 0x00000074b4600000,0x00000074b4700000] [id=40316]
  0x0000018237d71000 GCTaskThread "GC Thread#11" [stack: 0x00000074b4700000,0x00000074b4800000] [id=39012]
  0x000001822f45e800 GCTaskThread "GC Thread#12" [stack: 0x00000074b4800000,0x00000074b4900000] [id=14164]
  0x000001822f739800 GCTaskThread "GC Thread#13" [stack: 0x00000074b4900000,0x00000074b4a00000] [id=26696]
  0x000001822f73a800 GCTaskThread "GC Thread#14" [stack: 0x00000074b4a00000,0x00000074b4b00000] [id=41000]
  0x000001822f83a000 ConcurrentGCThread "G1 Main Marker" [stack: 0x00000074b5b00000,0x00000074b5c00000] [id=63132]
  0x000001822f83a800 ConcurrentGCThread "G1 Marker#0" [stack: 0x00000074b5c00000,0x00000074b5d00000] [id=24980]
  0x0000018234427000 ConcurrentGCThread "G1 Marker#1" [stack: 0x00000074b5d00000,0x00000074b5e00000] [id=54352]
  0x0000018231458800 ConcurrentGCThread "G1 Marker#2" [stack: 0x00000074b5e00000,0x00000074b5f00000] [id=43668]
  0x0000018231455000 ConcurrentGCThread "G1 Marker#3" [stack: 0x00000074b5f00000,0x00000074b6000000] [id=18104]
  0x0000018230514800 ConcurrentGCThread "G1 Refine#0" [stack: 0x00000074b5900000,0x00000074b5a00000] [id=23556]
  0x0000018230513000 ConcurrentGCThread "G1 Refine#1" [stack: 0x00000074b5800000,0x00000074b5900000] [id=18524]
  0x000001822b73e000 ConcurrentGCThread "G1 Refine#2" [stack: 0x00000074b5700000,0x00000074b5800000] [id=33040]
  0x0000018237fc9800 ConcurrentGCThread "G1 Refine#3" [stack: 0x00000074b5600000,0x00000074b5700000] [id=45772]
  0x0000018237fc9000 ConcurrentGCThread "G1 Refine#4" [stack: 0x00000074b5500000,0x00000074b5600000] [id=51980]
  0x0000018238051800 ConcurrentGCThread "G1 Refine#5" [stack: 0x00000074b5400000,0x00000074b5500000] [id=47516]
  0x0000018238051000 ConcurrentGCThread "G1 Refine#6" [stack: 0x00000074b5300000,0x00000074b5400000] [id=33812]
  0x000001822f726800 ConcurrentGCThread "G1 Refine#7" [stack: 0x00000074b5200000,0x00000074b5300000] [id=57760]
  0x000001822f726000 ConcurrentGCThread "G1 Refine#8" [stack: 0x00000074b5100000,0x00000074b5200000] [id=44752]
  0x000001822f463000 ConcurrentGCThread "G1 Refine#9" [stack: 0x00000074b5000000,0x00000074b5100000] [id=60528]
  0x000001822f462800 ConcurrentGCThread "G1 Refine#10" [stack: 0x00000074b4f00000,0x00000074b5000000] [id=60820]
  0x000001823061f800 ConcurrentGCThread "G1 Refine#11" [stack: 0x00000074b4e00000,0x00000074b4f00000] [id=49924]
  0x000001823061e800 ConcurrentGCThread "G1 Refine#12" [stack: 0x00000074b4d00000,0x00000074b4e00000] [id=42660]
  0x000001822f420800 ConcurrentGCThread "G1 Refine#13" [stack: 0x00000074b4c00000,0x00000074b4d00000] [id=62980]
  0x000001823471e000 ConcurrentGCThread "G1 Refine#14" [stack: 0x00000074b4b00000,0x00000074b4c00000] [id=54024]
  0x000001822f829800 ConcurrentGCThread "G1 Young RemSet Sampling" [stack: 0x00000074b5a00000,0x00000074b5b00000] [id=60800]

Threads with active compile tasks:
C1 CompilerThread1122385       3       sun.nio.cs.DoubleByte$Decoder::decode (178 bytes)
C1 CompilerThread1022382   !   3       java.lang.StringCoding$StringDecoder::decode (232 bytes)
C1 CompilerThread922389       3       sun.nio.cs.StreamEncoder::implFlushBuffer (15 bytes)
C1 CompilerThread822384   !   3       java.lang.StringCoding::decode (167 bytes)
C2 CompilerThread722378       4       java.lang.StringCoding::deref (19 bytes)
C2 CompilerThread622388       4       java.lang.StringCoding$Result::with (49 bytes)
C2 CompilerThread222392       4       java.lang.Exception::<init> (6 bytes)

VM state:not at safepoint (normal execution)

VM Mutex/Monitor currently owned by a thread: None

OutOfMemory and StackOverflow Exception counts:
OutOfMemoryError java_heap_errors=2

Heap address: 0x0000000700000000, size: 3072 MB, Compressed Oops mode: Zero based, Oop shift amount: 3
Narrow klass base: 0x0000000000000000, Narrow klass shift: 3
Compressed class space size: 1073741824 Address: 0x00000007c0000000

Heap:
 garbage-first heap   total 183296K, used 74397K [0x0000000700000000, 0x0000000700100598, 0x00000007c0000000)
  region size 1024K, 20 young (20480K), 0 survivors (0K)
 Metaspace       used 78143K, capacity 79765K, committed 85504K, reserved 1122304K
  class space    used 10187K, capacity 10541K, committed 11776K, reserved 1048576K
Heap Regions: E=young(eden), S=young(survivor), O=old, HS=humongous(starts), HC=humongous(continues), CS=collection set, F=free, A=archive, TS=gc time stamp, AC=allocation context, TAMS=top-at-mark-start (previous, next)
|   0|0x0000000700000000, 0x00000007000d4f88, 0x0000000700100000| 83%| O|  |TS  0|AC  0|TAMS 0x0000000700000000, 0x0000000700000000|
|   1|0x0000000700100000, 0x00000007001e1720, 0x0000000700200000| 88%| O|  |TS  0|AC  0|TAMS 0x0000000700100000, 0x0000000700100000|
|   2|0x0000000700200000, 0x00000007002e6f18, 0x0000000700300000| 90%| O|  |TS  0|AC  0|TAMS 0x0000000700200000, 0x0000000700200000|
|   3|0x0000000700300000, 0x00000007003f9ac0, 0x0000000700400000| 97%| O|  |TS  0|AC  0|TAMS 0x0000000700300000, 0x0000000700300000|
|   4|0x0000000700400000, 0x0000000700500000, 0x0000000700500000|100%|HS|  |TS  0|AC  0|TAMS 0x0000000700400000, 0x0000000700400000|
|   5|0x0000000700500000, 0x0000000700600000, 0x0000000700600000|100%|HC|  |TS  0|AC  0|TAMS 0x0000000700500000, 0x0000000700500000|
|   6|0x0000000700600000, 0x0000000700700000, 0x0000000700700000|100%|HS|  |TS  0|AC  0|TAMS 0x0000000700600000, 0x0000000700600000|
|   7|0x0000000700700000, 0x00000007007fc168, 0x0000000700800000| 98%| O|  |TS  0|AC  0|TAMS 0x0000000700700000, 0x0000000700700000|
|   8|0x0000000700800000, 0x00000007008f62b8, 0x0000000700900000| 96%| O|  |TS  0|AC  0|TAMS 0x0000000700800000, 0x0000000700800000|
|   9|0x0000000700900000, 0x00000007009edb08, 0x0000000700a00000| 92%| O|  |TS  0|AC  0|TAMS 0x0000000700900000, 0x0000000700900000|
|  10|0x0000000700a00000, 0x0000000700afffb0, 0x0000000700b00000| 99%| O|  |TS  0|AC  0|TAMS 0x0000000700a00000, 0x0000000700a00000|
|  11|0x0000000700b00000, 0x0000000700bffff0, 0x0000000700c00000| 99%| O|  |TS  0|AC  0|TAMS 0x0000000700b00000, 0x0000000700b00000|
|  12|0x0000000700c00000, 0x0000000700cffc30, 0x0000000700d00000| 99%| O|  |TS  0|AC  0|TAMS 0x0000000700c00000, 0x0000000700c00000|
|  13|0x0000000700d00000, 0x0000000700dee568, 0x0000000700e00000| 93%| O|  |TS  0|AC  0|TAMS 0x0000000700d00000, 0x0000000700d00000|
|  14|0x0000000700e00000, 0x0000000700efffd8, 0x0000000700f00000| 99%| O|  |TS  0|AC  0|TAMS 0x0000000700e00000, 0x0000000700e00000|
|  15|0x0000000700f00000, 0x0000000701000000, 0x0000000701000000|100%| O|  |TS  0|AC  0|TAMS 0x0000000700f00000, 0x0000000700f00000|
|  16|0x0000000701000000, 0x00000007010db0b8, 0x0000000701100000| 85%| O|  |TS  0|AC  0|TAMS 0x0000000701000000, 0x0000000701000000|
|  17|0x0000000701100000, 0x00000007011fff38, 0x0000000701200000| 99%| O|  |TS  0|AC  0|TAMS 0x0000000701100000, 0x0000000701100000|
|  18|0x0000000701200000, 0x0000000701300000, 0x0000000701300000|100%| O|  |TS  0|AC  0|TAMS 0x0000000701200000, 0x0000000701200000|
|  19|0x0000000701300000, 0x00000007013fffe8, 0x0000000701400000| 99%| O|  |TS  0|AC  0|TAMS 0x0000000701300000, 0x0000000701300000|
|  20|0x0000000701400000, 0x0000000701500000, 0x0000000701500000|100%| O|  |TS  0|AC  0|TAMS 0x0000000701400000, 0x0000000701400000|
|  21|0x0000000701500000, 0x00000007015ff250, 0x0000000701600000| 99%| O|  |TS  0|AC  0|TAMS 0x0000000701500000, 0x0000000701500000|
|  22|0x0000000701600000, 0x00000007016fffd8, 0x0000000701700000| 99%| O|  |TS  0|AC  0|TAMS 0x0000000701600000, 0x0000000701600000|
|  23|0x0000000701700000, 0x00000007017ffff8, 0x0000000701800000| 99%| O|  |TS  0|AC  0|TAMS 0x0000000701700000, 0x0000000701700000|
|  24|0x0000000701800000, 0x0000000701900000, 0x0000000701900000|100%| O|  |TS  0|AC  0|TAMS 0x0000000701800000, 0x0000000701800000|
|  25|0x0000000701900000, 0x00000007019ffff8, 0x0000000701a00000| 99%| O|  |TS  0|AC  0|TAMS 0x0000000701900000, 0x0000000701900000|
|  26|0x0000000701a00000, 0x0000000701afffb8, 0x0000000701b00000| 99%| O|  |TS  0|AC  0|TAMS 0x0000000701a00000, 0x0000000701a00000|
|  27|0x0000000701b00000, 0x0000000701bffff0, 0x0000000701c00000| 99%| O|  |TS  0|AC  0|TAMS 0x0000000701b00000, 0x0000000701b00000|
|  28|0x0000000701c00000, 0x0000000701d00000, 0x0000000701d00000|100%| O|  |TS  0|AC  0|TAMS 0x0000000701c00000, 0x0000000701c00000|
|  29|0x0000000701d00000, 0x0000000701e00000, 0x0000000701e00000|100%| O|  |TS  0|AC  0|TAMS 0x0000000701d00000, 0x0000000701d00000|
|  30|0x0000000701e00000, 0x0000000701effe18, 0x0000000701f00000| 99%| O|  |TS  0|AC  0|TAMS 0x0000000701e00000, 0x0000000701e00000|
|  31|0x0000000701f00000, 0x0000000701fffff0, 0x0000000702000000| 99%| O|  |TS  0|AC  0|TAMS 0x0000000701f00000, 0x0000000701f00000|
|  32|0x0000000702000000, 0x0000000702100000, 0x0000000702100000|100%| O|  |TS  0|AC  0|TAMS 0x0000000702000000, 0x0000000702000000|
|  33|0x0000000702100000, 0x00000007021fffe8, 0x0000000702200000| 99%| O|  |TS  0|AC  0|TAMS 0x0000000702100000, 0x0000000702100000|
|  34|0x0000000702200000, 0x0000000702300000, 0x0000000702300000|100%| O|  |TS  0|AC  0|TAMS 0x0000000702200000, 0x0000000702200000|
|  35|0x0000000702300000, 0x00000007023fff68, 0x0000000702400000| 99%| O|  |TS  0|AC  0|TAMS 0x0000000702300000, 0x0000000702300000|
|  36|0x0000000702400000, 0x00000007024fffb8, 0x0000000702500000| 99%| O|  |TS  0|AC  0|TAMS 0x0000000702400000, 0x0000000702400000|
|  37|0x0000000702500000, 0x00000007025ffef0, 0x0000000702600000| 99%| O|  |TS  0|AC  0|TAMS 0x0000000702500000, 0x0000000702500000|
|  38|0x0000000702600000, 0x00000007026fffd8, 0x0000000702700000| 99%| O|  |TS  0|AC  0|TAMS 0x0000000702600000, 0x0000000702600000|
|  39|0x0000000702700000, 0x00000007027fff18, 0x0000000702800000| 99%| O|  |TS  0|AC  0|TAMS 0x0000000702700000, 0x0000000702700000|
|  40|0x0000000702800000, 0x0000000702900000, 0x0000000702900000|100%| O|  |TS  0|AC  0|TAMS 0x0000000702800000, 0x0000000702800000|
|  41|0x0000000702900000, 0x00000007029ffff0, 0x0000000702a00000| 99%| O|  |TS  0|AC  0|TAMS 0x0000000702900000, 0x0000000702900000|
|  42|0x0000000702a00000, 0x0000000702affff8, 0x0000000702b00000| 99%| O|  |TS  0|AC  0|TAMS 0x0000000702a00000, 0x0000000702a00000|
|  43|0x0000000702b00000, 0x0000000702c00000, 0x0000000702c00000|100%|HS|  |TS  0|AC  0|TAMS 0x0000000702b00000, 0x0000000702b00000|
|  44|0x0000000702c00000, 0x0000000702d00000, 0x0000000702d00000|100%|HC|  |TS  0|AC  0|TAMS 0x0000000702c00000, 0x0000000702c00000|
|  45|0x0000000702d00000, 0x0000000702e00000, 0x0000000702e00000|100%|HC|  |TS  0|AC  0|TAMS 0x0000000702d00000, 0x0000000702d00000|
|  46|0x0000000702e00000, 0x0000000702f00000, 0x0000000702f00000|100%|HC|  |TS  0|AC  0|TAMS 0x0000000702e00000, 0x0000000702e00000|
|  47|0x0000000702f00000, 0x0000000703000000, 0x0000000703000000|100%|HC|  |TS  0|AC  0|TAMS 0x0000000702f00000, 0x0000000702f00000|
|  48|0x0000000703000000, 0x0000000703100000, 0x0000000703100000|100%|HC|  |TS  0|AC  0|TAMS 0x0000000703000000, 0x0000000703000000|
|  49|0x0000000703100000, 0x0000000703200000, 0x0000000703200000|100%|HC|  |TS  0|AC  0|TAMS 0x0000000703100000, 0x0000000703100000|
|  50|0x0000000703200000, 0x00000007032fff78, 0x0000000703300000| 99%| O|  |TS  0|AC  0|TAMS 0x0000000703200000, 0x0000000703200000|
|  51|0x0000000703300000, 0x00000007033fffd8, 0x0000000703400000| 99%| O|  |TS  0|AC  0|TAMS 0x0000000703300000, 0x0000000703300000|
|  52|0x0000000703400000, 0x0000000703500000, 0x0000000703500000|100%| O|  |TS  0|AC  0|TAMS 0x0000000703400000, 0x0000000703400000|
|  53|0x0000000703500000, 0x00000007035ffff0, 0x0000000703600000| 99%| O|  |TS  0|AC  0|TAMS 0x0000000703500000, 0x0000000703500000|
|  54|0x0000000703600000, 0x00000007036687c8, 0x0000000703700000| 40%| O|  |TS  0|AC  0|TAMS 0x0000000703600000, 0x0000000703600000|
|  55|0x0000000703700000, 0x0000000703700000, 0x0000000703800000|  0%| F|  |TS  0|AC  0|TAMS 0x0000000703700000, 0x0000000703700000|
|  56|0x0000000703800000, 0x0000000703800000, 0x0000000703900000|  0%| F|  |TS  0|AC  0|TAMS 0x0000000703800000, 0x0000000703800000|
|  57|0x0000000703900000, 0x0000000703900000, 0x0000000703a00000|  0%| F|  |TS  0|AC  0|TAMS 0x0000000703900000, 0x0000000703900000|
|  58|0x0000000703a00000, 0x0000000703a00000, 0x0000000703b00000|  0%| F|  |TS  0|AC  0|TAMS 0x0000000703a00000, 0x0000000703a00000|
|  59|0x0000000703b00000, 0x0000000703b00000, 0x0000000703c00000|  0%| F|  |TS  0|AC  0|TAMS 0x0000000703b00000, 0x0000000703b00000|
|  60|0x0000000703c00000, 0x0000000703c00000, 0x0000000703d00000|  0%| F|  |TS  0|AC  0|TAMS 0x0000000703c00000, 0x0000000703c00000|
|  61|0x0000000703d00000, 0x0000000703d00000, 0x0000000703e00000|  0%| F|  |TS  0|AC  0|TAMS 0x0000000703d00000, 0x0000000703d00000|
|  62|0x0000000703e00000, 0x0000000703e00000, 0x0000000703f00000|  0%| F|  |TS  0|AC  0|TAMS 0x0000000703e00000, 0x0000000703e00000|
|  63|0x0000000703f00000, 0x0000000703f00000, 0x0000000704000000|  0%| F|  |TS  0|AC  0|TAMS 0x0000000703f00000, 0x0000000703f00000|
|  64|0x0000000704000000, 0x0000000704000000, 0x0000000704100000|  0%| F|  |TS  0|AC  0|TAMS 0x0000000704000000, 0x0000000704000000|
|  65|0x0000000704100000, 0x0000000704100000, 0x0000000704200000|  0%| F|  |TS  0|AC  0|TAMS 0x0000000704100000, 0x0000000704100000|
|  66|0x0000000704200000, 0x0000000704200000, 0x0000000704300000|  0%| F|  |TS  0|AC  0|TAMS 0x0000000704200000, 0x0000000704200000|
|  67|0x0000000704300000, 0x0000000704300000, 0x0000000704400000|  0%| F|  |TS  0|AC  0|TAMS 0x0000000704300000, 0x0000000704300000|
|  68|0x0000000704400000, 0x0000000704400000, 0x0000000704500000|  0%| F|  |TS  0|AC  0|TAMS 0x0000000704400000, 0x0000000704400000|
|  69|0x0000000704500000, 0x0000000704500000, 0x0000000704600000|  0%| F|  |TS  0|AC  0|TAMS 0x0000000704500000, 0x0000000704500000|
|  70|0x0000000704600000, 0x0000000704600000, 0x0000000704700000|  0%| F|  |TS  0|AC  0|TAMS 0x0000000704600000, 0x0000000704600000|
|  71|0x0000000704700000, 0x0000000704700000, 0x0000000704800000|  0%| F|  |TS  0|AC  0|TAMS 0x0000000704700000, 0x0000000704700000|
|  72|0x0000000704800000, 0x0000000704800000, 0x0000000704900000|  0%| F|  |TS  0|AC  0|TAMS 0x0000000704800000, 0x0000000704800000|
|  73|0x0000000704900000, 0x0000000704900000, 0x0000000704a00000|  0%| F|  |TS  0|AC  0|TAMS 0x0000000704900000, 0x0000000704900000|
|  74|0x0000000704a00000, 0x0000000704a00000, 0x0000000704b00000|  0%| F|  |TS  0|AC  0|TAMS 0x0000000704a00000, 0x0000000704a00000|
|  75|0x0000000704b00000, 0x0000000704b00000, 0x0000000704c00000|  0%| F|  |TS  0|AC  0|TAMS 0x0000000704b00000, 0x0000000704b00000|
|  76|0x0000000704c00000, 0x0000000704c00000, 0x0000000704d00000|  0%| F|  |TS  0|AC  0|TAMS 0x0000000704c00000, 0x0000000704c00000|
|  77|0x0000000704d00000, 0x0000000704d00000, 0x0000000704e00000|  0%| F|  |TS  0|AC  0|TAMS 0x0000000704d00000, 0x0000000704d00000|
|  78|0x0000000704e00000, 0x0000000704e00000, 0x0000000704f00000|  0%| F|  |TS  0|AC  0|TAMS 0x0000000704e00000, 0x0000000704e00000|
|  79|0x0000000704f00000, 0x0000000704f00000, 0x0000000705000000|  0%| F|  |TS  0|AC  0|TAMS 0x0000000704f00000, 0x0000000704f00000|
|  80|0x0000000705000000, 0x0000000705000000, 0x0000000705100000|  0%| F|  |TS  0|AC  0|TAMS 0x0000000705000000, 0x0000000705000000|
|  81|0x0000000705100000, 0x0000000705100000, 0x0000000705200000|  0%| F|  |TS  0|AC  0|TAMS 0x0000000705100000, 0x0000000705100000|
|  82|0x0000000705200000, 0x0000000705200000, 0x0000000705300000|  0%| F|  |TS  0|AC  0|TAMS 0x0000000705200000, 0x0000000705200000|
|  83|0x0000000705300000, 0x0000000705300000, 0x0000000705400000|  0%| F|  |TS  0|AC  0|TAMS 0x0000000705300000, 0x0000000705300000|
|  84|0x0000000705400000, 0x0000000705400000, 0x0000000705500000|  0%| F|  |TS  0|AC  0|TAMS 0x0000000705400000, 0x0000000705400000|
|  85|0x0000000705500000, 0x0000000705500000, 0x0000000705600000|  0%| F|  |TS  0|AC  0|TAMS 0x0000000705500000, 0x0000000705500000|
|  86|0x0000000705600000, 0x0000000705600000, 0x0000000705700000|  0%| F|  |TS  0|AC  0|TAMS 0x0000000705600000, 0x0000000705600000|
|  87|0x0000000705700000, 0x0000000705700000, 0x0000000705800000|  0%| F|  |TS  0|AC  0|TAMS 0x0000000705700000, 0x0000000705700000|
|  88|0x0000000705800000, 0x0000000705800000, 0x0000000705900000|  0%| F|  |TS  0|AC  0|TAMS 0x0000000705800000, 0x0000000705800000|
|  89|0x0000000705900000, 0x0000000705900000, 0x0000000705a00000|  0%| F|  |TS  0|AC  0|TAMS 0x0000000705900000, 0x0000000705900000|
|  90|0x0000000705a00000, 0x0000000705a00000, 0x0000000705b00000|  0%| F|  |TS  0|AC  0|TAMS 0x0000000705a00000, 0x0000000705a00000|
|  91|0x0000000705b00000, 0x0000000705b00000, 0x0000000705c00000|  0%| F|  |TS  0|AC  0|TAMS 0x0000000705b00000, 0x0000000705b00000|
|  92|0x0000000705c00000, 0x0000000705c00000, 0x0000000705d00000|  0%| F|  |TS  0|AC  0|TAMS 0x0000000705c00000, 0x0000000705c00000|
|  93|0x0000000705d00000, 0x0000000705d00000, 0x0000000705e00000|  0%| F|  |TS  0|AC  0|TAMS 0x0000000705d00000, 0x0000000705d00000|
|  94|0x0000000705e00000, 0x0000000705e00000, 0x0000000705f00000|  0%| F|  |TS  0|AC  0|TAMS 0x0000000705e00000, 0x0000000705e00000|
|  95|0x0000000705f00000, 0x0000000705f00000, 0x0000000706000000|  0%| F|  |TS  0|AC  0|TAMS 0x0000000705f00000, 0x0000000705f00000|
|  96|0x0000000706000000, 0x0000000706000000, 0x0000000706100000|  0%| F|  |TS  0|AC  0|TAMS 0x0000000706000000, 0x0000000706000000|
|  97|0x0000000706100000, 0x0000000706100000, 0x0000000706200000|  0%| F|  |TS  0|AC  0|TAMS 0x0000000706100000, 0x0000000706100000|
|  98|0x0000000706200000, 0x0000000706200000, 0x0000000706300000|  0%| F|  |TS  0|AC  0|TAMS 0x0000000706200000, 0x0000000706200000|
|  99|0x0000000706300000, 0x0000000706300000, 0x0000000706400000|  0%| F|  |TS  0|AC  0|TAMS 0x0000000706300000, 0x0000000706300000|
| 100|0x0000000706400000, 0x0000000706400000, 0x0000000706500000|  0%| F|  |TS  0|AC  0|TAMS 0x0000000706400000, 0x0000000706400000|
| 101|0x0000000706500000, 0x0000000706500000, 0x0000000706600000|  0%| F|  |TS  0|AC  0|TAMS 0x0000000706500000, 0x0000000706500000|
| 102|0x0000000706600000, 0x0000000706600000, 0x0000000706700000|  0%| F|  |TS  0|AC  0|TAMS 0x0000000706600000, 0x0000000706600000|
| 103|0x0000000706700000, 0x0000000706700000, 0x0000000706800000|  0%| F|  |TS  0|AC  0|TAMS 0x0000000706700000, 0x0000000706700000|
| 104|0x0000000706800000, 0x0000000706800000, 0x0000000706900000|  0%| F|  |TS  0|AC  0|TAMS 0x0000000706800000, 0x0000000706800000|
| 105|0x0000000706900000, 0x0000000706900000, 0x0000000706a00000|  0%| F|  |TS  0|AC  0|TAMS 0x0000000706900000, 0x0000000706900000|
| 106|0x0000000706a00000, 0x0000000706a00000, 0x0000000706b00000|  0%| F|  |TS  0|AC  0|TAMS 0x0000000706a00000, 0x0000000706a00000|
| 107|0x0000000706b00000, 0x0000000706b00000, 0x0000000706c00000|  0%| F|  |TS  0|AC  0|TAMS 0x0000000706b00000, 0x0000000706b00000|
| 108|0x0000000706c00000, 0x0000000706c00000, 0x0000000706d00000|  0%| F|  |TS  0|AC  0|TAMS 0x0000000706c00000, 0x0000000706c00000|
| 109|0x0000000706d00000, 0x0000000706d00000, 0x0000000706e00000|  0%| F|  |TS  0|AC  0|TAMS 0x0000000706d00000, 0x0000000706d00000|
| 110|0x0000000706e00000, 0x0000000706e00000, 0x0000000706f00000|  0%| F|  |TS  0|AC  0|TAMS 0x0000000706e00000, 0x0000000706e00000|
| 111|0x0000000706f00000, 0x0000000706f00000, 0x0000000707000000|  0%| F|  |TS  0|AC  0|TAMS 0x0000000706f00000, 0x0000000706f00000|
| 112|0x0000000707000000, 0x0000000707000000, 0x0000000707100000|  0%| F|  |TS  0|AC  0|TAMS 0x0000000707000000, 0x0000000707000000|
| 113|0x0000000707100000, 0x0000000707100000, 0x0000000707200000|  0%| F|  |TS  0|AC  0|TAMS 0x0000000707100000, 0x0000000707100000|
| 114|0x0000000707200000, 0x0000000707200000, 0x0000000707300000|  0%| F|  |TS  0|AC  0|TAMS 0x0000000707200000, 0x0000000707200000|
| 115|0x0000000707300000, 0x0000000707300000, 0x0000000707400000|  0%| F|  |TS  0|AC  0|TAMS 0x0000000707300000, 0x0000000707300000|
| 116|0x0000000707400000, 0x0000000707400000, 0x0000000707500000|  0%| F|  |TS  0|AC  0|TAMS 0x0000000707400000, 0x0000000707400000|
| 117|0x0000000707500000, 0x0000000707500000, 0x0000000707600000|  0%| F|  |TS  0|AC  0|TAMS 0x0000000707500000, 0x0000000707500000|
| 118|0x0000000707600000, 0x0000000707600000, 0x0000000707700000|  0%| F|  |TS  0|AC  0|TAMS 0x0000000707600000, 0x0000000707600000|
| 119|0x0000000707700000, 0x0000000707700000, 0x0000000707800000|  0%| F|  |TS  0|AC  0|TAMS 0x0000000707700000, 0x0000000707700000|
| 120|0x0000000707800000, 0x0000000707800000, 0x0000000707900000|  0%| F|  |TS  0|AC  0|TAMS 0x0000000707800000, 0x0000000707800000|
| 121|0x0000000707900000, 0x0000000707900000, 0x0000000707a00000|  0%| F|  |TS  0|AC  0|TAMS 0x0000000707900000, 0x0000000707900000|
| 122|0x0000000707a00000, 0x0000000707a00000, 0x0000000707b00000|  0%| F|  |TS  0|AC  0|TAMS 0x0000000707a00000, 0x0000000707a00000|
| 123|0x0000000707b00000, 0x0000000707b00000, 0x0000000707c00000|  0%| F|  |TS  0|AC  0|TAMS 0x0000000707b00000, 0x0000000707b00000|
| 124|0x0000000707c00000, 0x0000000707c00000, 0x0000000707d00000|  0%| F|  |TS  0|AC  0|TAMS 0x0000000707c00000, 0x0000000707c00000|
| 125|0x0000000707d00000, 0x0000000707d00000, 0x0000000707e00000|  0%| F|  |TS  0|AC  0|TAMS 0x0000000707d00000, 0x0000000707d00000|
| 126|0x0000000707e00000, 0x0000000707e00000, 0x0000000707f00000|  0%| F|  |TS  0|AC  0|TAMS 0x0000000707e00000, 0x0000000707e00000|
| 127|0x0000000707f00000, 0x0000000707f00000, 0x0000000708000000|  0%| F|  |TS  0|AC  0|TAMS 0x0000000707f00000, 0x0000000707f00000|
| 128|0x0000000708000000, 0x0000000708000000, 0x0000000708100000|  0%| F|  |TS  0|AC  0|TAMS 0x0000000708000000, 0x0000000708000000|
| 129|0x0000000708100000, 0x0000000708100000, 0x0000000708200000|  0%| F|  |TS  0|AC  0|TAMS 0x0000000708100000, 0x0000000708100000|
| 130|0x0000000708200000, 0x0000000708200000, 0x0000000708300000|  0%| F|  |TS  0|AC  0|TAMS 0x0000000708200000, 0x0000000708200000|
| 131|0x0000000708300000, 0x0000000708300000, 0x0000000708400000|  0%| F|  |TS  0|AC  0|TAMS 0x0000000708300000, 0x0000000708300000|
| 132|0x0000000708400000, 0x0000000708400000, 0x0000000708500000|  0%| F|  |TS  0|AC  0|TAMS 0x0000000708400000, 0x0000000708400000|
| 133|0x0000000708500000, 0x0000000708500000, 0x0000000708600000|  0%| F|  |TS  0|AC  0|TAMS 0x0000000708500000, 0x0000000708500000|
| 134|0x0000000708600000, 0x0000000708600000, 0x0000000708700000|  0%| F|  |TS  0|AC  0|TAMS 0x0000000708600000, 0x0000000708600000|
| 135|0x0000000708700000, 0x0000000708700000, 0x0000000708800000|  0%| F|  |TS  0|AC  0|TAMS 0x0000000708700000, 0x0000000708700000|
| 136|0x0000000708800000, 0x0000000708800000, 0x0000000708900000|  0%| F|  |TS  0|AC  0|TAMS 0x0000000708800000, 0x0000000708800000|
| 137|0x0000000708900000, 0x0000000708900000, 0x0000000708a00000|  0%| F|  |TS  0|AC  0|TAMS 0x0000000708900000, 0x0000000708900000|
| 138|0x0000000708a00000, 0x0000000708a00000, 0x0000000708b00000|  0%| F|  |TS  0|AC  0|TAMS 0x0000000708a00000, 0x0000000708a00000|
| 139|0x0000000708b00000, 0x0000000708b00000, 0x0000000708c00000|  0%| F|  |TS  0|AC  0|TAMS 0x0000000708b00000, 0x0000000708b00000|
| 140|0x0000000708c00000, 0x0000000708c00000, 0x0000000708d00000|  0%| F|  |TS  0|AC  0|TAMS 0x0000000708c00000, 0x0000000708c00000|
| 141|0x0000000708d00000, 0x0000000708d00000, 0x0000000708e00000|  0%| F|  |TS  0|AC  0|TAMS 0x0000000708d00000, 0x0000000708d00000|
| 142|0x0000000708e00000, 0x0000000708e00000, 0x0000000708f00000|  0%| F|  |TS  0|AC  0|TAMS 0x0000000708e00000, 0x0000000708e00000|
| 143|0x0000000708f00000, 0x0000000708f00000, 0x0000000709000000|  0%| F|  |TS  0|AC  0|TAMS 0x0000000708f00000, 0x0000000708f00000|
| 144|0x0000000709000000, 0x0000000709000000, 0x0000000709100000|  0%| F|  |TS  0|AC  0|TAMS 0x0000000709000000, 0x0000000709000000|
| 145|0x0000000709100000, 0x0000000709100000, 0x0000000709200000|  0%| F|  |TS  0|AC  0|TAMS 0x0000000709100000, 0x0000000709100000|
| 146|0x0000000709200000, 0x0000000709200000, 0x0000000709300000|  0%| F|  |TS  0|AC  0|TAMS 0x0000000709200000, 0x0000000709200000|
| 147|0x0000000709300000, 0x0000000709300000, 0x0000000709400000|  0%| F|  |TS  0|AC  0|TAMS 0x0000000709300000, 0x0000000709300000|
| 148|0x0000000709400000, 0x0000000709400000, 0x0000000709500000|  0%| F|  |TS  0|AC  0|TAMS 0x0000000709400000, 0x0000000709400000|
| 149|0x0000000709500000, 0x0000000709500000, 0x0000000709600000|  0%| F|  |TS  0|AC  0|TAMS 0x0000000709500000, 0x0000000709500000|
| 150|0x0000000709600000, 0x0000000709600000, 0x0000000709700000|  0%| F|  |TS  0|AC  0|TAMS 0x0000000709600000, 0x0000000709600000|
| 151|0x0000000709700000, 0x0000000709700000, 0x0000000709800000|  0%| F|  |TS  0|AC  0|TAMS 0x0000000709700000, 0x0000000709700000|
| 152|0x0000000709800000, 0x0000000709800000, 0x0000000709900000|  0%| F|  |TS  0|AC  0|TAMS 0x0000000709800000, 0x0000000709800000|
| 153|0x0000000709900000, 0x0000000709900000, 0x0000000709a00000|  0%| F|  |TS  0|AC  0|TAMS 0x0000000709900000, 0x0000000709900000|
| 154|0x0000000709a00000, 0x0000000709a00000, 0x0000000709b00000|  0%| F|  |TS  0|AC  0|TAMS 0x0000000709a00000, 0x0000000709a00000|
| 155|0x0000000709b00000, 0x0000000709b00000, 0x0000000709c00000|  0%| F|  |TS  0|AC  0|TAMS 0x0000000709b00000, 0x0000000709b00000|
| 156|0x0000000709c00000, 0x0000000709c00000, 0x0000000709d00000|  0%| F|  |TS  0|AC  0|TAMS 0x0000000709c00000, 0x0000000709c00000|
| 157|0x0000000709d00000, 0x0000000709d00000, 0x0000000709e00000|  0%| F|  |TS  0|AC  0|TAMS 0x0000000709d00000, 0x0000000709d00000|
| 158|0x0000000709e00000, 0x0000000709e00000, 0x0000000709f00000|  0%| F|  |TS  0|AC  0|TAMS 0x0000000709e00000, 0x0000000709e00000|
| 159|0x0000000709f00000, 0x0000000709f83340, 0x000000070a000000| 51%| E|  |TS  0|AC  0|TAMS 0x0000000709f00000, 0x0000000709f00000|
| 160|0x000000070a000000, 0x000000070a100000, 0x000000070a100000|100%| E|CS|TS  0|AC  0|TAMS 0x000000070a000000, 0x000000070a000000|
| 161|0x000000070a100000, 0x000000070a200000, 0x000000070a200000|100%| E|CS|TS  0|AC  0|TAMS 0x000000070a100000, 0x000000070a100000|
| 162|0x000000070a200000, 0x000000070a300000, 0x000000070a300000|100%| E|CS|TS  0|AC  0|TAMS 0x000000070a200000, 0x000000070a200000|
| 163|0x000000070a300000, 0x000000070a400000, 0x000000070a400000|100%| E|CS|TS  0|AC  0|TAMS 0x000000070a300000, 0x000000070a300000|
| 164|0x000000070a400000, 0x000000070a500000, 0x000000070a500000|100%| E|CS|TS  0|AC  0|TAMS 0x000000070a400000, 0x000000070a400000|
| 165|0x000000070a500000, 0x000000070a600000, 0x000000070a600000|100%| E|CS|TS  0|AC  0|TAMS 0x000000070a500000, 0x000000070a500000|
| 166|0x000000070a600000, 0x000000070a700000, 0x000000070a700000|100%| E|CS|TS  0|AC  0|TAMS 0x000000070a600000, 0x000000070a600000|
| 167|0x000000070a700000, 0x000000070a800000, 0x000000070a800000|100%| E|CS|TS  0|AC  0|TAMS 0x000000070a700000, 0x000000070a700000|
| 168|0x000000070a800000, 0x000000070a900000, 0x000000070a900000|100%| E|CS|TS  0|AC  0|TAMS 0x000000070a800000, 0x000000070a800000|
| 169|0x000000070a900000, 0x000000070aa00000, 0x000000070aa00000|100%| E|CS|TS  0|AC  0|TAMS 0x000000070a900000, 0x000000070a900000|
| 170|0x000000070aa00000, 0x000000070ab00000, 0x000000070ab00000|100%| E|CS|TS  0|AC  0|TAMS 0x000000070aa00000, 0x000000070aa00000|
| 171|0x000000070ab00000, 0x000000070ac00000, 0x000000070ac00000|100%| E|CS|TS  0|AC  0|TAMS 0x000000070ab00000, 0x000000070ab00000|
| 172|0x000000070ac00000, 0x000000070ad00000, 0x000000070ad00000|100%| E|CS|TS  0|AC  0|TAMS 0x000000070ac00000, 0x000000070ac00000|
| 173|0x000000070ad00000, 0x000000070ae00000, 0x000000070ae00000|100%| E|CS|TS  0|AC  0|TAMS 0x000000070ad00000, 0x000000070ad00000|
| 174|0x000000070ae00000, 0x000000070af00000, 0x000000070af00000|100%| E|CS|TS  0|AC  0|TAMS 0x000000070ae00000, 0x000000070ae00000|
| 175|0x000000070af00000, 0x000000070b000000, 0x000000070b000000|100%| E|CS|TS  0|AC  0|TAMS 0x000000070af00000, 0x000000070af00000|
| 176|0x000000070b000000, 0x000000070b100000, 0x000000070b100000|100%| E|CS|TS  0|AC  0|TAMS 0x000000070b000000, 0x000000070b000000|
| 177|0x000000070b100000, 0x000000070b200000, 0x000000070b200000|100%| E|CS|TS  0|AC  0|TAMS 0x000000070b100000, 0x000000070b100000|
| 178|0x000000070b200000, 0x000000070b300000, 0x000000070b300000|100%| E|CS|TS  0|AC  0|TAMS 0x000000070b200000, 0x000000070b200000|

Card table byte_map: [0x0000018234a20000,0x0000018235020000] byte_map_base: 0x0000018231220000

Marking Bits (Prev, Next): (CMBitMap*) 0x0000018234426648, (CMBitMap*) 0x0000018234426610
 Prev Bits: [0x0000018251120000, 0x0000018254120000)
 Next Bits: [0x000001824e120000, 0x0000018251120000)

Polling page: 0x0000018228e50000

CodeHeap 'non-profiled nmethods': size=119168Kb used=22870Kb max_used=22870Kb free=96297Kb
 bounds [0x0000018246cc0000, 0x0000018248320000, 0x000001824e120000]
CodeHeap 'profiled nmethods': size=119168Kb used=37139Kb max_used=38989Kb free=82028Kb
 bounds [0x000001823f860000, 0x0000018241ea0000, 0x0000018246cc0000]
CodeHeap 'non-nmethods': size=7424Kb used=3427Kb max_used=3490Kb free=3996Kb
 bounds [0x000001823f120000, 0x000001823f4a0000, 0x000001823f860000]
 total_blobs=33282 nmethods=16796 adapters=1049
 compilation: enabled

Compilation events (10 events):
Event: 24913.614 Thread 0x0000018234421000 nmethod 22383 0x0000018241336490 code [0x0000018241336640, 0x00000182413367f0]
Event: 24913.614 Thread 0x000001823441f800 22384   !   3       java.lang.StringCoding::decode (167 bytes)
Event: 24913.615 Thread 0x0000018234424000 nmethod 22381 0x000001824138d490 code [0x000001824138d640, 0x000001824138d898]
Event: 24913.615 Thread 0x0000018234421000 22385       3       sun.nio.cs.DoubleByte$Decoder::decode (178 bytes)
Event: 24913.615 Thread 0x0000018234424000 22386       1       java.nio.charset.CharsetDecoder::replacement (5 bytes)
Event: 24913.616 Thread 0x0000018234424000 nmethod 22386 0x0000018248318810 code [0x00000182483189c0, 0x0000018248318ad8]
Event: 24913.616 Thread 0x0000018234424000 22387       3       java.io.Writer::write (11 bytes)
Event: 24913.616 Thread 0x0000018234424000 nmethod 22387 0x0000018241639390 code [0x0000018241639560, 0x0000018241639990]
Event: 24913.617 Thread 0x000001823472a000 22388       4       java.lang.StringCoding$Result::with (49 bytes)
Event: 24913.618 Thread 0x0000018234424000 22389       3       sun.nio.cs.StreamEncoder::implFlushBuffer (15 bytes)

GC Heap History (10 events):
Event: 24833.925 GC heap before
{Heap before GC invocations=481 (full 14):
 garbage-first heap   total 157696K, used 118954K [0x0000000700000000, 0x00000007001004d0, 0x00000007c0000000)
  region size 1024K, 60 young (61440K), 1 survivors (1024K)
 Metaspace       used 77930K, capacity 79425K, committed 85504K, reserved 1122304K
  class space    used 10146K, capacity 10473K, committed 11776K, reserved 1048576K
}
Event: 24833.929 GC heap after
{Heap after GC invocations=482 (full 14):
 garbage-first heap   total 189440K, used 58542K [0x0000000700000000, 0x00000007001005c8, 0x00000007c0000000)
  region size 1024K, 1 young (1024K), 1 survivors (1024K)
 Metaspace       used 77930K, capacity 79425K, committed 85504K, reserved 1122304K
  class space    used 10146K, capacity 10473K, committed 11776K, reserved 1048576K
}
Event: 24844.013 GC heap before
{Heap before GC invocations=482 (full 14):
 garbage-first heap   total 189440K, used 114862K [0x0000000700000000, 0x00000007001005c8, 0x00000007c0000000)
  region size 1024K, 57 young (58368K), 1 survivors (1024K)
 Metaspace       used 78102K, capacity 79701K, committed 85504K, reserved 1122304K
  class space    used 10185K, capacity 10541K, committed 11776K, reserved 1048576K
}
Event: 24844.231 GC heap after
{Heap after GC invocations=483 (full 15):
 garbage-first heap   total 184320K, used 55229K [0x0000000700000000, 0x00000007001005a0, 0x00000007c0000000)
  region size 1024K, 0 young (0K), 0 survivors (0K)
 Metaspace       used 78102K, capacity 79701K, committed 85504K, reserved 1122304K
  class space    used 10185K, capacity 10541K, committed 11776K, reserved 1048576K
}
Event: 24858.792 GC heap before
{Heap before GC invocations=483 (full 15):
 garbage-first heap   total 184320K, used 69565K [0x0000000700000000, 0x00000007001005a0, 0x00000007c0000000)
  region size 1024K, 15 young (15360K), 0 survivors (0K)
 Metaspace       used 78126K, capacity 79701K, committed 85504K, reserved 1122304K
  class space    used 10185K, capacity 10541K, committed 11776K, reserved 1048576K
}
Event: 24858.965 GC heap after
{Heap after GC invocations=484 (full 16):
 garbage-first heap   total 183296K, used 54936K [0x0000000700000000, 0x0000000700100598, 0x00000007c0000000)
  region size 1024K, 0 young (0K), 0 survivors (0K)
 Metaspace       used 78126K, capacity 79701K, committed 85504K, reserved 1122304K
  class space    used 10185K, capacity 10541K, committed 11776K, reserved 1048576K
}
Event: 24873.812 GC heap before
{Heap before GC invocations=484 (full 16):
 garbage-first heap   total 183296K, used 69272K [0x0000000700000000, 0x0000000700100598, 0x00000007c0000000)
  region size 1024K, 15 young (15360K), 0 survivors (0K)
 Metaspace       used 78129K, capacity 79701K, committed 85504K, reserved 1122304K
  class space    used 10185K, capacity 10541K, committed 11776K, reserved 1048576K
}
Event: 24874.449 GC heap after
{Heap after GC invocations=485 (full 17):
 garbage-first heap   total 183296K, used 54935K [0x0000000700000000, 0x0000000700100598, 0x00000007c0000000)
  region size 1024K, 0 young (0K), 0 survivors (0K)
 Metaspace       used 78129K, capacity 79701K, committed 85504K, reserved 1122304K
  class space    used 10185K, capacity 10541K, committed 11776K, reserved 1048576K
}
Event: 24893.816 GC heap before
{Heap before GC invocations=485 (full 17):
 garbage-first heap   total 183296K, used 73367K [0x0000000700000000, 0x0000000700100598, 0x00000007c0000000)
  region size 1024K, 19 young (19456K), 0 survivors (0K)
 Metaspace       used 78137K, capacity 79701K, committed 85504K, reserved 1122304K
  class space    used 10185K, capacity 10541K, committed 11776K, reserved 1048576K
}
Event: 24894.031 GC heap after
{Heap after GC invocations=486 (full 18):
 garbage-first heap   total 183296K, used 54941K [0x0000000700000000, 0x0000000700100598, 0x00000007c0000000)
  region size 1024K, 0 young (0K), 0 survivors (0K)
 Metaspace       used 78137K, capacity 79701K, committed 85504K, reserved 1122304K
  class space    used 10185K, capacity 10541K, committed 11776K, reserved 1048576K
}

Deoptimization events (10 events):
Event: 24835.429 Thread 0x0000018256c3a800 Uncommon trap: reason=unstable_if action=reinterpret pc=0x00000182480943d4 method=java.awt.DefaultKeyboardFocusManager.dequeueKeyEvents(JLjava/awt/Component;)V @ 119 c2
Event: 24835.801 Thread 0x0000018256c3a800 Uncommon trap: reason=class_check action=maybe_recompile pc=0x0000018247b9b598 method=javax.swing.plaf.basic.BasicLabelUI.layout(Ljavax/swing/JLabel;Ljava/awt/FontMetrics;II)Ljava/lang/String; @ 180 c2
Event: 24836.307 Thread 0x0000018256c3a800 Uncommon trap: reason=unstable_if action=reinterpret pc=0x00000182475ceb5c method=ui.data.experiment.G.fP()V @ 39 c2
Event: 24845.435 Thread 0x0000018256c3a800 Uncommon trap: reason=class_check action=maybe_recompile pc=0x0000018247b9b598 method=javax.swing.plaf.basic.BasicLabelUI.layout(Ljavax/swing/JLabel;Ljava/awt/FontMetrics;II)Ljava/lang/String; @ 180 c2
Event: 24845.485 Thread 0x0000018256c3a800 Uncommon trap: reason=unstable_if action=reinterpret pc=0x0000018247c38658 method=javax.swing.Timer$DoPostEvent.run()V @ 71 c2
Event: 24845.536 Thread 0x000001823233f800 Uncommon trap: reason=unstable_if action=reinterpret pc=0x0000018247eb7fec method=javax.swing.Timer.post()V @ 9 c2
Event: 24845.585 Thread 0x000001823233f800 Uncommon trap: reason=unstable_if action=reinterpret pc=0x0000018247c6a1c8 method=javax.swing.Timer.post()V @ 9 c2
Event: 24851.560 Thread 0x0000018256c3a800 Uncommon trap: reason=predicate action=maybe_recompile pc=0x0000018247cdff10 method=java.awt.EventDispatchThread.pumpEventsForFilter(ILjava/awt/Conditional;Ljava/awt/EventFilter;)V @ 10 c2
Event: 24913.593 Thread 0x0000018256c3a800 Uncommon trap: reason=unstable_if action=reinterpret pc=0x0000018247744734 method=java.lang.StringCoding$StringDecoder.decode([BII)Ljava/lang/StringCoding$Result; @ 25 c2
Event: 24913.608 Thread 0x0000018256c3a800 Uncommon trap: reason=unstable_if action=reinterpret pc=0x000001824716dfb4 method=java.lang.StringCoding.hasNegatives([BII)Z @ 12 c2

Classes redefined (0 events):
No events

Internal exceptions (10 events):
Event: 24913.618 Thread 0x0000018256c3a800 Exception <a 'java/io/IOException'{0x000000070a0f14d8}> (0x000000070a0f14d8) thrown at [t:/workspace/hotspot/src/share/vm/prims/jni.cpp, line 604]
Event: 24913.618 Thread 0x0000018256c3a800 Exception <a 'java/io/IOException'{0x000000070a0f1b58}> (0x000000070a0f1b58) thrown at [t:/workspace/hotspot/src/share/vm/prims/jni.cpp, line 604]
Event: 24913.618 Thread 0x0000018256c3a800 Exception <a 'java/io/IOException'{0x000000070a0f2468}> (0x000000070a0f2468) thrown at [t:/workspace/hotspot/src/share/vm/prims/jni.cpp, line 604]
Event: 24913.618 Thread 0x0000018256c3a800 Exception <a 'java/io/IOException'{0x000000070a0f2b18}> (0x000000070a0f2b18) thrown at [t:/workspace/hotspot/src/share/vm/prims/jni.cpp, line 604]
Event: 24913.618 Thread 0x0000018256c3a800 Exception <a 'java/io/IOException'{0x000000070a0f3198}> (0x000000070a0f3198) thrown at [t:/workspace/hotspot/src/share/vm/prims/jni.cpp, line 604]
Event: 24913.618 Thread 0x0000018256c3a800 Exception <a 'java/io/IOException'{0x000000070a0f3be8}> (0x000000070a0f3be8) thrown at [t:/workspace/hotspot/src/share/vm/prims/jni.cpp, line 604]
Event: 24913.618 Thread 0x0000018256c3a800 Exception <a 'java/io/IOException'{0x000000070a0f4298}> (0x000000070a0f4298) thrown at [t:/workspace/hotspot/src/share/vm/prims/jni.cpp, line 604]
Event: 24913.618 Thread 0x0000018256c3a800 Exception <a 'java/io/IOException'{0x000000070a0f4918}> (0x000000070a0f4918) thrown at [t:/workspace/hotspot/src/share/vm/prims/jni.cpp, line 604]
Event: 24913.618 Thread 0x0000018256c3a800 Exception <a 'java/io/IOException'{0x000000070a0f5368}> (0x000000070a0f5368) thrown at [t:/workspace/hotspot/src/share/vm/prims/jni.cpp, line 604]
Event: 24913.618 Thread 0x0000018256c3a800 Exception <a 'java/io/IOException'{0x000000070a0f5a18}> (0x000000070a0f5a18) thrown at [t:/workspace/hotspot/src/share/vm/prims/jni.cpp, line 604]

Events (10 events):
Event: 24913.593 Thread 0x0000018256c3a800 Uncommon trap: trap_request=0xffffff5d fr.pc=0x0000018247744734 relative=0x00000000000046b4
Event: 24913.593 Thread 0x0000018256c3a800 DEOPT PACKING pc=0x0000018247744734 sp=0x00000074bb8f5f20
Event: 24913.595 Thread 0x0000018256c3a800 DEOPT UNPACKING pc=0x000001823f16df29 sp=0x00000074bb8f5e58 mode 2
Event: 24913.599 loading class java/io/InterruptedIOException
Event: 24913.602 loading class java/io/InterruptedIOException done
Event: 24913.604 loading class java/lang/Throwable$WrappedPrintStream
Event: 24913.605 loading class java/lang/Throwable$WrappedPrintStream done
Event: 24913.608 Thread 0x0000018256c3a800 Uncommon trap: trap_request=0xffffff5d fr.pc=0x000001824716dfb4 relative=0x0000000000000114
Event: 24913.609 Thread 0x0000018256c3a800 DEOPT PACKING pc=0x000001824716dfb4 sp=0x00000074bb8f5bc0
Event: 24913.609 Thread 0x0000018256c3a800 DEOPT UNPACKING pc=0x000001823f16df29 sp=0x00000074bb8f5b58 mode 2


Dynamic libraries:
0x00007ff6368c0000 - 0x00007ff6368f0000 	C:\Xilinx2019\Vivado\2019.2\bin\unwrapped\win64.o\vivado.exe
0x00007ffc59cf0000 - 0x00007ffc59f07000 	C:\WINDOWS\SYSTEM32\ntdll.dll
0x00007ffc57a60000 - 0x00007ffc57b24000 	C:\WINDOWS\System32\KERNEL32.DLL
0x00007ffc570e0000 - 0x00007ffc57499000 	C:\WINDOWS\System32\KERNELBASE.dll
0x00007ffc57540000 - 0x00007ffc57651000 	C:\WINDOWS\System32\ucrtbase.dll
0x00007ffc3adf0000 - 0x00007ffc3ae7d000 	C:\WINDOWS\SYSTEM32\MSVCP140.dll
0x00007ffc3ad80000 - 0x00007ffc3ad9e000 	C:\WINDOWS\SYSTEM32\VCRUNTIME140.dll
0x00007ffc3ac80000 - 0x00007ffc3ac8c000 	C:\WINDOWS\SYSTEM32\VCRUNTIME140_1.dll
0x00007ffc3a1f0000 - 0x00007ffc3a204000 	C:\Xilinx2019\Vivado\2019.2\lib\win64.o\libboost_signals.dll
0x00007ffc3a1d0000 - 0x00007ffc3a1e6000 	C:\Xilinx2019\Vivado\2019.2\lib\win64.o\librdi_commonmain.dll
0x00007ffbdfbc0000 - 0x00007ffbe0b03000 	C:\Xilinx2019\Vivado\2019.2\lib\win64.o\librdi_common.dll
0x00007ffc3bdd0000 - 0x00007ffc3bdda000 	C:\Xilinx2019\Vivado\2019.2\lib\win64.o\librdi_commonversion.dll
0x00007ffc3a160000 - 0x00007ffc3a186000 	C:\Xilinx2019\Vivado\2019.2\lib\win64.o\libboost_filesystem.dll
0x00007ffbe21c0000 - 0x00007ffbe2361000 	C:\Xilinx2019\Vivado\2019.2\lib\win64.o\librdi_commonxillic.dll
0x00007ffc57cb0000 - 0x00007ffc57d62000 	C:\WINDOWS\System32\ADVAPI32.dll
0x00007ffc58220000 - 0x00007ffc582c7000 	C:\WINDOWS\System32\msvcrt.dll
0x00007ffc58640000 - 0x00007ffc586e7000 	C:\WINDOWS\System32\sechost.dll
0x00007ffc57660000 - 0x00007ffc57688000 	C:\WINDOWS\System32\bcrypt.dll
0x00007ffc586f0000 - 0x00007ffc58804000 	C:\WINDOWS\System32\RPCRT4.dll
0x00007ffc58490000 - 0x00007ffc5863e000 	C:\WINDOWS\System32\USER32.dll
0x00007ffc58e20000 - 0x00007ffc58e91000 	C:\WINDOWS\System32\WS2_32.dll
0x00007ffc570b0000 - 0x00007ffc570d6000 	C:\WINDOWS\System32\win32u.dll
0x00007ffc57b70000 - 0x00007ffc57b99000 	C:\WINDOWS\System32\GDI32.dll
0x00007ffc57690000 - 0x00007ffc577ab000 	C:\WINDOWS\System32\gdi32full.dll
0x00007ffc574a0000 - 0x00007ffc5753a000 	C:\WINDOWS\System32\msvcp_win.dll
0x00007ffc59190000 - 0x00007ffc59a06000 	C:\WINDOWS\System32\SHELL32.dll
0x0000000056880000 - 0x00000000569ab000 	C:\Xilinx2019\Vivado\2019.2\lib\win64.o\tcl85t.dll
0x00007ffbdf850000 - 0x00007ffbdfbbe000 	C:\Xilinx2019\Vivado\2019.2\lib\win64.o\libCOIN-all.dll
0x00007ffc30da0000 - 0x00007ffc30db4000 	C:\Xilinx2019\Vivado\2019.2\lib\win64.o\libboost_date_time.dll
0x00007ffc0c300000 - 0x00007ffc0c37f000 	C:\Xilinx2019\Vivado\2019.2\lib\win64.o\libboost_program_options.dll
0x00007ffc3bd40000 - 0x00007ffc3bd4b000 	C:\Xilinx2019\Vivado\2019.2\lib\win64.o\libboost_system.dll
0x00007ffbe3dc0000 - 0x00007ffbe3ed4000 	C:\Xilinx2019\Vivado\2019.2\lib\win64.o\libboost_regex.dll
0x00007ffc2b050000 - 0x00007ffc2b071000 	C:\Xilinx2019\Vivado\2019.2\lib\win64.o\libboost_thread.dll
0x00007ffc3bb20000 - 0x00007ffc3bb2f000 	C:\Xilinx2019\Vivado\2019.2\lib\win64.o\libboost_xilinx.dll
0x00007ffbfff40000 - 0x00007ffbfffc2000 	C:\Xilinx2019\Vivado\2019.2\lib\win64.o\libhdlpsolve.dll
0x00007ffc29ad0000 - 0x00007ffc29afe000 	C:\Xilinx2019\Vivado\2019.2\lib\win64.o\libisl_sysinfo.dll
0x00007ffbff230000 - 0x00007ffbff2d5000 	C:\Xilinx2019\Vivado\2019.2\lib\win64.o\libhdxml.dll
0x00007ffc0feb0000 - 0x00007ffc0ff15000 	C:\Xilinx2019\Vivado\2019.2\lib\win64.o\liblmx6.0.dll
0x00007ffbdc230000 - 0x00007ffbdce2c200 	C:\Xilinx2019\Vivado\2019.2\lib\win64.o\libisl_iostreams.dll
0x00007ffc29850000 - 0x00007ffc2986a000 	C:\Xilinx2019\Vivado\2019.2\lib\win64.o\pthreadVC2.dll
0x00007ffc29830000 - 0x00007ffc2984c000 	C:\Xilinx2019\Vivado\2019.2\lib\win64.o\librdiconfig.dll
0x00007ffc29500000 - 0x00007ffc29521000 	C:\Xilinx2019\Vivado\2019.2\lib\win64.o\librdizlib.dll
0x0000000012000000 - 0x0000000012270000 	C:\Xilinx2019\Vivado\2019.2\lib\win64.o\xerces-c_3_1.dll
0x00007ffc33d30000 - 0x00007ffc33d49000 	C:\WINDOWS\SYSTEM32\NETAPI32.dll
0x00007ffc39c10000 - 0x00007ffc3a10e000 	C:\WINDOWS\SYSTEM32\WININET.dll
0x00007ffc2d3a0000 - 0x00007ffc2d590000 	C:\WINDOWS\SYSTEM32\urlmon.dll
0x00007ffbe1b90000 - 0x00007ffbe1e6b000 	C:\Xilinx2019\Vivado\2019.2\lib\win64.o\libXil_lmgr11.dll
0x00007ffc50490000 - 0x00007ffc505c6000 	C:\WINDOWS\SYSTEM32\WINHTTP.dll
0x00007ffc57ba0000 - 0x00007ffc57c9f000 	C:\WINDOWS\System32\COMDLG32.dll
0x00007ffc57df0000 - 0x00007ffc5817f000 	C:\WINDOWS\System32\combase.dll
0x00007ffc59000000 - 0x00007ffc590f9000 	C:\WINDOWS\System32\shcore.dll
0x00007ffc59c50000 - 0x00007ffc59cae000 	C:\WINDOWS\System32\SHLWAPI.dll
0x00007ffc58c90000 - 0x00007ffc58d67000 	C:\WINDOWS\System32\OLEAUT32.dll
0x00007ffc28050000 - 0x00007ffc28059000 	C:\WINDOWS\SYSTEM32\WSOCK32.dll
0x00007ffc582e0000 - 0x00007ffc58485000 	C:\WINDOWS\System32\ole32.dll
0x00007ffc57920000 - 0x00007ffc5798c000 	C:\WINDOWS\System32\WINTRUST.dll
0x00007ffc577b0000 - 0x00007ffc57916000 	C:\WINDOWS\System32\CRYPT32.dll
0x00007ffc29320000 - 0x00007ffc29350000 	C:\WINDOWS\SYSTEM32\VCOMP140.DLL
0x00007ffc3b220000 - 0x00007ffc3b22d000 	C:\Xilinx2019\Vivado\2019.2\lib\win64.o\libboost_chrono.dll
0x00007ffc29180000 - 0x00007ffc2919b000 	C:\Xilinx2019\Vivado\2019.2\lib\win64.o\libboost_iostreams.dll
0x00007ffc2d0e0000 - 0x00007ffc2d39e000 	C:\WINDOWS\SYSTEM32\iertutil.dll
0x00007ffc2e920000 - 0x00007ffc2e948000 	C:\WINDOWS\SYSTEM32\srvcli.dll
0x00007ffc29150000 - 0x00007ffc29175000 	C:\Xilinx2019\Vivado\2019.2\lib\win64.o\libisl_iosutils.dll
0x00007ffc55ad0000 - 0x00007ffc55adc000 	C:\WINDOWS\SYSTEM32\netutils.dll
0x00007ffc35030000 - 0x00007ffc350e3000 	C:\WINDOWS\WinSxS\amd64_microsoft.windows.common-controls_6595b64144ccf1df_5.82.22621.3527_none_b43b7f4b638cc64f\COMCTL32.dll
0x00007ffc50170000 - 0x00007ffc5018f000 	C:\WINDOWS\SYSTEM32\dhcpcsvc.DLL
0x00007ffbdb390000 - 0x00007ffbdc221000 	C:\Xilinx2019\Vivado\2019.2\lib\win64.o\gurobi65.dll
0x00007ffc57b30000 - 0x00007ffc57b61000 	C:\WINDOWS\System32\IMM32.DLL
0x00007ffc56c90000 - 0x00007ffc56ca2000 	C:\WINDOWS\SYSTEM32\MSASN1.dll
0x00007ffc56120000 - 0x00007ffc56138000 	C:\WINDOWS\SYSTEM32\kernel.appcore.dll
0x00007ffbdae70000 - 0x00007ffbdb387000 	C:\Xilinx2019\Vivado\2019.2\lib\win64.o\librdi_commontasks.dll
0x00007ffc4b250000 - 0x00007ffc4b25a000 	C:\WINDOWS\SYSTEM32\VERSION.dll
0x00007ffbdd720000 - 0x00007ffbdda03000 	C:\Xilinx2019\Vivado\2019.2\lib\win64.o\librdi_sio.dll
0x00007ffc55ae0000 - 0x00007ffc55b0d000 	C:\WINDOWS\SYSTEM32\IPHLPAPI.DLL
0x0000000054da0000 - 0x00000000557c5000 	C:\Xilinx2019\Vivado\2019.2\tps\win64\jre9.0.4\bin\server\jvm.dll
0x00007ffc57ca0000 - 0x00007ffc57ca8000 	C:\WINDOWS\System32\PSAPI.DLL
0x00007ffc4ed20000 - 0x00007ffc4ed54000 	C:\WINDOWS\SYSTEM32\WINMM.dll
0x00007ffbe4750000 - 0x00007ffbe483f000 	C:\WINDOWS\SYSTEM32\MSVCR120.dll
0x00007ffc565a0000 - 0x00007ffc56609000 	C:\WINDOWS\SYSTEM32\MSWSOCK.DLL
0x00007ffc54f00000 - 0x00007ffc55803000 	C:\WINDOWS\SYSTEM32\windows.storage.dll
0x00007ffc54dc0000 - 0x00007ffc54eff000 	C:\WINDOWS\SYSTEM32\wintypes.dll
0x00007ffbd7a90000 - 0x00007ffbda1d5000 	C:\Xilinx2019\Vivado\2019.2\lib\win64.o\librdi_tcltasks.dll
0x00007ffbd75d0000 - 0x00007ffbd7a84000 	C:\Xilinx2019\Vivado\2019.2\lib\win64.o\librdi_bitstream.dll
0x00007ffc05240000 - 0x00007ffc052bb000 	C:\Xilinx2019\Vivado\2019.2\lib\win64.o\librdi_boarddep.dll
0x00007ffbe1570000 - 0x00007ffbe170d000 	C:\Xilinx2019\Vivado\2019.2\lib\win64.o\librdi_board.dll
0x00007ffbe3aa0000 - 0x00007ffbe3b8f000 	C:\Xilinx2019\Vivado\2019.2\lib\win64.o\librdi_chipscope.dll
0x00007ffbe2060000 - 0x00007ffbe21b2000 	C:\Xilinx2019\Vivado\2019.2\lib\win64.o\librdi_cd_client.dll
0x00007ffbdacb0000 - 0x00007ffbdae70000 	C:\Xilinx2019\Vivado\2019.2\lib\win64.o\librdi_chipscopeimpl.dll
0x00007ffbd5af0000 - 0x00007ffbd75ca000 	C:\Xilinx2019\Vivado\2019.2\lib\win64.o\librdi_constraints.dll
0x00007ffbd57c0000 - 0x00007ffbd5ae4000 	C:\Xilinx2019\Vivado\2019.2\lib\win64.o\librdi_containers.dll
0x00007ffbd30f0000 - 0x00007ffbd37c9000 	C:\Xilinx2019\Vivado\2019.2\lib\win64.o\librdi_coregenipxact.dll
0x00007ffbd37d0000 - 0x00007ffbd57c0000 	C:\Xilinx2019\Vivado\2019.2\lib\win64.o\librdi_coregen.dll
0x00007ffbd2da0000 - 0x00007ffbd30ea000 	C:\Xilinx2019\Vivado\2019.2\lib\win64.o\librdi_dlyest.dll
0x00007ffba4930000 - 0x00007ffba8bfb000 	C:\Xilinx2019\Vivado\2019.2\lib\win64.o\librdi_designutils.dll
0x00007ffbdf780000 - 0x00007ffbdf844000 	C:\Xilinx2019\Vivado\2019.2\lib\win64.o\librdi_dsp.dll
0x00007ffbd11c0000 - 0x00007ffbd178d000 	C:\Xilinx2019\Vivado\2019.2\lib\win64.o\librdi_drc.dll
0x00007ffbd0b50000 - 0x00007ffbd11bb000 	C:\Xilinx2019\Vivado\2019.2\lib\win64.o\librdi_filemgmt.dll
0x00007ffbd1960000 - 0x00007ffbd1c70000 	C:\Xilinx2019\Vivado\2019.2\lib\win64.o\librdi_guitools.dll
0x00007ffbfebf0000 - 0x00007ffbfec5a000 	C:\Xilinx2019\Vivado\2019.2\lib\win64.o\librdi_hdf.dll
0x00007ffbdab60000 - 0x00007ffbdaca8000 	C:\Xilinx2019\Vivado\2019.2\lib\win64.o\librdi_hip_perf_analysis.dll
0x00007ffbcfba0000 - 0x00007ffbcfdc0000 	C:\Xilinx2019\Vivado\2019.2\lib\win64.o\librdi_hip_devdesign.dll
0x00007ffba31c0000 - 0x00007ffba492d000 	C:\Xilinx2019\Vivado\2019.2\lib\win64.o\librdi_implflow.dll
0x00007ffbfe950000 - 0x00007ffbfe9c4000 	C:\Xilinx2019\Vivado\2019.2\lib\win64.o\librdi_memoryarray.dll
0x00007ffbb79b0000 - 0x00007ffbb7fe1000 	C:\Xilinx2019\Vivado\2019.2\lib\win64.o\librdi_memdata.dll
0x00007ffba1bc0000 - 0x00007ffba22a3000 	C:\Xilinx2019\Vivado\2019.2\lib\win64.o\librdi_netlist.dll
0x00007ffc28e50000 - 0x00007ffc28e9c000 	C:\Xilinx2019\Vivado\2019.2\lib\win64.o\librdi_pfi.dll
0x00007ffb4a930000 - 0x00007ffb5f4db000 	C:\Xilinx2019\Vivado\2019.2\lib\win64.o\librdi_device.dll
0x00007ffb81880000 - 0x00007ffb8464b000 	C:\Xilinx2019\Vivado\2019.2\lib\win64.o\librdi_mig.dll
0x00007ffbcf880000 - 0x00007ffbcfb9b000 	C:\Xilinx2019\Vivado\2019.2\lib\win64.o\librdi_platform.dll
0x00007ffbbec00000 - 0x00007ffbbf1ba000 	C:\Xilinx2019\Vivado\2019.2\lib\win64.o\librdi_project.dll
0x00007ffb81070000 - 0x00007ffb8187b000 	C:\Xilinx2019\Vivado\2019.2\lib\win64.o\librdi_power.dll
0x00007ffb80930000 - 0x00007ffb81063000 	C:\Xilinx2019\Vivado\2019.2\lib\win64.o\librdi_psta.dll
0x00007ffb80260000 - 0x00007ffb80921000 	C:\Xilinx2019\Vivado\2019.2\lib\win64.o\librdi_rsb.dll
0x00007ffbbbb60000 - 0x00007ffbbbf83000 	C:\Xilinx2019\Vivado\2019.2\lib\win64.o\librdi_runs.dll
0x00007ffb48060000 - 0x00007ffb4a927000 	C:\Xilinx2019\Vivado\2019.2\lib\win64.o\librdi_place.dll
0x00007ffbd0880000 - 0x00007ffbd0988000 	C:\Xilinx2019\Vivado\2019.2\lib\win64.o\librdi_runsbase.dll
0x00007ffbb8f30000 - 0x00007ffbb91a5000 	C:\Xilinx2019\Vivado\2019.2\lib\win64.o\librdi_simdata.dll
0x00007ffb471d0000 - 0x00007ffb4805d000 	C:\Xilinx2019\Vivado\2019.2\lib\win64.o\librdi_timing.dll
0x00007ffbcfe70000 - 0x00007ffbd0011000 	C:\Xilinx2019\Vivado\2019.2\lib\win64.o\librdi_advchipscopeimpl.dll
0x00007ffbcf6e0000 - 0x00007ffbcf880000 	C:\Xilinx2019\Vivado\2019.2\lib\win64.o\librdi_cd_protocol.dll
0x00007ffc0fe20000 - 0x00007ffc0fe6c000 	C:\Xilinx2019\Vivado\2019.2\lib\win64.o\libboost_serialization.dll
0x00007ffbfe650000 - 0x00007ffbfe69a000 	C:\Xilinx2019\Vivado\2019.2\lib\win64.o\librdi_noc_frameworks.dll
0x00007ffbbff20000 - 0x00007ffbbfff7000 	C:\Xilinx2019\Vivado\2019.2\lib\win64.o\librdi_ipconfig_readwrite.dll
0x00007ffbfda60000 - 0x00007ffbfdafe000 	C:\Xilinx2019\Vivado\2019.2\lib\win64.o\libise.dll
0x00007ffbfd820000 - 0x00007ffbfd86a000 	C:\Xilinx2019\Vivado\2019.2\lib\win64.o\librdi_wavedata_SimpleApi.dll
0x00007ffb7fc40000 - 0x00007ffb8025b000 	C:\Xilinx2019\Vivado\2019.2\lib\win64.o\librdi_wavedata.dll
0x00007ffbbf860000 - 0x00007ffbbfa44000 	C:\Xilinx2019\Vivado\2019.2\lib\win64.o\librdi_hip_config.dll
0x00007ffb46680000 - 0x00007ffb471c7000 	C:\Xilinx2019\Vivado\2019.2\lib\win64.o\libverific.dll

VM Arguments:
jvm_args: -Dsun.java2d.pmoffscreen=false -Dsun.java2d.xrender=false -Dsun.java2d.d3d=false -Dsun.awt.nopixfmt=true -Dsun.java2d.dpiaware=true -Dsun.java2d.uiScale.enabled=false -Xverify:none -Dswing.aatext=true -XX:-UsePerfData -Djdk.map.althashing.threshold=512 -XX:StringTableSize=4072 --add-opens=java.base/java.nio=ALL-UNNAMED --add-opens=java.desktop/sun.swing=ALL-UNNAMED --add-opens=java.desktop/javax.swing=ALL-UNNAMED --add-opens=java.desktop/javax.swing.tree=ALL-UNNAMED --add-opens=java.desktop/javax.swing.plaf.basic=ALL-UNNAMED --add-opens=java.desktop/javax.swing.plaf.synth=ALL-UNNAMED --add-opens=java.desktop/com.sun.awt=ALL-UNNAMED -XX:NewSize=60m -XX:MaxNewSize=60m -Xms128m -Xmx3072m -Xss5m 
java_command: <unknown>
java_class_path (initial): C:/Xilinx2019/Vivado/2019.2\lib\classes\alloy.jar;C:/Xilinx2019/Vivado/2019.2\lib\classes\autoesl-common.jar;C:/Xilinx2019/Vivado/2019.2\lib\classes\autoesl-models.jar;C:/Xilinx2019/Vivado/2019.2\lib\classes\autoesl-report.jar;C:/Xilinx2019/Vivado/2019.2\lib\classes\autopilot.scelaborator.jar;C:/Xilinx2019/Vivado/2019.2\lib\classes\autopilot.sourceprocessor.jar;C:/Xilinx2019/Vivado/2019.2\lib\classes\autopilot.tbprocessor.jar;C:/Xilinx2019/Vivado/2019.2\lib\classes\batik-anim.jar;C:/Xilinx2019/Vivado/2019.2\lib\classes\batik-awt-util.jar;C:/Xilinx2019/Vivado/2019.2\lib\classes\batik-bridge.jar;C:/Xilinx2019/Vivado/2019.2\lib\classes\batik-codec.jar;C:/Xilinx2019/Vivado/2019.2\lib\classes\batik-css.jar;C:/Xilinx2019/Vivado/2019.2\lib\classes\batik-dom.jar;C:/Xilinx2019/Vivado/2019.2\lib\classes\batik-ext.jar;C:/Xilinx2019/Vivado/2019.2\lib\classes\batik-gui-util.jar;C:/Xilinx2019/Vivado/2019.2\lib\classes\batik-gvt.jar;C:/Xilinx2019/Vivado/2019.2\lib\classes\batik-parser.jar;C:/Xilinx2019/Vivado/2019.2\lib\classes\batik-script.jar;C:/Xilinx2019/Vivado/2019.2\lib\classes\batik-svg-dom.jar;C:/Xilinx2019/Vivado/2019.2\lib\classes\batik-swing.jar;C:/Xilinx2019/Vivado/2019.2\lib\classes\batik-transcoder.jar;C:/Xilinx2019/Vivado/2019.2\lib\classes\batik-util.jar;C:/Xilinx2019/Vivado/2019.2\lib\classes\batik-xml.jar;C:/Xilinx2019/Vivado/2019.2\lib\classes\com.google.gson_2.7.0.v20170129-0911.jar;C:/Xilinx2019/Vivado/2019.2\lib\classes\com.google.guava_21.0.0.v20170206-1425.jar;C:/Xilinx2019/Vivado/2019.2\lib\classes\com.ibm.icu_4.4.2.v20110208.jar;C:/Xilinx2019/Vivado/2019.2\lib\classes\com.sigasi.hdt.connection_4.5.0.201909241521.jar;C:/Xilinx2019/Vivado/2019.2\lib\classes\com.sigasi.hdt.epl_4.5.0.201909241521.jar;C:/Xilinx2019/Vivado/2019.2\lib\classes\com.sigasi.hdt.project_4.5.0.201909241521.jar;C:/Xilinx2019/Vivado/2019.2\lib\classes\com.sigasi.hdt.readonlyfilesystem_4.5.0.201909241521.jar;C:/Xilinx2019/Vivado/2019.2\lib\classes\com.sigasi.
Launcher Type: generic

Logging:
Log output configuration:
#0: stdout all=warning uptime,level,tags
#1: stderr all=off uptime,level,tags

Environment Variables:
PATH=C:/Xilinx2019/Vivado/2019.2\gnuwin\bin;C:/Xilinx2019/Vivado/2019.2\gnu\microblaze\nt\bin;C:/Xilinx2019/Vivado/2019.2/bin;C:/Xilinx2019/Vivado/2019.2/lib/win64.o;C:/Xilinx2019/Vivado/2019.2/tps/win64/jre9.0.4/bin/server;C:/Xilinx2019/Vivado/2019.2/tps/win64/jre9.0.4/bin;C:/Xilinx2019/Vitis/2019.2/bin;C:/Xilinx2019/Vivado/2019.2/ids_lite/ISE/bin/nt64;C:/Xilinx2019/Vivado/2019.2/ids_lite/ISE/lib/nt64;C:\Program Files\Common Files\Oracle\Java\javapath;C:\Program Files (x86)\Common Files\Oracle\Java\java8path;C:\Program Files (x86)\Common Files\Oracle\Java\javapath;C:\Program Files\NVIDIA GPU Computing Toolkit\CUDA\v11.8\bin;C:\Program Files\NVIDIA GPU Computing Toolkit\CUDA\v11.8\libnvvp;C:\Windows\system32;C:\Windows;C:\Windows\System32\Wbem;C:\Windows\System32\WindowsPowerShell\v1.0\;C:\Windows\System32\OpenSSH\;C:\Program Files (x86)\NVIDIA Corporation\PhysX\Common;C:\Program Files\NVIDIA Corporation\NVIDIA NvDLISR;F:\Matlab\bin;C:\Program Files\NVIDIA Corporation\Nsight Compute 2022.3.0\;C:\Program Files\dotnet\;C:\Program Files\nodejs\;F:\Windows Kits\10\Windows Performance Toolkit\;C:\Program Files\Microsoft SQL Server\150\Tools\Binn\;C:\Program Files\Microsoft SQL Server\Client SDK\ODBC\170\Tools\Binn\;C:\Program Files (x86)\Microsoft SQL Server\160\Tools\Binn\;C:\Program Files\Microsoft SQL Server\160\Tools\Binn\;C:\Program Files\Microsoft SQL Server\160\DTS\Binn\;C:\Program Files (x86)\Microsoft SQL Server\160\DTS\Binn\;F:\Git\cmd;C:\Program Files\Azure Data Studio\bin;C:\Program Files\Docker\Docker\resources\bin;C:\Program Files\Git\cmd;C:\Users\”‡ø≠‘Ω\AppData\Local\Programs\Python\Python310\Scripts\;C:\Users\”‡ø≠‘Ω\AppData\Local\Programs\Python\Python310\;C:\Users\”‡ø≠‘Ω\AppData\Local\Microsoft\WindowsApps;;C:\Users\”‡ø≠‘Ω\AppData\Local\Programs\Microsoft VS Code\bin;C:\Users\”‡ø≠‘Ω\AppData\Roaming\npm;C:\Users\”‡ø≠‘Ω\.dotnet\tools;C:\Microsoft VS Code\bin;C:/Xilinx2019/Vivado/2019.2\tps\mingw\6.2.0\win64.o\nt\bin;C:/Xilinx2019/Vivado/2019.2\tps\mingw\6.2.0
USERNAME=”‡ø≠‘Ω
OS=Windows_NT
PROCESSOR_IDENTIFIER=Intel64 Family 6 Model 154 Stepping 3, GenuineIntel



---------------  S Y S T E M  ---------------

OS: Windows 10 , 64 bit Build 22621 (10.0.22621.4391)

CPU:total 20 (initial active 20) (10 cores per cpu, 2 threads per core) family 6 model 154 stepping 3, cmov, cx8, fxsr, mmx, sse, sse2, sse3, ssse3, sse4.1, sse4.2, popcnt, avx, avx2, aes, clmul, erms, 3dnowpref, lzcnt, ht, tsc, tscinvbit, bmi1, bmi2, adx, sha, fma

Memory: 4k page, physical 16462100k(583364k free), swap 36532500k(0k free)

vm_info: Java HotSpot(TM) 64-Bit Server VM (9.0.4+11) for windows-amd64 JRE (9.0.4+11), built on Dec 20 2017 02:18:54 by "mach5one" with MS VC++ 12.0 (VS2013)

END.
