#-----------------------------------------------------------
# Vivado v2019.2 (64-bit)
# SW Build 2708876 on Wed Nov  6 21:40:23 MST 2019
# IP Build 2700528 on Thu Nov  7 00:09:20 MST 2019
# Start of session at: Tue Dec 24 10:44:22 2024
# Process ID: 19680
# Current directory: C:/XJTU COMPARCH/project_5
# Command line: vivado.exe -gui_launcher_event rodinguilauncherevent33452 C:\XJTU COMPARCH\project_5\project_5.xpr
# Log file: C:/XJTU COMPARCH/project_5/vivado.log
# Journal file: C:/XJTU COMPARCH/project_5\vivado.jou
#-----------------------------------------------------------
start_gui
open_project {C:/XJTU COMPARCH/project_5/project_5.xpr}
Scanning sources...
Finished scanning sources
INFO: [IP_Flow 19-234] Refreshing IP repositories
INFO: [IP_Flow 19-1704] No user IP repositories specified
INFO: [IP_Flow 19-2313] Loaded Vivado IP repository 'C:/Xilinx2019/Vivado/2019.2/data/ip'.
open_project: Time (s): cpu = 00:00:03 ; elapsed = 00:00:08 . Memory (MB): peak = 752.566 ; gain = 49.473
update_compile_order -fileset sources_1
close [ open {C:/XJTU COMPARCH/project_5/project_5.srcs/sources_1/new/FourWaySACache.v} w ]
add_files {{C:/XJTU COMPARCH/project_5/project_5.srcs/sources_1/new/FourWaySACache.v}}
update_compile_order -fileset sources_1
update_compile_order -fileset sources_1
close [ open {C:/XJTU COMPARCH/project_5/project_5.srcs/sources_1/new/RAM_4Kx32.v} w ]
add_files {{C:/XJTU COMPARCH/project_5/project_5.srcs/sources_1/new/RAM_4Kx32.v}}
update_compile_order -fileset sources_1
update_compile_order -fileset sources_1
update_compile_order -fileset sources_1
update_compile_order -fileset sources_1
set_property top DMem [current_fileset]
update_compile_order -fileset sources_1
synth_design -rtl -name rtl_1
Command: synth_design -rtl -name rtl_1
Starting synth_design
Using part: xc7vx485tffg1157-1
Top: DMem
INFO: [Device 21-403] Loading part xc7vx485tffg1157-1
---------------------------------------------------------------------------------
Starting RTL Elaboration : Time (s): cpu = 00:00:01 ; elapsed = 00:00:04 . Memory (MB): peak = 1462.809 ; gain = 227.688
---------------------------------------------------------------------------------
INFO: [Synth 8-6157] synthesizing module 'DMem' [C:/XJTU COMPARCH/project_5/project_5.srcs/sources_1/new/DMem.v:23]
INFO: [Synth 8-6157] synthesizing module 'FourWaySACache' [C:/XJTU COMPARCH/project_5/project_5.srcs/sources_1/new/FourWaySACache.v:29]
	Parameter NUM_SETS bound to: 16 - type: integer 
	Parameter NUM_WAYS bound to: 4 - type: integer 
