#-----------------------------------------------------------
# Vivado v2019.2 (64-bit)
# SW Build 2708876 on Wed Nov  6 21:40:23 MST 2019
# IP Build 2700528 on Thu Nov  7 00:09:20 MST 2019
# Start of session at: Sat Dec 21 22:33:58 2024
# Process ID: 45720
# Current directory: C:/XJTU COMPARCH/project_5
# Command line: vivado.exe -gui_launcher_event rodinguilauncherevent62668 C:\XJTU COMPARCH\project_5\project_5.xpr
# Log file: C:/XJTU COMPARCH/project_5/vivado.log
# Journal file: C:/XJTU COMPARCH/project_5\vivado.jou
#-----------------------------------------------------------
start_gui
open_project {C:/XJTU COMPARCH/project_5/project_5.xpr}
Scanning sources...
Finished scanning sources
INFO: [IP_Flow 19-234] Refreshing IP repositories
INFO: [IP_Flow 19-1704] No user IP repositories specified
INFO: [IP_Flow 19-2313] Loaded Vivado IP repository 'C:/Xilinx2019/Vivado/2019.2/data/ip'.
update_compile_order -fileset sources_1
exit
INFO: [Common 17-206] Exiting Vivado at Sat Dec 21 23:21:23 2024...
