#-----------------------------------------------------------
# Vivado v2019.2 (64-bit)
# SW Build 2708876 on Wed Nov  6 21:40:23 MST 2019
# IP Build 2700528 on Thu Nov  7 00:09:20 MST 2019
# Start of session at: Wed Jan  1 14:59:09 2025
# Process ID: 28236
# Current directory: C:/XJTU COMPARCH/project_5
# Command line: vivado.exe -gui_launcher_event rodinguilauncherevent5252 C:\XJTU COMPARCH\project_5\project_5.xpr
# Log file: C:/XJTU COMPARCH/project_5/vivado.log
# Journal file: C:/XJTU COMPARCH/project_5\vivado.jou
#-----------------------------------------------------------
start_gui
open_project {C:/XJTU COMPARCH/project_5/project_5.xpr}
Scanning sources...
Finished scanning sources
INFO: [IP_Flow 19-234] Refreshing IP repositories
INFO: [IP_Flow 19-1704] No user IP repositories specified
INFO: [IP_Flow 19-2313] Loaded Vivado IP repository 'C:/Xilinx2019/Vivado/2019.2/data/ip'.
open_project: Time (s): cpu = 00:00:02 ; elapsed = 00:00:06 . Memory (MB): peak = 754.930 ; gain = 65.164
update_compile_order -fileset sources_1
launch_simulation
Command: launch_simulation 
INFO: [Vivado 12-5682] Launching behavioral simulation in 'C:/XJTU COMPARCH/project_5/project_5.sim/sim_1/behav/xsim'
INFO: [SIM-utils-51] Simulation object is 'sim_1'
INFO: [SIM-utils-54] Inspecting design source files for 'CPU_sim' in fileset 'sim_1'...
INFO: [USF-XSim-97] Finding global include files...
INFO: [USF-XSim-98] Fetching design files from 'sim_1'...
INFO: [USF-XSim-2] XSim::Compile design
INFO: [USF-XSim-61] Executing 'COMPILE and ANALYZE' step in 'C:/XJTU COMPARCH/project_5/project_5.sim/sim_1/behav/xsim'
"xvlog --incr --relax -prj CPU_sim_vlog.prj"
INFO: [USF-XSim-69] 'compile' step finished in '3' seconds
INFO: [USF-XSim-3] XSim::Elaborate design
INFO: [USF-XSim-61] Executing 'ELABORATE' step in 'C:/XJTU COMPARCH/project_5/project_5.sim/sim_1/behav/xsim'
"xelab -wto f1795959e9ee4683ab0147d6093c81ff --incr --debug typical --relax --mt 2 -L xil_defaultlib -L unisims_ver -L unimacro_ver -L secureip --snapshot CPU_sim_behav xil_defaultlib.CPU_sim xil_defaultlib.glbl -log elaborate.log"
Vivado Simulator 2019.2
Copyright 1986-1999, 2001-2019 Xilinx, Inc. All Rights Reserved.
Running: C:/Xilinx2019/Vivado/2019.2/bin/unwrapped/win64.o/xelab.exe -wto f1795959e9ee4683ab0147d6093c81ff --incr --debug typical --relax --mt 2 -L xil_defaultlib -L unisims_ver -L unimacro_ver -L secureip --snapshot CPU_sim_behav xil_defaultlib.CPU_sim xil_defaultlib.glbl -log elaborate.log 
Using 2 slave threads.
Starting static elaboration
Pass Through NonSizing Optimizer
WARNING: [VRFC 10-3091] actual bit length 1 differs from formal bit length 32 for port 'Q' [C:/XJTU COMPARCH/project_5/project_5.srcs/sources_1/new/CPU_Datapath.v:165]
WARNING: [VRFC 10-3091] actual bit length 3 differs from formal bit length 32 for port 'Q' [C:/XJTU COMPARCH/project_5/project_5.srcs/sources_1/new/CPU_Datapath.v:166]
WARNING: [VRFC 10-3091] actual bit length 1 differs from formal bit length 32 for port 'Q' [C:/XJTU COMPARCH/project_5/project_5.srcs/sources_1/new/CPU_Datapath.v:167]
WARNING: [VRFC 10-3091] actual bit length 1 differs from formal bit length 32 for port 'Q' [C:/XJTU COMPARCH/project_5/project_5.srcs/sources_1/new/CPU_Datapath.v:168]
WARNING: [VRFC 10-3091] actual bit length 1 differs from formal bit length 32 for port 'Q' [C:/XJTU COMPARCH/project_5/project_5.srcs/sources_1/new/CPU_Datapath.v:169]
WARNING: [VRFC 10-3091] actual bit length 4 differs from formal bit length 32 for port 'Q' [C:/XJTU COMPARCH/project_5/project_5.srcs/sources_1/new/CPU_Datapath.v:170]
WARNING: [VRFC 10-3091] actual bit length 1 differs from formal bit length 32 for port 'Q' [C:/XJTU COMPARCH/project_5/project_5.srcs/sources_1/new/CPU_Datapath.v:171]
WARNING: [VRFC 10-3091] actual bit length 1 differs from formal bit length 32 for port 'Q' [C:/XJTU COMPARCH/project_5/project_5.srcs/sources_1/new/CPU_Datapath.v:172]
WARNING: [VRFC 10-3091] actual bit length 2 differs from formal bit length 32 for port 'Q' [C:/XJTU COMPARCH/project_5/project_5.srcs/sources_1/new/CPU_Datapath.v:173]
WARNING: [VRFC 10-3091] actual bit length 1 differs from formal bit length 32 for port 'Q' [C:/XJTU COMPARCH/project_5/project_5.srcs/sources_1/new/CPU_Datapath.v:225]
WARNING: [VRFC 10-3091] actual bit length 1 differs from formal bit length 32 for port 'Q' [C:/XJTU COMPARCH/project_5/project_5.srcs/sources_1/new/CPU_Datapath.v:226]
WARNING: [VRFC 10-3091] actual bit length 1 differs from formal bit length 32 for port 'Q' [C:/XJTU COMPARCH/project_5/project_5.srcs/sources_1/new/CPU_Datapath.v:227]
WARNING: [VRFC 10-3091] actual bit length 2 differs from formal bit length 32 for port 'Q' [C:/XJTU COMPARCH/project_5/project_5.srcs/sources_1/new/CPU_Datapath.v:228]
WARNING: [VRFC 10-3091] actual bit length 1 differs from formal bit length 32 for port 'Q' [C:/XJTU COMPARCH/project_5/project_5.srcs/sources_1/new/CPU_Datapath.v:244]
WARNING: [VRFC 10-3091] actual bit length 2 differs from formal bit length 32 for port 'Q' [C:/XJTU COMPARCH/project_5/project_5.srcs/sources_1/new/CPU_Datapath.v:245]
Completed static elaboration
INFO: [XSIM 43-4323] No Change in HDL. Linking previously generated obj files to create kernel
run_program: Time (s): cpu = 00:00:00 ; elapsed = 00:00:06 . Memory (MB): peak = 772.461 ; gain = 0.000
INFO: [USF-XSim-69] 'elaborate' step finished in '6' seconds
INFO: [USF-XSim-4] XSim::Simulate design
INFO: [USF-XSim-61] Executing 'SIMULATE' step in 'C:/XJTU COMPARCH/project_5/project_5.sim/sim_1/behav/xsim'
INFO: [USF-XSim-98] *** Running xsim
   with args "CPU_sim_behav -key {Behavioral:sim_1:Functional:CPU_sim} -tclbatch {CPU_sim.tcl} -view {{C:/XJTU COMPARCH/project_5/CPU_sim_behav.wcfg}} -log {simulate.log}"
INFO: [USF-XSim-8] Loading simulator feature
Vivado Simulator 2019.2
Time resolution is 1 ps
open_wave_config {C:/XJTU COMPARCH/project_5/CPU_sim_behav.wcfg}
source CPU_sim.tcl
# set curr_wave [current_wave_config]
# if { [string length $curr_wave] == 0 } {
#   if { [llength [get_objects]] > 0} {
#     add_wave /
#     set_property needs_save false [current_wave_config]
#   } else {
#      send_msg_id Add_Wave-1 WARNING "No top level signals found. Simulator will start without a wave window. If you want to open a wave window go to 'File->New Waveform Configuration' or type 'create_wave_config' in the TCL console."
#   }
# }
# run 1000ns
xsim: Time (s): cpu = 00:00:02 ; elapsed = 00:00:06 . Memory (MB): peak = 808.555 ; gain = 36.094
INFO: [USF-XSim-96] XSim completed. Design snapshot 'CPU_sim_behav' loaded.
INFO: [USF-XSim-97] XSim simulation ran for 1000ns
launch_simulation: Time (s): cpu = 00:00:03 ; elapsed = 00:00:17 . Memory (MB): peak = 808.555 ; gain = 36.543
close_sim
INFO: [Simtcl 6-16] Simulation closed
launch_simulation
Command: launch_simulation 
INFO: [Vivado 12-5682] Launching behavioral simulation in 'C:/XJTU COMPARCH/project_5/project_5.sim/sim_1/behav/xsim'
INFO: [SIM-utils-51] Simulation object is 'sim_1'
INFO: [SIM-utils-54] Inspecting design source files for 'CPU_sim' in fileset 'sim_1'...
INFO: [USF-XSim-97] Finding global include files...
INFO: [USF-XSim-98] Fetching design files from 'sim_1'...
INFO: [USF-XSim-2] XSim::Compile design
INFO: [USF-XSim-61] Executing 'COMPILE and ANALYZE' step in 'C:/XJTU COMPARCH/project_5/project_5.sim/sim_1/behav/xsim'
"xvlog --incr --relax -prj CPU_sim_vlog.prj"
INFO: [VRFC 10-2263] Analyzing Verilog file "C:/XJTU COMPARCH/project_5/project_5.srcs/sources_1/new/ALU.v" into library xil_defaultlib
INFO: [VRFC 10-311] analyzing module ALU
INFO: [VRFC 10-2263] Analyzing Verilog file "C:/XJTU COMPARCH/project_5/project_5.srcs/sources_1/new/BranchComp.v" into library xil_defaultlib
INFO: [VRFC 10-311] analyzing module BranchComp
INFO: [VRFC 10-2263] Analyzing Verilog file "C:/XJTU COMPARCH/project_5/project_5.srcs/sources_1/new/CPU_Datapath.v" into library xil_defaultlib
INFO: [VRFC 10-311] analyzing module CPU_Datapath
INFO: [VRFC 10-2263] Analyzing Verilog file "C:/XJTU COMPARCH/project_5/project_5.srcs/sources_1/new/ControlLogic_EX.v" into library xil_defaultlib
INFO: [VRFC 10-311] analyzing module ControlLogic_EX
INFO: [VRFC 10-2263] Analyzing Verilog file "C:/XJTU COMPARCH/project_5/project_5.srcs/sources_1/new/ControlLogic_ID.v" into library xil_defaultlib
INFO: [VRFC 10-311] analyzing module ControlLogic_ID
INFO: [VRFC 10-2263] Analyzing Verilog file "C:/XJTU COMPARCH/project_5/project_5.srcs/sources_1/new/DMem.v" into library xil_defaultlib
INFO: [VRFC 10-311] analyzing module DMem
INFO: [VRFC 10-2263] Analyzing Verilog file "C:/XJTU COMPARCH/project_5/project_5.srcs/sources_1/new/FourWaySACache.v" into library xil_defaultlib
INFO: [VRFC 10-311] analyzing module FourWaySACache
INFO: [VRFC 10-2263] Analyzing Verilog file "C:/XJTU COMPARCH/project_5/project_5.srcs/sources_1/new/IMem.v" into library xil_defaultlib
INFO: [VRFC 10-311] analyzing module IMem
INFO: [VRFC 10-2263] Analyzing Verilog file "C:/XJTU COMPARCH/project_5/project_5.srcs/sources_1/new/ImmGen.v" into library xil_defaultlib
INFO: [VRFC 10-311] analyzing module ImmGen
INFO: [VRFC 10-2263] Analyzing Verilog file "C:/XJTU COMPARCH/project_5/project_5.srcs/sources_1/new/MainDsc.v" into library xil_defaultlib
INFO: [VRFC 10-311] analyzing module MainDsc
INFO: [VRFC 10-2263] Analyzing Verilog file "C:/XJTU COMPARCH/project_5/project_5.srcs/sources_1/new/MainDsc_EX.v" into library xil_defaultlib
INFO: [VRFC 10-311] analyzing module MainDsc_EX
INFO: [VRFC 10-2263] Analyzing Verilog file "C:/XJTU COMPARCH/project_5/project_5.srcs/sources_1/new/RAM_4Kx32.v" into library xil_defaultlib
INFO: [VRFC 10-311] analyzing module RAM_4Kx32
INFO: [VRFC 10-2263] Analyzing Verilog file "C:/XJTU COMPARCH/project_5/project_5.srcs/sources_1/new/RegFile.v" into library xil_defaultlib
INFO: [VRFC 10-311] analyzing module RegFile
INFO: [VRFC 10-2263] Analyzing Verilog file "C:/XJTU COMPARCH/project_5/project_5.srcs/sources_1/new/Register.v" into library xil_defaultlib
INFO: [VRFC 10-311] analyzing module Register
INFO: [VRFC 10-2263] Analyzing Verilog file "C:/XJTU COMPARCH/project_5/project_5.srcs/sim_1/new/CPU_sim.v" into library xil_defaultlib
INFO: [VRFC 10-311] analyzing module CPU_sim
INFO: [USF-XSim-69] 'compile' step finished in '2' seconds
INFO: [USF-XSim-3] XSim::Elaborate design
INFO: [USF-XSim-61] Executing 'ELABORATE' step in 'C:/XJTU COMPARCH/project_5/project_5.sim/sim_1/behav/xsim'
"xelab -wto f1795959e9ee4683ab0147d6093c81ff --incr --debug typical --relax --mt 2 -L xil_defaultlib -L unisims_ver -L unimacro_ver -L secureip --snapshot CPU_sim_behav xil_defaultlib.CPU_sim xil_defaultlib.glbl -log elaborate.log"
Vivado Simulator 2019.2
Copyright 1986-1999, 2001-2019 Xilinx, Inc. All Rights Reserved.
Running: C:/Xilinx2019/Vivado/2019.2/bin/unwrapped/win64.o/xelab.exe -wto f1795959e9ee4683ab0147d6093c81ff --incr --debug typical --relax --mt 2 -L xil_defaultlib -L unisims_ver -L unimacro_ver -L secureip --snapshot CPU_sim_behav xil_defaultlib.CPU_sim xil_defaultlib.glbl -log elaborate.log 
Using 2 slave threads.
Starting static elaboration
Pass Through NonSizing Optimizer
WARNING: [VRFC 10-3091] actual bit length 1 differs from formal bit length 32 for port 'Q' [C:/XJTU COMPARCH/project_5/project_5.srcs/sources_1/new/CPU_Datapath.v:165]
WARNING: [VRFC 10-3091] actual bit length 3 differs from formal bit length 32 for port 'Q' [C:/XJTU COMPARCH/project_5/project_5.srcs/sources_1/new/CPU_Datapath.v:166]
WARNING: [VRFC 10-3091] actual bit length 1 differs from formal bit length 32 for port 'Q' [C:/XJTU COMPARCH/project_5/project_5.srcs/sources_1/new/CPU_Datapath.v:167]
WARNING: [VRFC 10-3091] actual bit length 1 differs from formal bit length 32 for port 'Q' [C:/XJTU COMPARCH/project_5/project_5.srcs/sources_1/new/CPU_Datapath.v:168]
WARNING: [VRFC 10-3091] actual bit length 1 differs from formal bit length 32 for port 'Q' [C:/XJTU COMPARCH/project_5/project_5.srcs/sources_1/new/CPU_Datapath.v:169]
WARNING: [VRFC 10-3091] actual bit length 4 differs from formal bit length 32 for port 'Q' [C:/XJTU COMPARCH/project_5/project_5.srcs/sources_1/new/CPU_Datapath.v:170]
WARNING: [VRFC 10-3091] actual bit length 1 differs from formal bit length 32 for port 'Q' [C:/XJTU COMPARCH/project_5/project_5.srcs/sources_1/new/CPU_Datapath.v:171]
WARNING: [VRFC 10-3091] actual bit length 1 differs from formal bit length 32 for port 'Q' [C:/XJTU COMPARCH/project_5/project_5.srcs/sources_1/new/CPU_Datapath.v:172]
WARNING: [VRFC 10-3091] actual bit length 2 differs from formal bit length 32 for port 'Q' [C:/XJTU COMPARCH/project_5/project_5.srcs/sources_1/new/CPU_Datapath.v:173]
WARNING: [VRFC 10-3091] actual bit length 1 differs from formal bit length 32 for port 'Q' [C:/XJTU COMPARCH/project_5/project_5.srcs/sources_1/new/CPU_Datapath.v:225]
WARNING: [VRFC 10-3091] actual bit length 1 differs from formal bit length 32 for port 'Q' [C:/XJTU COMPARCH/project_5/project_5.srcs/sources_1/new/CPU_Datapath.v:226]
WARNING: [VRFC 10-3091] actual bit length 1 differs from formal bit length 32 for port 'Q' [C:/XJTU COMPARCH/project_5/project_5.srcs/sources_1/new/CPU_Datapath.v:227]
WARNING: [VRFC 10-3091] actual bit length 2 differs from formal bit length 32 for port 'Q' [C:/XJTU COMPARCH/project_5/project_5.srcs/sources_1/new/CPU_Datapath.v:228]
WARNING: [VRFC 10-3091] actual bit length 1 differs from formal bit length 32 for port 'Q' [C:/XJTU COMPARCH/project_5/project_5.srcs/sources_1/new/CPU_Datapath.v:244]
WARNING: [VRFC 10-3091] actual bit length 2 differs from formal bit length 32 for port 'Q' [C:/XJTU COMPARCH/project_5/project_5.srcs/sources_1/new/CPU_Datapath.v:245]
Completed static elaboration
Starting simulation data flow analysis
Completed simulation data flow analysis
Time Resolution for simulation is 1ps
Compiling module xil_defaultlib.IMem
Compiling module xil_defaultlib.Register
Compiling module xil_defaultlib.MainDsc
Compiling module xil_defaultlib.ControlLogic_ID
Compiling module xil_defaultlib.RegFile
Compiling module xil_defaultlib.ImmGen
Compiling module xil_defaultlib.ALU
Compiling module xil_defaultlib.MainDsc_EX
Compiling module xil_defaultlib.ControlLogic_EX
Compiling module xil_defaultlib.BranchComp
Compiling module xil_defaultlib.FourWaySACache
Compiling module xil_defaultlib.RAM_4Kx32_default
Compiling module xil_defaultlib.DMem
Compiling module xil_defaultlib.CPU_Datapath
Compiling module xil_defaultlib.CPU_sim
Compiling module xil_defaultlib.glbl
Built simulation snapshot CPU_sim_behav

****** Webtalk v2019.2 (64-bit)
  **** SW Build 2708876 on Wed Nov  6 21:40:23 MST 2019
  **** IP Build 2700528 on Thu Nov  7 00:09:20 MST 2019
    ** Copyright 1986-2019 Xilinx, Inc. All Rights Reserved.

source C:/XJTU -notrace
couldn't read file "C:/XJTU": permission denied
INFO: [Common 17-206] Exiting Webtalk at Wed Jan  1 15:23:12 2025...
INFO: [USF-XSim-69] 'elaborate' step finished in '3' seconds
INFO: [USF-XSim-4] XSim::Simulate design
INFO: [USF-XSim-61] Executing 'SIMULATE' step in 'C:/XJTU COMPARCH/project_5/project_5.sim/sim_1/behav/xsim'
INFO: [USF-XSim-98] *** Running xsim
   with args "CPU_sim_behav -key {Behavioral:sim_1:Functional:CPU_sim} -tclbatch {CPU_sim.tcl} -view {{C:/XJTU COMPARCH/project_5/CPU_sim_behav.wcfg}} -log {simulate.log}"
INFO: [USF-XSim-8] Loading simulator feature
Vivado Simulator 2019.2
Time resolution is 1 ps
open_wave_config {C:/XJTU COMPARCH/project_5/CPU_sim_behav.wcfg}
source CPU_sim.tcl
# set curr_wave [current_wave_config]
# if { [string length $curr_wave] == 0 } {
#   if { [llength [get_objects]] > 0} {
#     add_wave /
#     set_property needs_save false [current_wave_config]
#   } else {
#      send_msg_id Add_Wave-1 WARNING "No top level signals found. Simulator will start without a wave window. If you want to open a wave window go to 'File->New Waveform Configuration' or type 'create_wave_config' in the TCL console."
#   }
# }
# run 1000ns
INFO: [USF-XSim-96] XSim completed. Design snapshot 'CPU_sim_behav' loaded.
INFO: [USF-XSim-97] XSim simulation ran for 1000ns
launch_simulation: Time (s): cpu = 00:00:00 ; elapsed = 00:00:08 . Memory (MB): peak = 883.004 ; gain = 1.227
close_sim
INFO: [Simtcl 6-16] Simulation closed
launch_simulation
Command: launch_simulation 
INFO: [Vivado 12-5682] Launching behavioral simulation in 'C:/XJTU COMPARCH/project_5/project_5.sim/sim_1/behav/xsim'
INFO: [SIM-utils-51] Simulation object is 'sim_1'
INFO: [SIM-utils-54] Inspecting design source files for 'CPU_sim' in fileset 'sim_1'...
INFO: [USF-XSim-97] Finding global include files...
INFO: [USF-XSim-98] Fetching design files from 'sim_1'...
INFO: [USF-XSim-2] XSim::Compile design
INFO: [USF-XSim-61] Executing 'COMPILE and ANALYZE' step in 'C:/XJTU COMPARCH/project_5/project_5.sim/sim_1/behav/xsim'
"xvlog --incr --relax -prj CPU_sim_vlog.prj"
INFO: [VRFC 10-2263] Analyzing Verilog file "C:/XJTU COMPARCH/project_5/project_5.srcs/sources_1/new/ALU.v" into library xil_defaultlib
INFO: [VRFC 10-311] analyzing module ALU
INFO: [VRFC 10-2263] Analyzing Verilog file "C:/XJTU COMPARCH/project_5/project_5.srcs/sources_1/new/BranchComp.v" into library xil_defaultlib
INFO: [VRFC 10-311] analyzing module BranchComp
INFO: [VRFC 10-2263] Analyzing Verilog file "C:/XJTU COMPARCH/project_5/project_5.srcs/sources_1/new/CPU_Datapath.v" into library xil_defaultlib
INFO: [VRFC 10-311] analyzing module CPU_Datapath
INFO: [VRFC 10-2263] Analyzing Verilog file "C:/XJTU COMPARCH/project_5/project_5.srcs/sources_1/new/ControlLogic_EX.v" into library xil_defaultlib
INFO: [VRFC 10-311] analyzing module ControlLogic_EX
INFO: [VRFC 10-2263] Analyzing Verilog file "C:/XJTU COMPARCH/project_5/project_5.srcs/sources_1/new/ControlLogic_ID.v" into library xil_defaultlib
INFO: [VRFC 10-311] analyzing module ControlLogic_ID
INFO: [VRFC 10-2263] Analyzing Verilog file "C:/XJTU COMPARCH/project_5/project_5.srcs/sources_1/new/DMem.v" into library xil_defaultlib
INFO: [VRFC 10-311] analyzing module DMem
INFO: [VRFC 10-2263] Analyzing Verilog file "C:/XJTU COMPARCH/project_5/project_5.srcs/sources_1/new/FourWaySACache.v" into library xil_defaultlib
INFO: [VRFC 10-311] analyzing module FourWaySACache
INFO: [VRFC 10-2263] Analyzing Verilog file "C:/XJTU COMPARCH/project_5/project_5.srcs/sources_1/new/IMem.v" into library xil_defaultlib
INFO: [VRFC 10-311] analyzing module IMem
INFO: [VRFC 10-2263] Analyzing Verilog file "C:/XJTU COMPARCH/project_5/project_5.srcs/sources_1/new/ImmGen.v" into library xil_defaultlib
INFO: [VRFC 10-311] analyzing module ImmGen
INFO: [VRFC 10-2263] Analyzing Verilog file "C:/XJTU COMPARCH/project_5/project_5.srcs/sources_1/new/MainDsc.v" into library xil_defaultlib
INFO: [VRFC 10-311] analyzing module MainDsc
INFO: [VRFC 10-2263] Analyzing Verilog file "C:/XJTU COMPARCH/project_5/project_5.srcs/sources_1/new/MainDsc_EX.v" into library xil_defaultlib
INFO: [VRFC 10-311] analyzing module MainDsc_EX
INFO: [VRFC 10-2263] Analyzing Verilog file "C:/XJTU COMPARCH/project_5/project_5.srcs/sources_1/new/RAM_4Kx32.v" into library xil_defaultlib
INFO: [VRFC 10-311] analyzing module RAM_4Kx32
INFO: [VRFC 10-2263] Analyzing Verilog file "C:/XJTU COMPARCH/project_5/project_5.srcs/sources_1/new/RegFile.v" into library xil_defaultlib
INFO: [VRFC 10-311] analyzing module RegFile
INFO: [VRFC 10-2263] Analyzing Verilog file "C:/XJTU COMPARCH/project_5/project_5.srcs/sources_1/new/Register.v" into library xil_defaultlib
INFO: [VRFC 10-311] analyzing module Register
INFO: [VRFC 10-2263] Analyzing Verilog file "C:/XJTU COMPARCH/project_5/project_5.srcs/sim_1/new/CPU_sim.v" into library xil_defaultlib
INFO: [VRFC 10-311] analyzing module CPU_sim
INFO: [USF-XSim-69] 'compile' step finished in '1' seconds
INFO: [USF-XSim-3] XSim::Elaborate design
INFO: [USF-XSim-61] Executing 'ELABORATE' step in 'C:/XJTU COMPARCH/project_5/project_5.sim/sim_1/behav/xsim'
"xelab -wto f1795959e9ee4683ab0147d6093c81ff --incr --debug typical --relax --mt 2 -L xil_defaultlib -L unisims_ver -L unimacro_ver -L secureip --snapshot CPU_sim_behav xil_defaultlib.CPU_sim xil_defaultlib.glbl -log elaborate.log"
Vivado Simulator 2019.2
Copyright 1986-1999, 2001-2019 Xilinx, Inc. All Rights Reserved.
Running: C:/Xilinx2019/Vivado/2019.2/bin/unwrapped/win64.o/xelab.exe -wto f1795959e9ee4683ab0147d6093c81ff --incr --debug typical --relax --mt 2 -L xil_defaultlib -L unisims_ver -L unimacro_ver -L secureip --snapshot CPU_sim_behav xil_defaultlib.CPU_sim xil_defaultlib.glbl -log elaborate.log 
Using 2 slave threads.
Starting static elaboration
Pass Through NonSizing Optimizer
WARNING: [VRFC 10-3091] actual bit length 1 differs from formal bit length 32 for port 'Q' [C:/XJTU COMPARCH/project_5/project_5.srcs/sources_1/new/CPU_Datapath.v:165]
WARNING: [VRFC 10-3091] actual bit length 3 differs from formal bit length 32 for port 'Q' [C:/XJTU COMPARCH/project_5/project_5.srcs/sources_1/new/CPU_Datapath.v:166]
WARNING: [VRFC 10-3091] actual bit length 1 differs from formal bit length 32 for port 'Q' [C:/XJTU COMPARCH/project_5/project_5.srcs/sources_1/new/CPU_Datapath.v:167]
WARNING: [VRFC 10-3091] actual bit length 1 differs from formal bit length 32 for port 'Q' [C:/XJTU COMPARCH/project_5/project_5.srcs/sources_1/new/CPU_Datapath.v:168]
WARNING: [VRFC 10-3091] actual bit length 1 differs from formal bit length 32 for port 'Q' [C:/XJTU COMPARCH/project_5/project_5.srcs/sources_1/new/CPU_Datapath.v:169]
WARNING: [VRFC 10-3091] actual bit length 4 differs from formal bit length 32 for port 'Q' [C:/XJTU COMPARCH/project_5/project_5.srcs/sources_1/new/CPU_Datapath.v:170]
WARNING: [VRFC 10-3091] actual bit length 1 differs from formal bit length 32 for port 'Q' [C:/XJTU COMPARCH/project_5/project_5.srcs/sources_1/new/CPU_Datapath.v:171]
WARNING: [VRFC 10-3091] actual bit length 1 differs from formal bit length 32 for port 'Q' [C:/XJTU COMPARCH/project_5/project_5.srcs/sources_1/new/CPU_Datapath.v:172]
WARNING: [VRFC 10-3091] actual bit length 2 differs from formal bit length 32 for port 'Q' [C:/XJTU COMPARCH/project_5/project_5.srcs/sources_1/new/CPU_Datapath.v:173]
WARNING: [VRFC 10-3091] actual bit length 1 differs from formal bit length 32 for port 'Q' [C:/XJTU COMPARCH/project_5/project_5.srcs/sources_1/new/CPU_Datapath.v:225]
WARNING: [VRFC 10-3091] actual bit length 1 differs from formal bit length 32 for port 'Q' [C:/XJTU COMPARCH/project_5/project_5.srcs/sources_1/new/CPU_Datapath.v:226]
WARNING: [VRFC 10-3091] actual bit length 1 differs from formal bit length 32 for port 'Q' [C:/XJTU COMPARCH/project_5/project_5.srcs/sources_1/new/CPU_Datapath.v:227]
WARNING: [VRFC 10-3091] actual bit length 2 differs from formal bit length 32 for port 'Q' [C:/XJTU COMPARCH/project_5/project_5.srcs/sources_1/new/CPU_Datapath.v:228]
WARNING: [VRFC 10-3091] actual bit length 1 differs from formal bit length 32 for port 'Q' [C:/XJTU COMPARCH/project_5/project_5.srcs/sources_1/new/CPU_Datapath.v:244]
WARNING: [VRFC 10-3091] actual bit length 2 differs from formal bit length 32 for port 'Q' [C:/XJTU COMPARCH/project_5/project_5.srcs/sources_1/new/CPU_Datapath.v:245]
Completed static elaboration
Starting simulation data flow analysis
Completed simulation data flow analysis
Time Resolution for simulation is 1ps
Compiling module xil_defaultlib.IMem
Compiling module xil_defaultlib.Register
Compiling module xil_defaultlib.MainDsc
Compiling module xil_defaultlib.ControlLogic_ID
Compiling module xil_defaultlib.RegFile
Compiling module xil_defaultlib.ImmGen
Compiling module xil_defaultlib.ALU
Compiling module xil_defaultlib.MainDsc_EX
Compiling module xil_defaultlib.ControlLogic_EX
Compiling module xil_defaultlib.BranchComp
Compiling module xil_defaultlib.FourWaySACache
Compiling module xil_defaultlib.RAM_4Kx32_default
Compiling module xil_defaultlib.DMem
Compiling module xil_defaultlib.CPU_Datapath
Compiling module xil_defaultlib.CPU_sim
Compiling module xil_defaultlib.glbl
Built simulation snapshot CPU_sim_behav
INFO: [USF-XSim-69] 'elaborate' step finished in '2' seconds
INFO: [USF-XSim-4] XSim::Simulate design
INFO: [USF-XSim-61] Executing 'SIMULATE' step in 'C:/XJTU COMPARCH/project_5/project_5.sim/sim_1/behav/xsim'
INFO: [USF-XSim-98] *** Running xsim
   with args "CPU_sim_behav -key {Behavioral:sim_1:Functional:CPU_sim} -tclbatch {CPU_sim.tcl} -view {{C:/XJTU COMPARCH/project_5/CPU_sim_behav.wcfg}} -log {simulate.log}"
INFO: [USF-XSim-8] Loading simulator feature
Vivado Simulator 2019.2
Time resolution is 1 ps
open_wave_config {C:/XJTU COMPARCH/project_5/CPU_sim_behav.wcfg}
source CPU_sim.tcl
# set curr_wave [current_wave_config]
# if { [string length $curr_wave] == 0 } {
#   if { [llength [get_objects]] > 0} {
#     add_wave /
#     set_property needs_save false [current_wave_config]
#   } else {
#      send_msg_id Add_Wave-1 WARNING "No top level signals found. Simulator will start without a wave window. If you want to open a wave window go to 'File->New Waveform Configuration' or type 'create_wave_config' in the TCL console."
#   }
# }
# run 1000ns
INFO: [USF-XSim-96] XSim completed. Design snapshot 'CPU_sim_behav' loaded.
INFO: [USF-XSim-97] XSim simulation ran for 1000ns
launch_simulation: Time (s): cpu = 00:00:01 ; elapsed = 00:00:06 . Memory (MB): peak = 887.848 ; gain = 0.000
close_sim
INFO: [Simtcl 6-16] Simulation closed
launch_simulation
Command: launch_simulation 
INFO: [Vivado 12-5682] Launching behavioral simulation in 'C:/XJTU COMPARCH/project_5/project_5.sim/sim_1/behav/xsim'
INFO: [SIM-utils-51] Simulation object is 'sim_1'
INFO: [SIM-utils-54] Inspecting design source files for 'CPU_sim' in fileset 'sim_1'...
INFO: [USF-XSim-97] Finding global include files...
INFO: [USF-XSim-98] Fetching design files from 'sim_1'...
INFO: [USF-XSim-2] XSim::Compile design
INFO: [USF-XSim-61] Executing 'COMPILE and ANALYZE' step in 'C:/XJTU COMPARCH/project_5/project_5.sim/sim_1/behav/xsim'
"xvlog --incr --relax -prj CPU_sim_vlog.prj"
INFO: [VRFC 10-2263] Analyzing Verilog file "C:/XJTU COMPARCH/project_5/project_5.srcs/sources_1/new/ALU.v" into library xil_defaultlib
INFO: [VRFC 10-311] analyzing module ALU
INFO: [VRFC 10-2263] Analyzing Verilog file "C:/XJTU COMPARCH/project_5/project_5.srcs/sources_1/new/BranchComp.v" into library xil_defaultlib
INFO: [VRFC 10-311] analyzing module BranchComp
INFO: [VRFC 10-2263] Analyzing Verilog file "C:/XJTU COMPARCH/project_5/project_5.srcs/sources_1/new/CPU_Datapath.v" into library xil_defaultlib
INFO: [VRFC 10-311] analyzing module CPU_Datapath
INFO: [VRFC 10-2263] Analyzing Verilog file "C:/XJTU COMPARCH/project_5/project_5.srcs/sources_1/new/ControlLogic_EX.v" into library xil_defaultlib
INFO: [VRFC 10-311] analyzing module ControlLogic_EX
INFO: [VRFC 10-2263] Analyzing Verilog file "C:/XJTU COMPARCH/project_5/project_5.srcs/sources_1/new/ControlLogic_ID.v" into library xil_defaultlib
INFO: [VRFC 10-311] analyzing module ControlLogic_ID
INFO: [VRFC 10-2263] Analyzing Verilog file "C:/XJTU COMPARCH/project_5/project_5.srcs/sources_1/new/DMem.v" into library xil_defaultlib
INFO: [VRFC 10-311] analyzing module DMem
INFO: [VRFC 10-2263] Analyzing Verilog file "C:/XJTU COMPARCH/project_5/project_5.srcs/sources_1/new/FourWaySACache.v" into library xil_defaultlib
INFO: [VRFC 10-311] analyzing module FourWaySACache
INFO: [VRFC 10-2263] Analyzing Verilog file "C:/XJTU COMPARCH/project_5/project_5.srcs/sources_1/new/IMem.v" into library xil_defaultlib
INFO: [VRFC 10-311] analyzing module IMem
INFO: [VRFC 10-2263] Analyzing Verilog file "C:/XJTU COMPARCH/project_5/project_5.srcs/sources_1/new/ImmGen.v" into library xil_defaultlib
INFO: [VRFC 10-311] analyzing module ImmGen
INFO: [VRFC 10-2263] Analyzing Verilog file "C:/XJTU COMPARCH/project_5/project_5.srcs/sources_1/new/MainDsc.v" into library xil_defaultlib
INFO: [VRFC 10-311] analyzing module MainDsc
INFO: [VRFC 10-2263] Analyzing Verilog file "C:/XJTU COMPARCH/project_5/project_5.srcs/sources_1/new/MainDsc_EX.v" into library xil_defaultlib
INFO: [VRFC 10-311] analyzing module MainDsc_EX
INFO: [VRFC 10-2263] Analyzing Verilog file "C:/XJTU COMPARCH/project_5/project_5.srcs/sources_1/new/RAM_4Kx32.v" into library xil_defaultlib
INFO: [VRFC 10-311] analyzing module RAM_4Kx32
INFO: [VRFC 10-2263] Analyzing Verilog file "C:/XJTU COMPARCH/project_5/project_5.srcs/sources_1/new/RegFile.v" into library xil_defaultlib
INFO: [VRFC 10-311] analyzing module RegFile
INFO: [VRFC 10-2263] Analyzing Verilog file "C:/XJTU COMPARCH/project_5/project_5.srcs/sources_1/new/Register.v" into library xil_defaultlib
INFO: [VRFC 10-311] analyzing module Register
INFO: [VRFC 10-2263] Analyzing Verilog file "C:/XJTU COMPARCH/project_5/project_5.srcs/sim_1/new/CPU_sim.v" into library xil_defaultlib
INFO: [VRFC 10-311] analyzing module CPU_sim
INFO: [USF-XSim-69] 'compile' step finished in '3' seconds
INFO: [USF-XSim-3] XSim::Elaborate design
INFO: [USF-XSim-61] Executing 'ELABORATE' step in 'C:/XJTU COMPARCH/project_5/project_5.sim/sim_1/behav/xsim'
"xelab -wto f1795959e9ee4683ab0147d6093c81ff --incr --debug typical --relax --mt 2 -L xil_defaultlib -L unisims_ver -L unimacro_ver -L secureip --snapshot CPU_sim_behav xil_defaultlib.CPU_sim xil_defaultlib.glbl -log elaborate.log"
Vivado Simulator 2019.2
Copyright 1986-1999, 2001-2019 Xilinx, Inc. All Rights Reserved.
Running: C:/Xilinx2019/Vivado/2019.2/bin/unwrapped/win64.o/xelab.exe -wto f1795959e9ee4683ab0147d6093c81ff --incr --debug typical --relax --mt 2 -L xil_defaultlib -L unisims_ver -L unimacro_ver -L secureip --snapshot CPU_sim_behav xil_defaultlib.CPU_sim xil_defaultlib.glbl -log elaborate.log 
Using 2 slave threads.
Starting static elaboration
Pass Through NonSizing Optimizer
WARNING: [VRFC 10-3091] actual bit length 1 differs from formal bit length 32 for port 'Q' [C:/XJTU COMPARCH/project_5/project_5.srcs/sources_1/new/CPU_Datapath.v:165]
WARNING: [VRFC 10-3091] actual bit length 3 differs from formal bit length 32 for port 'Q' [C:/XJTU COMPARCH/project_5/project_5.srcs/sources_1/new/CPU_Datapath.v:166]
WARNING: [VRFC 10-3091] actual bit length 1 differs from formal bit length 32 for port 'Q' [C:/XJTU COMPARCH/project_5/project_5.srcs/sources_1/new/CPU_Datapath.v:167]
WARNING: [VRFC 10-3091] actual bit length 1 differs from formal bit length 32 for port 'Q' [C:/XJTU COMPARCH/project_5/project_5.srcs/sources_1/new/CPU_Datapath.v:168]
WARNING: [VRFC 10-3091] actual bit length 1 differs from formal bit length 32 for port 'Q' [C:/XJTU COMPARCH/project_5/project_5.srcs/sources_1/new/CPU_Datapath.v:169]
WARNING: [VRFC 10-3091] actual bit length 4 differs from formal bit length 32 for port 'Q' [C:/XJTU COMPARCH/project_5/project_5.srcs/sources_1/new/CPU_Datapath.v:170]
WARNING: [VRFC 10-3091] actual bit length 1 differs from formal bit length 32 for port 'Q' [C:/XJTU COMPARCH/project_5/project_5.srcs/sources_1/new/CPU_Datapath.v:171]
WARNING: [VRFC 10-3091] actual bit length 1 differs from formal bit length 32 for port 'Q' [C:/XJTU COMPARCH/project_5/project_5.srcs/sources_1/new/CPU_Datapath.v:172]
WARNING: [VRFC 10-3091] actual bit length 2 differs from formal bit length 32 for port 'Q' [C:/XJTU COMPARCH/project_5/project_5.srcs/sources_1/new/CPU_Datapath.v:173]
WARNING: [VRFC 10-3091] actual bit length 1 differs from formal bit length 32 for port 'Q' [C:/XJTU COMPARCH/project_5/project_5.srcs/sources_1/new/CPU_Datapath.v:225]
WARNING: [VRFC 10-3091] actual bit length 1 differs from formal bit length 32 for port 'Q' [C:/XJTU COMPARCH/project_5/project_5.srcs/sources_1/new/CPU_Datapath.v:226]
WARNING: [VRFC 10-3091] actual bit length 1 differs from formal bit length 32 for port 'Q' [C:/XJTU COMPARCH/project_5/project_5.srcs/sources_1/new/CPU_Datapath.v:227]
WARNING: [VRFC 10-3091] actual bit length 2 differs from formal bit length 32 for port 'Q' [C:/XJTU COMPARCH/project_5/project_5.srcs/sources_1/new/CPU_Datapath.v:228]
WARNING: [VRFC 10-3091] actual bit length 1 differs from formal bit length 32 for port 'Q' [C:/XJTU COMPARCH/project_5/project_5.srcs/sources_1/new/CPU_Datapath.v:244]
WARNING: [VRFC 10-3091] actual bit length 2 differs from formal bit length 32 for port 'Q' [C:/XJTU COMPARCH/project_5/project_5.srcs/sources_1/new/CPU_Datapath.v:245]
Completed static elaboration
Starting simulation data flow analysis
Completed simulation data flow analysis
Time Resolution for simulation is 1ps
Compiling module xil_defaultlib.IMem
Compiling module xil_defaultlib.Register
Compiling module xil_defaultlib.MainDsc
Compiling module xil_defaultlib.ControlLogic_ID
Compiling module xil_defaultlib.RegFile
Compiling module xil_defaultlib.ImmGen
Compiling module xil_defaultlib.ALU
Compiling module xil_defaultlib.MainDsc_EX
Compiling module xil_defaultlib.ControlLogic_EX
Compiling module xil_defaultlib.BranchComp
Compiling module xil_defaultlib.FourWaySACache
Compiling module xil_defaultlib.RAM_4Kx32_default
Compiling module xil_defaultlib.DMem
Compiling module xil_defaultlib.CPU_Datapath
Compiling module xil_defaultlib.CPU_sim
Compiling module xil_defaultlib.glbl
Built simulation snapshot CPU_sim_behav
INFO: [USF-XSim-69] 'elaborate' step finished in '4' seconds
INFO: [USF-XSim-4] XSim::Simulate design
INFO: [USF-XSim-61] Executing 'SIMULATE' step in 'C:/XJTU COMPARCH/project_5/project_5.sim/sim_1/behav/xsim'
INFO: [USF-XSim-98] *** Running xsim
   with args "CPU_sim_behav -key {Behavioral:sim_1:Functional:CPU_sim} -tclbatch {CPU_sim.tcl} -view {{C:/XJTU COMPARCH/project_5/CPU_sim_behav.wcfg}} -log {simulate.log}"
INFO: [USF-XSim-8] Loading simulator feature
Vivado Simulator 2019.2
Time resolution is 1 ps
open_wave_config {C:/XJTU COMPARCH/project_5/CPU_sim_behav.wcfg}
source CPU_sim.tcl
# set curr_wave [current_wave_config]
# if { [string length $curr_wave] == 0 } {
#   if { [llength [get_objects]] > 0} {
#     add_wave /
#     set_property needs_save false [current_wave_config]
#   } else {
#      send_msg_id Add_Wave-1 WARNING "No top level signals found. Simulator will start without a wave window. If you want to open a wave window go to 'File->New Waveform Configuration' or type 'create_wave_config' in the TCL console."
#   }
# }
# run 1000ns
xsim: Time (s): cpu = 00:00:01 ; elapsed = 00:00:05 . Memory (MB): peak = 887.848 ; gain = 0.000
INFO: [USF-XSim-96] XSim completed. Design snapshot 'CPU_sim_behav' loaded.
INFO: [USF-XSim-97] XSim simulation ran for 1000ns
launch_simulation: Time (s): cpu = 00:00:01 ; elapsed = 00:00:12 . Memory (MB): peak = 887.848 ; gain = 0.000
close_sim
INFO: [Simtcl 6-16] Simulation closed
launch_simulation
Command: launch_simulation 
INFO: [Vivado 12-5682] Launching behavioral simulation in 'C:/XJTU COMPARCH/project_5/project_5.sim/sim_1/behav/xsim'
INFO: [SIM-utils-51] Simulation object is 'sim_1'
INFO: [SIM-utils-54] Inspecting design source files for 'CPU_sim' in fileset 'sim_1'...
INFO: [USF-XSim-97] Finding global include files...
INFO: [USF-XSim-98] Fetching design files from 'sim_1'...
INFO: [USF-XSim-2] XSim::Compile design
INFO: [USF-XSim-61] Executing 'COMPILE and ANALYZE' step in 'C:/XJTU COMPARCH/project_5/project_5.sim/sim_1/behav/xsim'
"xvlog --incr --relax -prj CPU_sim_vlog.prj"
INFO: [VRFC 10-2263] Analyzing Verilog file "C:/XJTU COMPARCH/project_5/project_5.srcs/sources_1/new/ALU.v" into library xil_defaultlib
INFO: [VRFC 10-311] analyzing module ALU
INFO: [VRFC 10-2263] Analyzing Verilog file "C:/XJTU COMPARCH/project_5/project_5.srcs/sources_1/new/BranchComp.v" into library xil_defaultlib
INFO: [VRFC 10-311] analyzing module BranchComp
INFO: [VRFC 10-2263] Analyzing Verilog file "C:/XJTU COMPARCH/project_5/project_5.srcs/sources_1/new/CPU_Datapath.v" into library xil_defaultlib
INFO: [VRFC 10-311] analyzing module CPU_Datapath
INFO: [VRFC 10-2263] Analyzing Verilog file "C:/XJTU COMPARCH/project_5/project_5.srcs/sources_1/new/ControlLogic_EX.v" into library xil_defaultlib
INFO: [VRFC 10-311] analyzing module ControlLogic_EX
INFO: [VRFC 10-2263] Analyzing Verilog file "C:/XJTU COMPARCH/project_5/project_5.srcs/sources_1/new/ControlLogic_ID.v" into library xil_defaultlib
INFO: [VRFC 10-311] analyzing module ControlLogic_ID
INFO: [VRFC 10-2263] Analyzing Verilog file "C:/XJTU COMPARCH/project_5/project_5.srcs/sources_1/new/DMem.v" into library xil_defaultlib
INFO: [VRFC 10-311] analyzing module DMem
INFO: [VRFC 10-2263] Analyzing Verilog file "C:/XJTU COMPARCH/project_5/project_5.srcs/sources_1/new/FourWaySACache.v" into library xil_defaultlib
INFO: [VRFC 10-311] analyzing module FourWaySACache
INFO: [VRFC 10-2263] Analyzing Verilog file "C:/XJTU COMPARCH/project_5/project_5.srcs/sources_1/new/IMem.v" into library xil_defaultlib
INFO: [VRFC 10-311] analyzing module IMem
INFO: [VRFC 10-2263] Analyzing Verilog file "C:/XJTU COMPARCH/project_5/project_5.srcs/sources_1/new/ImmGen.v" into library xil_defaultlib
INFO: [VRFC 10-311] analyzing module ImmGen
INFO: [VRFC 10-2263] Analyzing Verilog file "C:/XJTU COMPARCH/project_5/project_5.srcs/sources_1/new/MainDsc.v" into library xil_defaultlib
INFO: [VRFC 10-311] analyzing module MainDsc
INFO: [VRFC 10-2263] Analyzing Verilog file "C:/XJTU COMPARCH/project_5/project_5.srcs/sources_1/new/MainDsc_EX.v" into library xil_defaultlib
INFO: [VRFC 10-311] analyzing module MainDsc_EX
INFO: [VRFC 10-2263] Analyzing Verilog file "C:/XJTU COMPARCH/project_5/project_5.srcs/sources_1/new/RAM_4Kx32.v" into library xil_defaultlib
INFO: [VRFC 10-311] analyzing module RAM_4Kx32
INFO: [VRFC 10-2263] Analyzing Verilog file "C:/XJTU COMPARCH/project_5/project_5.srcs/sources_1/new/RegFile.v" into library xil_defaultlib
INFO: [VRFC 10-311] analyzing module RegFile
INFO: [VRFC 10-2263] Analyzing Verilog file "C:/XJTU COMPARCH/project_5/project_5.srcs/sources_1/new/Register.v" into library xil_defaultlib
INFO: [VRFC 10-311] analyzing module Register
INFO: [VRFC 10-2263] Analyzing Verilog file "C:/XJTU COMPARCH/project_5/project_5.srcs/sim_1/new/CPU_sim.v" into library xil_defaultlib
INFO: [VRFC 10-311] analyzing module CPU_sim
INFO: [USF-XSim-69] 'compile' step finished in '2' seconds
INFO: [USF-XSim-3] XSim::Elaborate design
INFO: [USF-XSim-61] Executing 'ELABORATE' step in 'C:/XJTU COMPARCH/project_5/project_5.sim/sim_1/behav/xsim'
"xelab -wto f1795959e9ee4683ab0147d6093c81ff --incr --debug typical --relax --mt 2 -L xil_defaultlib -L unisims_ver -L unimacro_ver -L secureip --snapshot CPU_sim_behav xil_defaultlib.CPU_sim xil_defaultlib.glbl -log elaborate.log"
Vivado Simulator 2019.2
Copyright 1986-1999, 2001-2019 Xilinx, Inc. All Rights Reserved.
Running: C:/Xilinx2019/Vivado/2019.2/bin/unwrapped/win64.o/xelab.exe -wto f1795959e9ee4683ab0147d6093c81ff --incr --debug typical --relax --mt 2 -L xil_defaultlib -L unisims_ver -L unimacro_ver -L secureip --snapshot CPU_sim_behav xil_defaultlib.CPU_sim xil_defaultlib.glbl -log elaborate.log 
Using 2 slave threads.
Starting static elaboration
Pass Through NonSizing Optimizer
WARNING: [VRFC 10-3091] actual bit length 1 differs from formal bit length 32 for port 'Q' [C:/XJTU COMPARCH/project_5/project_5.srcs/sources_1/new/CPU_Datapath.v:165]
WARNING: [VRFC 10-3091] actual bit length 3 differs from formal bit length 32 for port 'Q' [C:/XJTU COMPARCH/project_5/project_5.srcs/sources_1/new/CPU_Datapath.v:166]
WARNING: [VRFC 10-3091] actual bit length 1 differs from formal bit length 32 for port 'Q' [C:/XJTU COMPARCH/project_5/project_5.srcs/sources_1/new/CPU_Datapath.v:167]
WARNING: [VRFC 10-3091] actual bit length 1 differs from formal bit length 32 for port 'Q' [C:/XJTU COMPARCH/project_5/project_5.srcs/sources_1/new/CPU_Datapath.v:168]
WARNING: [VRFC 10-3091] actual bit length 1 differs from formal bit length 32 for port 'Q' [C:/XJTU COMPARCH/project_5/project_5.srcs/sources_1/new/CPU_Datapath.v:169]
WARNING: [VRFC 10-3091] actual bit length 4 differs from formal bit length 32 for port 'Q' [C:/XJTU COMPARCH/project_5/project_5.srcs/sources_1/new/CPU_Datapath.v:170]
WARNING: [VRFC 10-3091] actual bit length 1 differs from formal bit length 32 for port 'Q' [C:/XJTU COMPARCH/project_5/project_5.srcs/sources_1/new/CPU_Datapath.v:171]
WARNING: [VRFC 10-3091] actual bit length 1 differs from formal bit length 32 for port 'Q' [C:/XJTU COMPARCH/project_5/project_5.srcs/sources_1/new/CPU_Datapath.v:172]
WARNING: [VRFC 10-3091] actual bit length 2 differs from formal bit length 32 for port 'Q' [C:/XJTU COMPARCH/project_5/project_5.srcs/sources_1/new/CPU_Datapath.v:173]
WARNING: [VRFC 10-3091] actual bit length 1 differs from formal bit length 32 for port 'Q' [C:/XJTU COMPARCH/project_5/project_5.srcs/sources_1/new/CPU_Datapath.v:225]
WARNING: [VRFC 10-3091] actual bit length 1 differs from formal bit length 32 for port 'Q' [C:/XJTU COMPARCH/project_5/project_5.srcs/sources_1/new/CPU_Datapath.v:226]
WARNING: [VRFC 10-3091] actual bit length 1 differs from formal bit length 32 for port 'Q' [C:/XJTU COMPARCH/project_5/project_5.srcs/sources_1/new/CPU_Datapath.v:227]
WARNING: [VRFC 10-3091] actual bit length 2 differs from formal bit length 32 for port 'Q' [C:/XJTU COMPARCH/project_5/project_5.srcs/sources_1/new/CPU_Datapath.v:228]
WARNING: [VRFC 10-3091] actual bit length 1 differs from formal bit length 32 for port 'Q' [C:/XJTU COMPARCH/project_5/project_5.srcs/sources_1/new/CPU_Datapath.v:244]
WARNING: [VRFC 10-3091] actual bit length 2 differs from formal bit length 32 for port 'Q' [C:/XJTU COMPARCH/project_5/project_5.srcs/sources_1/new/CPU_Datapath.v:245]
Completed static elaboration
Starting simulation data flow analysis
Completed simulation data flow analysis
Time Resolution for simulation is 1ps
Compiling module xil_defaultlib.IMem
Compiling module xil_defaultlib.Register
Compiling module xil_defaultlib.MainDsc
Compiling module xil_defaultlib.ControlLogic_ID
Compiling module xil_defaultlib.RegFile
Compiling module xil_defaultlib.ImmGen
Compiling module xil_defaultlib.ALU
Compiling module xil_defaultlib.MainDsc_EX
Compiling module xil_defaultlib.ControlLogic_EX
Compiling module xil_defaultlib.BranchComp
Compiling module xil_defaultlib.FourWaySACache
Compiling module xil_defaultlib.RAM_4Kx32_default
Compiling module xil_defaultlib.DMem
Compiling module xil_defaultlib.CPU_Datapath
Compiling module xil_defaultlib.CPU_sim
Compiling module xil_defaultlib.glbl
Built simulation snapshot CPU_sim_behav
INFO: [USF-XSim-69] 'elaborate' step finished in '3' seconds
INFO: [USF-XSim-4] XSim::Simulate design
INFO: [USF-XSim-61] Executing 'SIMULATE' step in 'C:/XJTU COMPARCH/project_5/project_5.sim/sim_1/behav/xsim'
INFO: [USF-XSim-98] *** Running xsim
   with args "CPU_sim_behav -key {Behavioral:sim_1:Functional:CPU_sim} -tclbatch {CPU_sim.tcl} -view {{C:/XJTU COMPARCH/project_5/CPU_sim_behav.wcfg}} -log {simulate.log}"
INFO: [USF-XSim-8] Loading simulator feature
Vivado Simulator 2019.2
Time resolution is 1 ps
open_wave_config {C:/XJTU COMPARCH/project_5/CPU_sim_behav.wcfg}
source CPU_sim.tcl
# set curr_wave [current_wave_config]
# if { [string length $curr_wave] == 0 } {
#   if { [llength [get_objects]] > 0} {
#     add_wave /
#     set_property needs_save false [current_wave_config]
#   } else {
#      send_msg_id Add_Wave-1 WARNING "No top level signals found. Simulator will start without a wave window. If you want to open a wave window go to 'File->New Waveform Configuration' or type 'create_wave_config' in the TCL console."
#   }
# }
# run 1000ns
xsim: Time (s): cpu = 00:00:01 ; elapsed = 00:00:05 . Memory (MB): peak = 887.848 ; gain = 0.000
INFO: [USF-XSim-96] XSim completed. Design snapshot 'CPU_sim_behav' loaded.
INFO: [USF-XSim-97] XSim simulation ran for 1000ns
launch_simulation: Time (s): cpu = 00:00:01 ; elapsed = 00:00:12 . Memory (MB): peak = 887.848 ; gain = 0.000
close_sim
INFO: [Simtcl 6-16] Simulation closed
launch_simulation
Command: launch_simulation 
INFO: [Vivado 12-5682] Launching behavioral simulation in 'C:/XJTU COMPARCH/project_5/project_5.sim/sim_1/behav/xsim'
INFO: [SIM-utils-51] Simulation object is 'sim_1'
INFO: [SIM-utils-54] Inspecting design source files for 'CPU_sim' in fileset 'sim_1'...
INFO: [USF-XSim-97] Finding global include files...
INFO: [USF-XSim-98] Fetching design files from 'sim_1'...
INFO: [USF-XSim-2] XSim::Compile design
INFO: [USF-XSim-61] Executing 'COMPILE and ANALYZE' step in 'C:/XJTU COMPARCH/project_5/project_5.sim/sim_1/behav/xsim'
"xvlog --incr --relax -prj CPU_sim_vlog.prj"
INFO: [VRFC 10-2263] Analyzing Verilog file "C:/XJTU COMPARCH/project_5/project_5.srcs/sources_1/new/ALU.v" into library xil_defaultlib
INFO: [VRFC 10-311] analyzing module ALU
INFO: [VRFC 10-2263] Analyzing Verilog file "C:/XJTU COMPARCH/project_5/project_5.srcs/sources_1/new/BranchComp.v" into library xil_defaultlib
INFO: [VRFC 10-311] analyzing module BranchComp
INFO: [VRFC 10-2263] Analyzing Verilog file "C:/XJTU COMPARCH/project_5/project_5.srcs/sources_1/new/CPU_Datapath.v" into library xil_defaultlib
INFO: [VRFC 10-311] analyzing module CPU_Datapath
INFO: [VRFC 10-2263] Analyzing Verilog file "C:/XJTU COMPARCH/project_5/project_5.srcs/sources_1/new/ControlLogic_EX.v" into library xil_defaultlib
INFO: [VRFC 10-311] analyzing module ControlLogic_EX
INFO: [VRFC 10-2263] Analyzing Verilog file "C:/XJTU COMPARCH/project_5/project_5.srcs/sources_1/new/ControlLogic_ID.v" into library xil_defaultlib
INFO: [VRFC 10-311] analyzing module ControlLogic_ID
INFO: [VRFC 10-2263] Analyzing Verilog file "C:/XJTU COMPARCH/project_5/project_5.srcs/sources_1/new/DMem.v" into library xil_defaultlib
INFO: [VRFC 10-311] analyzing module DMem
INFO: [VRFC 10-2263] Analyzing Verilog file "C:/XJTU COMPARCH/project_5/project_5.srcs/sources_1/new/FourWaySACache.v" into library xil_defaultlib
INFO: [VRFC 10-311] analyzing module FourWaySACache
INFO: [VRFC 10-2263] Analyzing Verilog file "C:/XJTU COMPARCH/project_5/project_5.srcs/sources_1/new/IMem.v" into library xil_defaultlib
INFO: [VRFC 10-311] analyzing module IMem
INFO: [VRFC 10-2263] Analyzing Verilog file "C:/XJTU COMPARCH/project_5/project_5.srcs/sources_1/new/ImmGen.v" into library xil_defaultlib
INFO: [VRFC 10-311] analyzing module ImmGen
INFO: [VRFC 10-2263] Analyzing Verilog file "C:/XJTU COMPARCH/project_5/project_5.srcs/sources_1/new/MainDsc.v" into library xil_defaultlib
INFO: [VRFC 10-311] analyzing module MainDsc
INFO: [VRFC 10-2263] Analyzing Verilog file "C:/XJTU COMPARCH/project_5/project_5.srcs/sources_1/new/MainDsc_EX.v" into library xil_defaultlib
INFO: [VRFC 10-311] analyzing module MainDsc_EX
INFO: [VRFC 10-2263] Analyzing Verilog file "C:/XJTU COMPARCH/project_5/project_5.srcs/sources_1/new/RAM_4Kx32.v" into library xil_defaultlib
INFO: [VRFC 10-311] analyzing module RAM_4Kx32
INFO: [VRFC 10-2263] Analyzing Verilog file "C:/XJTU COMPARCH/project_5/project_5.srcs/sources_1/new/RegFile.v" into library xil_defaultlib
INFO: [VRFC 10-311] analyzing module RegFile
INFO: [VRFC 10-2263] Analyzing Verilog file "C:/XJTU COMPARCH/project_5/project_5.srcs/sources_1/new/Register.v" into library xil_defaultlib
INFO: [VRFC 10-311] analyzing module Register
INFO: [VRFC 10-2263] Analyzing Verilog file "C:/XJTU COMPARCH/project_5/project_5.srcs/sim_1/new/CPU_sim.v" into library xil_defaultlib
INFO: [VRFC 10-311] analyzing module CPU_sim
INFO: [USF-XSim-69] 'compile' step finished in '2' seconds
INFO: [USF-XSim-3] XSim::Elaborate design
INFO: [USF-XSim-61] Executing 'ELABORATE' step in 'C:/XJTU COMPARCH/project_5/project_5.sim/sim_1/behav/xsim'
"xelab -wto f1795959e9ee4683ab0147d6093c81ff --incr --debug typical --relax --mt 2 -L xil_defaultlib -L unisims_ver -L unimacro_ver -L secureip --snapshot CPU_sim_behav xil_defaultlib.CPU_sim xil_defaultlib.glbl -log elaborate.log"
Vivado Simulator 2019.2
Copyright 1986-1999, 2001-2019 Xilinx, Inc. All Rights Reserved.
Running: C:/Xilinx2019/Vivado/2019.2/bin/unwrapped/win64.o/xelab.exe -wto f1795959e9ee4683ab0147d6093c81ff --incr --debug typical --relax --mt 2 -L xil_defaultlib -L unisims_ver -L unimacro_ver -L secureip --snapshot CPU_sim_behav xil_defaultlib.CPU_sim xil_defaultlib.glbl -log elaborate.log 
Using 2 slave threads.
Starting static elaboration
Pass Through NonSizing Optimizer
WARNING: [VRFC 10-3091] actual bit length 1 differs from formal bit length 32 for port 'Q' [C:/XJTU COMPARCH/project_5/project_5.srcs/sources_1/new/CPU_Datapath.v:165]
WARNING: [VRFC 10-3091] actual bit length 3 differs from formal bit length 32 for port 'Q' [C:/XJTU COMPARCH/project_5/project_5.srcs/sources_1/new/CPU_Datapath.v:166]
WARNING: [VRFC 10-3091] actual bit length 1 differs from formal bit length 32 for port 'Q' [C:/XJTU COMPARCH/project_5/project_5.srcs/sources_1/new/CPU_Datapath.v:167]
WARNING: [VRFC 10-3091] actual bit length 1 differs from formal bit length 32 for port 'Q' [C:/XJTU COMPARCH/project_5/project_5.srcs/sources_1/new/CPU_Datapath.v:168]
WARNING: [VRFC 10-3091] actual bit length 1 differs from formal bit length 32 for port 'Q' [C:/XJTU COMPARCH/project_5/project_5.srcs/sources_1/new/CPU_Datapath.v:169]
WARNING: [VRFC 10-3091] actual bit length 4 differs from formal bit length 32 for port 'Q' [C:/XJTU COMPARCH/project_5/project_5.srcs/sources_1/new/CPU_Datapath.v:170]
WARNING: [VRFC 10-3091] actual bit length 1 differs from formal bit length 32 for port 'Q' [C:/XJTU COMPARCH/project_5/project_5.srcs/sources_1/new/CPU_Datapath.v:171]
WARNING: [VRFC 10-3091] actual bit length 1 differs from formal bit length 32 for port 'Q' [C:/XJTU COMPARCH/project_5/project_5.srcs/sources_1/new/CPU_Datapath.v:172]
WARNING: [VRFC 10-3091] actual bit length 2 differs from formal bit length 32 for port 'Q' [C:/XJTU COMPARCH/project_5/project_5.srcs/sources_1/new/CPU_Datapath.v:173]
WARNING: [VRFC 10-3091] actual bit length 1 differs from formal bit length 32 for port 'Q' [C:/XJTU COMPARCH/project_5/project_5.srcs/sources_1/new/CPU_Datapath.v:225]
WARNING: [VRFC 10-3091] actual bit length 1 differs from formal bit length 32 for port 'Q' [C:/XJTU COMPARCH/project_5/project_5.srcs/sources_1/new/CPU_Datapath.v:226]
WARNING: [VRFC 10-3091] actual bit length 1 differs from formal bit length 32 for port 'Q' [C:/XJTU COMPARCH/project_5/project_5.srcs/sources_1/new/CPU_Datapath.v:227]
WARNING: [VRFC 10-3091] actual bit length 2 differs from formal bit length 32 for port 'Q' [C:/XJTU COMPARCH/project_5/project_5.srcs/sources_1/new/CPU_Datapath.v:228]
WARNING: [VRFC 10-3091] actual bit length 1 differs from formal bit length 32 for port 'Q' [C:/XJTU COMPARCH/project_5/project_5.srcs/sources_1/new/CPU_Datapath.v:244]
WARNING: [VRFC 10-3091] actual bit length 2 differs from formal bit length 32 for port 'Q' [C:/XJTU COMPARCH/project_5/project_5.srcs/sources_1/new/CPU_Datapath.v:245]
Completed static elaboration
Starting simulation data flow analysis
Completed simulation data flow analysis
Time Resolution for simulation is 1ps
Compiling module xil_defaultlib.IMem
Compiling module xil_defaultlib.Register
Compiling module xil_defaultlib.MainDsc
Compiling module xil_defaultlib.ControlLogic_ID
Compiling module xil_defaultlib.RegFile
Compiling module xil_defaultlib.ImmGen
Compiling module xil_defaultlib.ALU
Compiling module xil_defaultlib.MainDsc_EX
Compiling module xil_defaultlib.ControlLogic_EX
Compiling module xil_defaultlib.BranchComp
Compiling module xil_defaultlib.FourWaySACache
Compiling module xil_defaultlib.RAM_4Kx32_default
Compiling module xil_defaultlib.DMem
Compiling module xil_defaultlib.CPU_Datapath
Compiling module xil_defaultlib.CPU_sim
Compiling module xil_defaultlib.glbl
Built simulation snapshot CPU_sim_behav
INFO: [USF-XSim-69] 'elaborate' step finished in '4' seconds
INFO: [USF-XSim-4] XSim::Simulate design
INFO: [USF-XSim-61] Executing 'SIMULATE' step in 'C:/XJTU COMPARCH/project_5/project_5.sim/sim_1/behav/xsim'
INFO: [USF-XSim-98] *** Running xsim
   with args "CPU_sim_behav -key {Behavioral:sim_1:Functional:CPU_sim} -tclbatch {CPU_sim.tcl} -view {{C:/XJTU COMPARCH/project_5/CPU_sim_behav.wcfg}} -log {simulate.log}"
INFO: [USF-XSim-8] Loading simulator feature
Vivado Simulator 2019.2
Time resolution is 1 ps
open_wave_config {C:/XJTU COMPARCH/project_5/CPU_sim_behav.wcfg}
source CPU_sim.tcl
# set curr_wave [current_wave_config]
# if { [string length $curr_wave] == 0 } {
#   if { [llength [get_objects]] > 0} {
#     add_wave /
#     set_property needs_save false [current_wave_config]
#   } else {
#      send_msg_id Add_Wave-1 WARNING "No top level signals found. Simulator will start without a wave window. If you want to open a wave window go to 'File->New Waveform Configuration' or type 'create_wave_config' in the TCL console."
#   }
# }
# run 1000ns
xsim: Time (s): cpu = 00:00:02 ; elapsed = 00:00:09 . Memory (MB): peak = 896.672 ; gain = 0.000
INFO: [USF-XSim-96] XSim completed. Design snapshot 'CPU_sim_behav' loaded.
INFO: [USF-XSim-97] XSim simulation ran for 1000ns
launch_simulation: Time (s): cpu = 00:00:03 ; elapsed = 00:00:16 . Memory (MB): peak = 896.672 ; gain = 0.000
close_sim
INFO: [Simtcl 6-16] Simulation closed
exit
INFO: [Common 17-206] Exiting Vivado at Wed Jan  1 20:55:40 2025...
