#-----------------------------------------------------------
# Vivado v2019.2 (64-bit)
# SW Build 2708876 on Wed Nov  6 21:40:23 MST 2019
# IP Build 2700528 on Thu Nov  7 00:09:20 MST 2019
# Start of session at: Sun Nov  3 15:26:11 2024
# Process ID: 7516
# Current directory: C:/XJTU COMPARCH/project_3
# Command line: vivado.exe -gui_launcher_event rodinguilauncherevent24024 C:\XJTU COMPARCH\project_3\project_3.xpr
# Log file: C:/XJTU COMPARCH/project_3/vivado.log
# Journal file: C:/XJTU COMPARCH/project_3\vivado.jou
#-----------------------------------------------------------
start_gui
open_project {C:/XJTU COMPARCH/project_3/project_3.xpr}
Scanning sources...
Finished scanning sources
INFO: [IP_Flow 19-234] Refreshing IP repositories
INFO: [IP_Flow 19-1704] No user IP repositories specified
INFO: [IP_Flow 19-2313] Loaded Vivado IP repository 'C:/Xilinx2019/Vivado/2019.2/data/ip'.
open_project: Time (s): cpu = 00:00:02 ; elapsed = 00:00:06 . Memory (MB): peak = 721.965 ; gain = 35.848
update_compile_order -fileset sources_1
set_property top fulladder_1 [current_fileset]
update_compile_order -fileset sources_1
synth_design -rtl -name rtl_1
Command: synth_design -rtl -name rtl_1
Starting synth_design
Using part: xc7vx485tffg1157-1
Top: fulladder_1
INFO: [Device 21-403] Loading part xc7vx485tffg1157-1
---------------------------------------------------------------------------------
Starting RTL Elaboration : Time (s): cpu = 00:00:02 ; elapsed = 00:00:04 . Memory (MB): peak = 1432.938 ; gain = 227.602
---------------------------------------------------------------------------------
INFO: [Synth 8-6157] synthesizing module 'fulladder_1' [C:/XJTU COMPARCH/project_3/project_3.srcs/sources_1/new/fulladder_1.v:23]
INFO: [Synth 8-6155] done synthesizing module 'fulladder_1' (1#1) [C:/XJTU COMPARCH/project_3/project_3.srcs/sources_1/new/fulladder_1.v:23]
---------------------------------------------------------------------------------
Finished RTL Elaboration : Time (s): cpu = 00:00:02 ; elapsed = 00:00:05 . Memory (MB): peak = 1506.289 ; gain = 300.953
---------------------------------------------------------------------------------

Report Check Netlist: 
+------+------------------+-------+---------+-------+------------------+
|      |Item              |Errors |Warnings |Status |Description       |
+------+------------------+-------+---------+-------+------------------+
|1     |multi_driven_nets |      0|        0|Passed |Multi driven nets |
+------+------------------+-------+---------+-------+------------------+
---------------------------------------------------------------------------------
Start Handling Custom Attributes
---------------------------------------------------------------------------------
---------------------------------------------------------------------------------
Finished Handling Custom Attributes : Time (s): cpu = 00:00:03 ; elapsed = 00:00:05 . Memory (MB): peak = 1506.289 ; gain = 300.953
---------------------------------------------------------------------------------
---------------------------------------------------------------------------------
Finished RTL Optimization Phase 1 : Time (s): cpu = 00:00:03 ; elapsed = 00:00:05 . Memory (MB): peak = 1506.289 ; gain = 300.953
---------------------------------------------------------------------------------
Netlist sorting complete. Time (s): cpu = 00:00:00 ; elapsed = 00:00:00 . Memory (MB): peak = 1506.289 ; gain = 0.000
INFO: [Project 1-570] Preparing netlist for logic optimization

Processing XDC Constraints
Initializing timing engine
Completed Processing XDC Constraints

INFO: [Opt 31-138] Pushed 0 inverter(s) to 0 load pin(s).
Netlist sorting complete. Time (s): cpu = 00:00:00 ; elapsed = 00:00:00 . Memory (MB): peak = 1610.707 ; gain = 0.000
INFO: [Project 1-111] Unisim Transformation Summary:
No Unisim elements were transformed.

RTL Elaboration Complete:  : Time (s): cpu = 00:00:05 ; elapsed = 00:00:11 . Memory (MB): peak = 1723.602 ; gain = 518.266
6 Infos, 0 Warnings, 0 Critical Warnings and 0 Errors encountered.
synth_design completed successfully
synth_design: Time (s): cpu = 00:00:10 ; elapsed = 00:00:21 . Memory (MB): peak = 1723.602 ; gain = 939.902
close_design
set_property top sim_fulladder_1 [get_filesets sim_1]
set_property top_lib xil_defaultlib [get_filesets sim_1]
update_compile_order -fileset sim_1
launch_simulation
Command: launch_simulation 
INFO: [Vivado 12-5682] Launching behavioral simulation in 'C:/XJTU COMPARCH/project_3/project_3.sim/sim_1/behav/xsim'
INFO: [SIM-utils-51] Simulation object is 'sim_1'
INFO: [SIM-utils-54] Inspecting design source files for 'sim_fulladder_1' in fileset 'sim_1'...
INFO: [USF-XSim-97] Finding global include files...
INFO: [USF-XSim-98] Fetching design files from 'sim_1'...
INFO: [USF-XSim-2] XSim::Compile design
INFO: [USF-XSim-61] Executing 'COMPILE and ANALYZE' step in 'C:/XJTU COMPARCH/project_3/project_3.sim/sim_1/behav/xsim'
"xvlog --incr --relax -prj sim_fulladder_1_vlog.prj"
INFO: [VRFC 10-2263] Analyzing Verilog file "C:/XJTU COMPARCH/project_3/project_3.srcs/sim_1/new/sim_fulladder_1.v" into library xil_defaultlib
INFO: [VRFC 10-311] analyzing module sim_fulladder_1
INFO: [USF-XSim-69] 'compile' step finished in '1' seconds
INFO: [USF-XSim-3] XSim::Elaborate design
INFO: [USF-XSim-61] Executing 'ELABORATE' step in 'C:/XJTU COMPARCH/project_3/project_3.sim/sim_1/behav/xsim'
"xelab -wto 16b8627c71ef4d079f8c706a6e47f435 --incr --debug typical --relax --mt 2 -L xil_defaultlib -L unisims_ver -L unimacro_ver -L secureip --snapshot sim_fulladder_1_behav xil_defaultlib.sim_fulladder_1 xil_defaultlib.glbl -log elaborate.log"
Vivado Simulator 2019.2
Copyright 1986-1999, 2001-2019 Xilinx, Inc. All Rights Reserved.
Running: C:/Xilinx2019/Vivado/2019.2/bin/unwrapped/win64.o/xelab.exe -wto 16b8627c71ef4d079f8c706a6e47f435 --incr --debug typical --relax --mt 2 -L xil_defaultlib -L unisims_ver -L unimacro_ver -L secureip --snapshot sim_fulladder_1_behav xil_defaultlib.sim_fulladder_1 xil_defaultlib.glbl -log elaborate.log 
Using 2 slave threads.
Starting static elaboration
Pass Through NonSizing Optimizer
Completed static elaboration
Starting simulation data flow analysis
Completed simulation data flow analysis
Time Resolution for simulation is 1ps
Compiling module xil_defaultlib.fulladder_1
Compiling module xil_defaultlib.sim_fulladder_1
Compiling module xil_defaultlib.glbl
Built simulation snapshot sim_fulladder_1_behav

****** Webtalk v2019.2 (64-bit)
  **** SW Build 2708876 on Wed Nov  6 21:40:23 MST 2019
  **** IP Build 2700528 on Thu Nov  7 00:09:20 MST 2019
    ** Copyright 1986-2019 Xilinx, Inc. All Rights Reserved.

source C:/XJTU -notrace
couldn't read file "C:/XJTU": permission denied
INFO: [Common 17-206] Exiting Webtalk at Sun Nov  3 15:30:56 2024...
INFO: [USF-XSim-69] 'elaborate' step finished in '3' seconds
INFO: [USF-XSim-4] XSim::Simulate design
INFO: [USF-XSim-61] Executing 'SIMULATE' step in 'C:/XJTU COMPARCH/project_3/project_3.sim/sim_1/behav/xsim'
INFO: [USF-XSim-98] *** Running xsim
   with args "sim_fulladder_1_behav -key {Behavioral:sim_1:Functional:sim_fulladder_1} -tclbatch {sim_fulladder_1.tcl} -log {simulate.log}"
INFO: [USF-XSim-8] Loading simulator feature
Vivado Simulator 2019.2
Time resolution is 1 ps
source sim_fulladder_1.tcl
# set curr_wave [current_wave_config]
# if { [string length $curr_wave] == 0 } {
#   if { [llength [get_objects]] > 0} {
#     add_wave /
#     set_property needs_save false [current_wave_config]
#   } else {
#      send_msg_id Add_Wave-1 WARNING "No top level signals found. Simulator will start without a wave window. If you want to open a wave window go to 'File->New Waveform Configuration' or type 'create_wave_config' in the TCL console."
#   }
# }
# run 1000ns
INFO: [USF-XSim-96] XSim completed. Design snapshot 'sim_fulladder_1_behav' loaded.
INFO: [USF-XSim-97] XSim simulation ran for 1000ns
launch_simulation: Time (s): cpu = 00:00:01 ; elapsed = 00:00:09 . Memory (MB): peak = 1723.602 ; gain = 0.000
close_sim
INFO: [Simtcl 6-16] Simulation closed
set_property top fulladder_4 [current_fileset]
update_compile_order -fileset sources_1
set_property top sim_fulladder_4 [get_filesets sim_1]
set_property top_lib xil_defaultlib [get_filesets sim_1]
update_compile_order -fileset sim_1
synth_design -rtl -name rtl_1
Command: synth_design -rtl -name rtl_1
Starting synth_design
Using part: xc7vx485tffg1157-1
Top: fulladder_4
---------------------------------------------------------------------------------
Starting RTL Elaboration : Time (s): cpu = 00:00:02 ; elapsed = 00:00:04 . Memory (MB): peak = 1723.602 ; gain = 0.000
---------------------------------------------------------------------------------
INFO: [Synth 8-6157] synthesizing module 'fulladder_4' [C:/XJTU COMPARCH/project_3/project_3.srcs/sources_1/new/fulladder_4.v:23]
INFO: [Synth 8-6157] synthesizing module 'fulladder_1' [C:/XJTU COMPARCH/project_3/project_3.srcs/sources_1/new/fulladder_1.v:23]
INFO: [Synth 8-6155] done synthesizing module 'fulladder_1' (1#1) [C:/XJTU COMPARCH/project_3/project_3.srcs/sources_1/new/fulladder_1.v:23]
INFO: [Synth 8-6155] done synthesizing module 'fulladder_4' (2#1) [C:/XJTU COMPARCH/project_3/project_3.srcs/sources_1/new/fulladder_4.v:23]
---------------------------------------------------------------------------------
Finished RTL Elaboration : Time (s): cpu = 00:00:02 ; elapsed = 00:00:05 . Memory (MB): peak = 1723.602 ; gain = 0.000
---------------------------------------------------------------------------------

Report Check Netlist: 
+------+------------------+-------+---------+-------+------------------+
|      |Item              |Errors |Warnings |Status |Description       |
+------+------------------+-------+---------+-------+------------------+
|1     |multi_driven_nets |      0|        0|Passed |Multi driven nets |
+------+------------------+-------+---------+-------+------------------+
---------------------------------------------------------------------------------
Start Handling Custom Attributes
---------------------------------------------------------------------------------
---------------------------------------------------------------------------------
Finished Handling Custom Attributes : Time (s): cpu = 00:00:02 ; elapsed = 00:00:05 . Memory (MB): peak = 1723.602 ; gain = 0.000
---------------------------------------------------------------------------------
---------------------------------------------------------------------------------
Finished RTL Optimization Phase 1 : Time (s): cpu = 00:00:02 ; elapsed = 00:00:05 . Memory (MB): peak = 1723.602 ; gain = 0.000
---------------------------------------------------------------------------------
Netlist sorting complete. Time (s): cpu = 00:00:00 ; elapsed = 00:00:00.001 . Memory (MB): peak = 1723.602 ; gain = 0.000
INFO: [Project 1-570] Preparing netlist for logic optimization

Processing XDC Constraints
Initializing timing engine
Completed Processing XDC Constraints

INFO: [Opt 31-138] Pushed 0 inverter(s) to 0 load pin(s).
Netlist sorting complete. Time (s): cpu = 00:00:00 ; elapsed = 00:00:00 . Memory (MB): peak = 1744.238 ; gain = 0.000
INFO: [Project 1-111] Unisim Transformation Summary:
No Unisim elements were transformed.

RTL Elaboration Complete:  : Time (s): cpu = 00:00:04 ; elapsed = 00:00:08 . Memory (MB): peak = 1744.238 ; gain = 20.637
7 Infos, 0 Warnings, 0 Critical Warnings and 0 Errors encountered.
synth_design completed successfully
synth_design: Time (s): cpu = 00:00:04 ; elapsed = 00:00:08 . Memory (MB): peak = 1744.238 ; gain = 20.637
close_design
launch_simulation
Command: launch_simulation 
INFO: [Vivado 12-5682] Launching behavioral simulation in 'C:/XJTU COMPARCH/project_3/project_3.sim/sim_1/behav/xsim'
INFO: [SIM-utils-51] Simulation object is 'sim_1'
INFO: [SIM-utils-54] Inspecting design source files for 'sim_fulladder_4' in fileset 'sim_1'...
INFO: [USF-XSim-97] Finding global include files...
INFO: [USF-XSim-98] Fetching design files from 'sim_1'...
INFO: [USF-XSim-2] XSim::Compile design
INFO: [USF-XSim-61] Executing 'COMPILE and ANALYZE' step in 'C:/XJTU COMPARCH/project_3/project_3.sim/sim_1/behav/xsim'
"xvlog --incr --relax -prj sim_fulladder_4_vlog.prj"
INFO: [VRFC 10-2263] Analyzing Verilog file "C:/XJTU COMPARCH/project_3/project_3.srcs/sim_1/new/sim_fulladder_4.v" into library xil_defaultlib
INFO: [VRFC 10-311] analyzing module sim_fulladder_4
INFO: [USF-XSim-69] 'compile' step finished in '2' seconds
INFO: [USF-XSim-3] XSim::Elaborate design
INFO: [USF-XSim-61] Executing 'ELABORATE' step in 'C:/XJTU COMPARCH/project_3/project_3.sim/sim_1/behav/xsim'
"xelab -wto 16b8627c71ef4d079f8c706a6e47f435 --incr --debug typical --relax --mt 2 -L xil_defaultlib -L unisims_ver -L unimacro_ver -L secureip --snapshot sim_fulladder_4_behav xil_defaultlib.sim_fulladder_4 xil_defaultlib.glbl -log elaborate.log"
Vivado Simulator 2019.2
Copyright 1986-1999, 2001-2019 Xilinx, Inc. All Rights Reserved.
Running: C:/Xilinx2019/Vivado/2019.2/bin/unwrapped/win64.o/xelab.exe -wto 16b8627c71ef4d079f8c706a6e47f435 --incr --debug typical --relax --mt 2 -L xil_defaultlib -L unisims_ver -L unimacro_ver -L secureip --snapshot sim_fulladder_4_behav xil_defaultlib.sim_fulladder_4 xil_defaultlib.glbl -log elaborate.log 
Using 2 slave threads.
Starting static elaboration
Pass Through NonSizing Optimizer
Completed static elaboration
Starting simulation data flow analysis
Completed simulation data flow analysis
Time Resolution for simulation is 1ps
Compiling module xil_defaultlib.fulladder_1
Compiling module xil_defaultlib.fulladder_4
Compiling module xil_defaultlib.sim_fulladder_4
Compiling module xil_defaultlib.glbl
Built simulation snapshot sim_fulladder_4_behav

****** Webtalk v2019.2 (64-bit)
  **** SW Build 2708876 on Wed Nov  6 21:40:23 MST 2019
  **** IP Build 2700528 on Thu Nov  7 00:09:20 MST 2019
    ** Copyright 1986-2019 Xilinx, Inc. All Rights Reserved.

source C:/XJTU -notrace
couldn't read file "C:/XJTU": permission denied
INFO: [Common 17-206] Exiting Webtalk at Sun Nov  3 15:35:04 2024...
INFO: [USF-XSim-69] 'elaborate' step finished in '4' seconds
INFO: [USF-XSim-4] XSim::Simulate design
INFO: [USF-XSim-61] Executing 'SIMULATE' step in 'C:/XJTU COMPARCH/project_3/project_3.sim/sim_1/behav/xsim'
INFO: [USF-XSim-98] *** Running xsim
   with args "sim_fulladder_4_behav -key {Behavioral:sim_1:Functional:sim_fulladder_4} -tclbatch {sim_fulladder_4.tcl} -log {simulate.log}"
INFO: [USF-XSim-8] Loading simulator feature
Vivado Simulator 2019.2
Time resolution is 1 ps
source sim_fulladder_4.tcl
# set curr_wave [current_wave_config]
# if { [string length $curr_wave] == 0 } {
#   if { [llength [get_objects]] > 0} {
#     add_wave /
#     set_property needs_save false [current_wave_config]
#   } else {
#      send_msg_id Add_Wave-1 WARNING "No top level signals found. Simulator will start without a wave window. If you want to open a wave window go to 'File->New Waveform Configuration' or type 'create_wave_config' in the TCL console."
#   }
# }
# run 1000ns
INFO: [USF-XSim-96] XSim completed. Design snapshot 'sim_fulladder_4_behav' loaded.
INFO: [USF-XSim-97] XSim simulation ran for 1000ns
launch_simulation: Time (s): cpu = 00:00:01 ; elapsed = 00:00:09 . Memory (MB): peak = 1753.770 ; gain = 0.000
close_sim
INFO: [Simtcl 6-16] Simulation closed
set_property top fulladder_16 [current_fileset]
update_compile_order -fileset sources_1
set_property top sim_fulladder_16 [get_filesets sim_1]
set_property top_lib xil_defaultlib [get_filesets sim_1]
launch_simulation
Command: launch_simulation 
INFO: [Vivado 12-5682] Launching behavioral simulation in 'C:/XJTU COMPARCH/project_3/project_3.sim/sim_1/behav/xsim'
INFO: [SIM-utils-51] Simulation object is 'sim_1'
INFO: [SIM-utils-54] Inspecting design source files for 'sim_fulladder_16' in fileset 'sim_1'...
INFO: [USF-XSim-97] Finding global include files...
INFO: [USF-XSim-98] Fetching design files from 'sim_1'...
INFO: [USF-XSim-2] XSim::Compile design
INFO: [USF-XSim-61] Executing 'COMPILE and ANALYZE' step in 'C:/XJTU COMPARCH/project_3/project_3.sim/sim_1/behav/xsim'
"xvlog --incr --relax -prj sim_fulladder_16_vlog.prj"
INFO: [VRFC 10-2263] Analyzing Verilog file "C:/XJTU COMPARCH/project_3/project_3.srcs/sim_1/new/sim_fulladder_16.v" into library xil_defaultlib
INFO: [VRFC 10-311] analyzing module sim_fulladder_16
INFO: [USF-XSim-69] 'compile' step finished in '2' seconds
INFO: [USF-XSim-3] XSim::Elaborate design
INFO: [USF-XSim-61] Executing 'ELABORATE' step in 'C:/XJTU COMPARCH/project_3/project_3.sim/sim_1/behav/xsim'
"xelab -wto 16b8627c71ef4d079f8c706a6e47f435 --incr --debug typical --relax --mt 2 -L xil_defaultlib -L unisims_ver -L unimacro_ver -L secureip --snapshot sim_fulladder_16_behav xil_defaultlib.sim_fulladder_16 xil_defaultlib.glbl -log elaborate.log"
Vivado Simulator 2019.2
Copyright 1986-1999, 2001-2019 Xilinx, Inc. All Rights Reserved.
Running: C:/Xilinx2019/Vivado/2019.2/bin/unwrapped/win64.o/xelab.exe -wto 16b8627c71ef4d079f8c706a6e47f435 --incr --debug typical --relax --mt 2 -L xil_defaultlib -L unisims_ver -L unimacro_ver -L secureip --snapshot sim_fulladder_16_behav xil_defaultlib.sim_fulladder_16 xil_defaultlib.glbl -log elaborate.log 
Using 2 slave threads.
Starting static elaboration
Pass Through NonSizing Optimizer
Completed static elaboration
Starting simulation data flow analysis
Completed simulation data flow analysis
Time Resolution for simulation is 1ps
Compiling module xil_defaultlib.fulladder_1
Compiling module xil_defaultlib.fulladder_4
Compiling module xil_defaultlib.fulladder_16
Compiling module xil_defaultlib.sim_fulladder_16
Compiling module xil_defaultlib.glbl
Built simulation snapshot sim_fulladder_16_behav

****** Webtalk v2019.2 (64-bit)
  **** SW Build 2708876 on Wed Nov  6 21:40:23 MST 2019
  **** IP Build 2700528 on Thu Nov  7 00:09:20 MST 2019
    ** Copyright 1986-2019 Xilinx, Inc. All Rights Reserved.

source C:/XJTU -notrace
couldn't read file "C:/XJTU": permission denied
INFO: [Common 17-206] Exiting Webtalk at Sun Nov  3 15:37:46 2024...
INFO: [USF-XSim-69] 'elaborate' step finished in '4' seconds
INFO: [USF-XSim-4] XSim::Simulate design
INFO: [USF-XSim-61] Executing 'SIMULATE' step in 'C:/XJTU COMPARCH/project_3/project_3.sim/sim_1/behav/xsim'
INFO: [USF-XSim-98] *** Running xsim
   with args "sim_fulladder_16_behav -key {Behavioral:sim_1:Functional:sim_fulladder_16} -tclbatch {sim_fulladder_16.tcl} -log {simulate.log}"
INFO: [USF-XSim-8] Loading simulator feature
Vivado Simulator 2019.2
Time resolution is 1 ps
source sim_fulladder_16.tcl
# set curr_wave [current_wave_config]
# if { [string length $curr_wave] == 0 } {
#   if { [llength [get_objects]] > 0} {
#     add_wave /
#     set_property needs_save false [current_wave_config]
#   } else {
#      send_msg_id Add_Wave-1 WARNING "No top level signals found. Simulator will start without a wave window. If you want to open a wave window go to 'File->New Waveform Configuration' or type 'create_wave_config' in the TCL console."
#   }
# }
# run 1000ns
INFO: [USF-XSim-96] XSim completed. Design snapshot 'sim_fulladder_16_behav' loaded.
INFO: [USF-XSim-97] XSim simulation ran for 1000ns
launch_simulation: Time (s): cpu = 00:00:00 ; elapsed = 00:00:08 . Memory (MB): peak = 1753.770 ; gain = 0.000
update_compile_order -fileset sim_1
synth_design -rtl -name rtl_1
Command: synth_design -rtl -name rtl_1
Starting synth_design
Using part: xc7vx485tffg1157-1
Top: fulladder_16
---------------------------------------------------------------------------------
Starting RTL Elaboration : Time (s): cpu = 00:00:02 ; elapsed = 00:00:03 . Memory (MB): peak = 1753.770 ; gain = 0.000
---------------------------------------------------------------------------------
INFO: [Synth 8-6157] synthesizing module 'fulladder_16' [C:/XJTU COMPARCH/project_3/project_3.srcs/sources_1/new/fulladder_16.v:23]
INFO: [Synth 8-6157] synthesizing module 'fulladder_4' [C:/XJTU COMPARCH/project_3/project_3.srcs/sources_1/new/fulladder_4.v:23]
INFO: [Synth 8-6157] synthesizing module 'fulladder_1' [C:/XJTU COMPARCH/project_3/project_3.srcs/sources_1/new/fulladder_1.v:23]
INFO: [Synth 8-6155] done synthesizing module 'fulladder_1' (1#1) [C:/XJTU COMPARCH/project_3/project_3.srcs/sources_1/new/fulladder_1.v:23]
INFO: [Synth 8-6155] done synthesizing module 'fulladder_4' (2#1) [C:/XJTU COMPARCH/project_3/project_3.srcs/sources_1/new/fulladder_4.v:23]
INFO: [Synth 8-6155] done synthesizing module 'fulladder_16' (3#1) [C:/XJTU COMPARCH/project_3/project_3.srcs/sources_1/new/fulladder_16.v:23]
---------------------------------------------------------------------------------
Finished RTL Elaboration : Time (s): cpu = 00:00:03 ; elapsed = 00:00:04 . Memory (MB): peak = 1753.770 ; gain = 0.000
---------------------------------------------------------------------------------

Report Check Netlist: 
+------+------------------+-------+---------+-------+------------------+
|      |Item              |Errors |Warnings |Status |Description       |
+------+------------------+-------+---------+-------+------------------+
|1     |multi_driven_nets |      0|        0|Passed |Multi driven nets |
+------+------------------+-------+---------+-------+------------------+
---------------------------------------------------------------------------------
Start Handling Custom Attributes
---------------------------------------------------------------------------------
---------------------------------------------------------------------------------
Finished Handling Custom Attributes : Time (s): cpu = 00:00:03 ; elapsed = 00:00:04 . Memory (MB): peak = 1753.770 ; gain = 0.000
---------------------------------------------------------------------------------
---------------------------------------------------------------------------------
Finished RTL Optimization Phase 1 : Time (s): cpu = 00:00:03 ; elapsed = 00:00:04 . Memory (MB): peak = 1753.770 ; gain = 0.000
---------------------------------------------------------------------------------
Netlist sorting complete. Time (s): cpu = 00:00:00 ; elapsed = 00:00:00.001 . Memory (MB): peak = 1753.770 ; gain = 0.000
INFO: [Project 1-570] Preparing netlist for logic optimization

Processing XDC Constraints
Initializing timing engine
Completed Processing XDC Constraints

INFO: [Opt 31-138] Pushed 0 inverter(s) to 0 load pin(s).
Netlist sorting complete. Time (s): cpu = 00:00:00 ; elapsed = 00:00:00 . Memory (MB): peak = 1848.438 ; gain = 0.000
INFO: [Project 1-111] Unisim Transformation Summary:
No Unisim elements were transformed.

RTL Elaboration Complete:  : Time (s): cpu = 00:00:05 ; elapsed = 00:00:07 . Memory (MB): peak = 1848.438 ; gain = 94.668
9 Infos, 0 Warnings, 0 Critical Warnings and 0 Errors encountered.
synth_design completed successfully
synth_design: Time (s): cpu = 00:00:05 ; elapsed = 00:00:07 . Memory (MB): peak = 1848.438 ; gain = 94.668
close_design
close_sim
INFO: [Simtcl 6-16] Simulation closed
set_property top fulladder_32 [current_fileset]
update_compile_order -fileset sources_1
synth_design -rtl -name rtl_1
Command: synth_design -rtl -name rtl_1
Starting synth_design
Using part: xc7vx485tffg1157-1
Top: fulladder_32
---------------------------------------------------------------------------------
Starting RTL Elaboration : Time (s): cpu = 00:00:02 ; elapsed = 00:00:04 . Memory (MB): peak = 1848.438 ; gain = 0.000
---------------------------------------------------------------------------------
INFO: [Synth 8-6157] synthesizing module 'fulladder_32' [C:/XJTU COMPARCH/project_3/project_3.srcs/sources_1/new/fulladder_32.v:23]
INFO: [Synth 8-6157] synthesizing module 'fulladder_16' [C:/XJTU COMPARCH/project_3/project_3.srcs/sources_1/new/fulladder_16.v:23]
INFO: [Synth 8-6157] synthesizing module 'fulladder_4' [C:/XJTU COMPARCH/project_3/project_3.srcs/sources_1/new/fulladder_4.v:23]
INFO: [Synth 8-6157] synthesizing module 'fulladder_1' [C:/XJTU COMPARCH/project_3/project_3.srcs/sources_1/new/fulladder_1.v:23]
INFO: [Synth 8-6155] done synthesizing module 'fulladder_1' (1#1) [C:/XJTU COMPARCH/project_3/project_3.srcs/sources_1/new/fulladder_1.v:23]
INFO: [Synth 8-6155] done synthesizing module 'fulladder_4' (2#1) [C:/XJTU COMPARCH/project_3/project_3.srcs/sources_1/new/fulladder_4.v:23]
INFO: [Synth 8-6155] done synthesizing module 'fulladder_16' (3#1) [C:/XJTU COMPARCH/project_3/project_3.srcs/sources_1/new/fulladder_16.v:23]
INFO: [Synth 8-6155] done synthesizing module 'fulladder_32' (4#1) [C:/XJTU COMPARCH/project_3/project_3.srcs/sources_1/new/fulladder_32.v:23]
---------------------------------------------------------------------------------
Finished RTL Elaboration : Time (s): cpu = 00:00:02 ; elapsed = 00:00:05 . Memory (MB): peak = 1848.438 ; gain = 0.000
---------------------------------------------------------------------------------

Report Check Netlist: 
+------+------------------+-------+---------+-------+------------------+
|      |Item              |Errors |Warnings |Status |Description       |
+------+------------------+-------+---------+-------+------------------+
|1     |multi_driven_nets |      0|        0|Passed |Multi driven nets |
+------+------------------+-------+---------+-------+------------------+
---------------------------------------------------------------------------------
Start Handling Custom Attributes
---------------------------------------------------------------------------------
---------------------------------------------------------------------------------
Finished Handling Custom Attributes : Time (s): cpu = 00:00:02 ; elapsed = 00:00:05 . Memory (MB): peak = 1848.438 ; gain = 0.000
---------------------------------------------------------------------------------
---------------------------------------------------------------------------------
Finished RTL Optimization Phase 1 : Time (s): cpu = 00:00:02 ; elapsed = 00:00:05 . Memory (MB): peak = 1848.438 ; gain = 0.000
---------------------------------------------------------------------------------
Netlist sorting complete. Time (s): cpu = 00:00:00 ; elapsed = 00:00:00.003 . Memory (MB): peak = 1848.438 ; gain = 0.000
INFO: [Project 1-570] Preparing netlist for logic optimization

Processing XDC Constraints
Initializing timing engine
Completed Processing XDC Constraints

INFO: [Opt 31-138] Pushed 0 inverter(s) to 0 load pin(s).
Netlist sorting complete. Time (s): cpu = 00:00:00 ; elapsed = 00:00:00 . Memory (MB): peak = 1858.754 ; gain = 0.000
INFO: [Project 1-111] Unisim Transformation Summary:
No Unisim elements were transformed.

RTL Elaboration Complete:  : Time (s): cpu = 00:00:05 ; elapsed = 00:00:09 . Memory (MB): peak = 1858.754 ; gain = 10.316
11 Infos, 0 Warnings, 0 Critical Warnings and 0 Errors encountered.
synth_design completed successfully
synth_design: Time (s): cpu = 00:00:05 ; elapsed = 00:00:09 . Memory (MB): peak = 1858.754 ; gain = 10.316
close_design
set_property top fulladder_lookahead [current_fileset]
update_compile_order -fileset sources_1
synth_design -rtl -name rtl_1
Command: synth_design -rtl -name rtl_1
Starting synth_design
Using part: xc7vx485tffg1157-1
Top: fulladder_lookahead
---------------------------------------------------------------------------------
Starting RTL Elaboration : Time (s): cpu = 00:00:01 ; elapsed = 00:00:05 . Memory (MB): peak = 1886.965 ; gain = 17.828
---------------------------------------------------------------------------------
INFO: [Synth 8-6157] synthesizing module 'fulladder_lookahead' [C:/XJTU COMPARCH/project_3/project_3.srcs/sources_1/new/fulladder_lookahead.v:23]
INFO: [Synth 8-6155] done synthesizing module 'fulladder_lookahead' (1#1) [C:/XJTU COMPARCH/project_3/project_3.srcs/sources_1/new/fulladder_lookahead.v:23]
---------------------------------------------------------------------------------
Finished RTL Elaboration : Time (s): cpu = 00:00:02 ; elapsed = 00:00:07 . Memory (MB): peak = 1886.965 ; gain = 17.828
---------------------------------------------------------------------------------

Report Check Netlist: 
+------+------------------+-------+---------+-------+------------------+
|      |Item              |Errors |Warnings |Status |Description       |
+------+------------------+-------+---------+-------+------------------+
|1     |multi_driven_nets |      0|        0|Passed |Multi driven nets |
+------+------------------+-------+---------+-------+------------------+
---------------------------------------------------------------------------------
Start Handling Custom Attributes
---------------------------------------------------------------------------------
---------------------------------------------------------------------------------
Finished Handling Custom Attributes : Time (s): cpu = 00:00:02 ; elapsed = 00:00:07 . Memory (MB): peak = 1887.020 ; gain = 17.883
---------------------------------------------------------------------------------
---------------------------------------------------------------------------------
Finished RTL Optimization Phase 1 : Time (s): cpu = 00:00:02 ; elapsed = 00:00:07 . Memory (MB): peak = 1887.020 ; gain = 17.883
---------------------------------------------------------------------------------
Netlist sorting complete. Time (s): cpu = 00:00:00 ; elapsed = 00:00:00.007 . Memory (MB): peak = 1887.020 ; gain = 0.000
INFO: [Project 1-570] Preparing netlist for logic optimization

Processing XDC Constraints
Initializing timing engine
Completed Processing XDC Constraints

INFO: [Opt 31-138] Pushed 0 inverter(s) to 0 load pin(s).
Netlist sorting complete. Time (s): cpu = 00:00:00 ; elapsed = 00:00:00 . Memory (MB): peak = 1957.066 ; gain = 0.000
INFO: [Project 1-111] Unisim Transformation Summary:
No Unisim elements were transformed.

RTL Elaboration Complete:  : Time (s): cpu = 00:00:05 ; elapsed = 00:00:14 . Memory (MB): peak = 1957.066 ; gain = 87.930
5 Infos, 0 Warnings, 0 Critical Warnings and 0 Errors encountered.
synth_design completed successfully
synth_design: Time (s): cpu = 00:00:05 ; elapsed = 00:00:14 . Memory (MB): peak = 1957.066 ; gain = 87.965
close_design
set_property top sim_fulladder_32 [get_filesets sim_1]
set_property top_lib xil_defaultlib [get_filesets sim_1]
update_compile_order -fileset sim_1
launch_simulation
Command: launch_simulation 
INFO: [Vivado 12-5682] Launching behavioral simulation in 'C:/XJTU COMPARCH/project_3/project_3.sim/sim_1/behav/xsim'
INFO: [SIM-utils-51] Simulation object is 'sim_1'
INFO: [SIM-utils-54] Inspecting design source files for 'sim_fulladder_32' in fileset 'sim_1'...
INFO: [USF-XSim-97] Finding global include files...
INFO: [USF-XSim-98] Fetching design files from 'sim_1'...
INFO: [USF-XSim-2] XSim::Compile design
INFO: [USF-XSim-61] Executing 'COMPILE and ANALYZE' step in 'C:/XJTU COMPARCH/project_3/project_3.sim/sim_1/behav/xsim'
"xvlog --incr --relax -prj sim_fulladder_32_vlog.prj"
INFO: [USF-XSim-69] 'compile' step finished in '2' seconds
INFO: [USF-XSim-3] XSim::Elaborate design
INFO: [USF-XSim-61] Executing 'ELABORATE' step in 'C:/XJTU COMPARCH/project_3/project_3.sim/sim_1/behav/xsim'
"xelab -wto 16b8627c71ef4d079f8c706a6e47f435 --incr --debug typical --relax --mt 2 -L xil_defaultlib -L unisims_ver -L unimacro_ver -L secureip --snapshot sim_fulladder_32_behav xil_defaultlib.sim_fulladder_32 xil_defaultlib.glbl -log elaborate.log"
Vivado Simulator 2019.2
Copyright 1986-1999, 2001-2019 Xilinx, Inc. All Rights Reserved.
Running: C:/Xilinx2019/Vivado/2019.2/bin/unwrapped/win64.o/xelab.exe -wto 16b8627c71ef4d079f8c706a6e47f435 --incr --debug typical --relax --mt 2 -L xil_defaultlib -L unisims_ver -L unimacro_ver -L secureip --snapshot sim_fulladder_32_behav xil_defaultlib.sim_fulladder_32 xil_defaultlib.glbl -log elaborate.log 
Using 2 slave threads.
Starting static elaboration
Pass Through NonSizing Optimizer
Completed static elaboration
Starting simulation data flow analysis
Completed simulation data flow analysis
Time Resolution for simulation is 1ps
Compiling module xil_defaultlib.fulladder_1
Compiling module xil_defaultlib.fulladder_4
Compiling module xil_defaultlib.fulladder_16
Compiling module xil_defaultlib.fulladder_32
Compiling module xil_defaultlib.fulladder_lookahead
Compiling module xil_defaultlib.sim_fulladder_32
Compiling module xil_defaultlib.glbl
Built simulation snapshot sim_fulladder_32_behav
INFO: [USF-XSim-69] 'elaborate' step finished in '2' seconds
INFO: [USF-XSim-4] XSim::Simulate design
INFO: [USF-XSim-61] Executing 'SIMULATE' step in 'C:/XJTU COMPARCH/project_3/project_3.sim/sim_1/behav/xsim'
INFO: [USF-XSim-98] *** Running xsim
   with args "sim_fulladder_32_behav -key {Behavioral:sim_1:Functional:sim_fulladder_32} -tclbatch {sim_fulladder_32.tcl} -log {simulate.log}"
INFO: [USF-XSim-8] Loading simulator feature
Vivado Simulator 2019.2
Time resolution is 1 ps
source sim_fulladder_32.tcl
# set curr_wave [current_wave_config]
# if { [string length $curr_wave] == 0 } {
#   if { [llength [get_objects]] > 0} {
#     add_wave /
#     set_property needs_save false [current_wave_config]
#   } else {
#      send_msg_id Add_Wave-1 WARNING "No top level signals found. Simulator will start without a wave window. If you want to open a wave window go to 'File->New Waveform Configuration' or type 'create_wave_config' in the TCL console."
#   }
# }
# run 1000ns
INFO: [USF-XSim-96] XSim completed. Design snapshot 'sim_fulladder_32_behav' loaded.
INFO: [USF-XSim-97] XSim simulation ran for 1000ns
launch_simulation: Time (s): cpu = 00:00:01 ; elapsed = 00:00:06 . Memory (MB): peak = 1957.066 ; gain = 0.000
close_sim
INFO: [Simtcl 6-16] Simulation closed
set_property top ALU [current_fileset]
update_compile_order -fileset sources_1
launch_simulation
Command: launch_simulation 
INFO: [Vivado 12-5682] Launching behavioral simulation in 'C:/XJTU COMPARCH/project_3/project_3.sim/sim_1/behav/xsim'
INFO: [SIM-utils-51] Simulation object is 'sim_1'
INFO: [SIM-utils-54] Inspecting design source files for 'sim_fulladder_32' in fileset 'sim_1'...
INFO: [USF-XSim-97] Finding global include files...
INFO: [USF-XSim-98] Fetching design files from 'sim_1'...
INFO: [USF-XSim-2] XSim::Compile design
INFO: [USF-XSim-61] Executing 'COMPILE and ANALYZE' step in 'C:/XJTU COMPARCH/project_3/project_3.sim/sim_1/behav/xsim'
"xvlog --incr --relax -prj sim_fulladder_32_vlog.prj"
INFO: [USF-XSim-69] 'compile' step finished in '2' seconds
INFO: [USF-XSim-3] XSim::Elaborate design
INFO: [USF-XSim-61] Executing 'ELABORATE' step in 'C:/XJTU COMPARCH/project_3/project_3.sim/sim_1/behav/xsim'
"xelab -wto 16b8627c71ef4d079f8c706a6e47f435 --incr --debug typical --relax --mt 2 -L xil_defaultlib -L unisims_ver -L unimacro_ver -L secureip --snapshot sim_fulladder_32_behav xil_defaultlib.sim_fulladder_32 xil_defaultlib.glbl -log elaborate.log"
Vivado Simulator 2019.2
Copyright 1986-1999, 2001-2019 Xilinx, Inc. All Rights Reserved.
Running: C:/Xilinx2019/Vivado/2019.2/bin/unwrapped/win64.o/xelab.exe -wto 16b8627c71ef4d079f8c706a6e47f435 --incr --debug typical --relax --mt 2 -L xil_defaultlib -L unisims_ver -L unimacro_ver -L secureip --snapshot sim_fulladder_32_behav xil_defaultlib.sim_fulladder_32 xil_defaultlib.glbl -log elaborate.log 
Using 2 slave threads.
Starting static elaboration
Pass Through NonSizing Optimizer
Completed static elaboration
INFO: [XSIM 43-4323] No Change in HDL. Linking previously generated obj files to create kernel
INFO: [USF-XSim-69] 'elaborate' step finished in '2' seconds
INFO: [USF-XSim-4] XSim::Simulate design
INFO: [USF-XSim-61] Executing 'SIMULATE' step in 'C:/XJTU COMPARCH/project_3/project_3.sim/sim_1/behav/xsim'
INFO: [USF-XSim-98] *** Running xsim
   with args "sim_fulladder_32_behav -key {Behavioral:sim_1:Functional:sim_fulladder_32} -tclbatch {sim_fulladder_32.tcl} -log {simulate.log}"
INFO: [USF-XSim-8] Loading simulator feature
Vivado Simulator 2019.2
Time resolution is 1 ps
source sim_fulladder_32.tcl
# set curr_wave [current_wave_config]
# if { [string length $curr_wave] == 0 } {
#   if { [llength [get_objects]] > 0} {
#     add_wave /
#     set_property needs_save false [current_wave_config]
#   } else {
#      send_msg_id Add_Wave-1 WARNING "No top level signals found. Simulator will start without a wave window. If you want to open a wave window go to 'File->New Waveform Configuration' or type 'create_wave_config' in the TCL console."
#   }
# }
# run 1000ns
INFO: [USF-XSim-96] XSim completed. Design snapshot 'sim_fulladder_32_behav' loaded.
INFO: [USF-XSim-97] XSim simulation ran for 1000ns
launch_simulation: Time (s): cpu = 00:00:01 ; elapsed = 00:00:07 . Memory (MB): peak = 1957.066 ; gain = 0.000
close_sim
INFO: [Simtcl 6-16] Simulation closed
synth_design -rtl -name rtl_1
Command: synth_design -rtl -name rtl_1
Starting synth_design
Using part: xc7vx485tffg1157-1
Top: ALU
---------------------------------------------------------------------------------
Starting RTL Elaboration : Time (s): cpu = 00:00:01 ; elapsed = 00:00:04 . Memory (MB): peak = 1991.098 ; gain = 12.812
---------------------------------------------------------------------------------
INFO: [Synth 8-6157] synthesizing module 'ALU' [C:/XJTU COMPARCH/project_3/project_3.srcs/sources_1/new/ALU.v:23]
	Parameter SIZE bound to: 32 - type: integer 
INFO: [Synth 8-155] case statement is not full and has no default [C:/XJTU COMPARCH/project_3/project_3.srcs/sources_1/new/ALU.v:36]
INFO: [Synth 8-6155] done synthesizing module 'ALU' (1#1) [C:/XJTU COMPARCH/project_3/project_3.srcs/sources_1/new/ALU.v:23]
---------------------------------------------------------------------------------
Finished RTL Elaboration : Time (s): cpu = 00:00:02 ; elapsed = 00:00:05 . Memory (MB): peak = 1991.098 ; gain = 12.812
---------------------------------------------------------------------------------

Report Check Netlist: 
+------+------------------+-------+---------+-------+------------------+
|      |Item              |Errors |Warnings |Status |Description       |
+------+------------------+-------+---------+-------+------------------+
|1     |multi_driven_nets |      0|        0|Passed |Multi driven nets |
+------+------------------+-------+---------+-------+------------------+
---------------------------------------------------------------------------------
Start Handling Custom Attributes
---------------------------------------------------------------------------------
---------------------------------------------------------------------------------
Finished Handling Custom Attributes : Time (s): cpu = 00:00:02 ; elapsed = 00:00:05 . Memory (MB): peak = 1991.113 ; gain = 12.828
---------------------------------------------------------------------------------
---------------------------------------------------------------------------------
Finished RTL Optimization Phase 1 : Time (s): cpu = 00:00:02 ; elapsed = 00:00:05 . Memory (MB): peak = 1991.113 ; gain = 12.828
---------------------------------------------------------------------------------
Netlist sorting complete. Time (s): cpu = 00:00:00 ; elapsed = 00:00:00.006 . Memory (MB): peak = 1991.113 ; gain = 0.000
INFO: [Project 1-570] Preparing netlist for logic optimization

Processing XDC Constraints
Initializing timing engine
Completed Processing XDC Constraints

INFO: [Opt 31-138] Pushed 0 inverter(s) to 0 load pin(s).
Netlist sorting complete. Time (s): cpu = 00:00:00 ; elapsed = 00:00:00 . Memory (MB): peak = 2067.203 ; gain = 0.000
INFO: [Project 1-111] Unisim Transformation Summary:
No Unisim elements were transformed.

RTL Elaboration Complete:  : Time (s): cpu = 00:00:04 ; elapsed = 00:00:09 . Memory (MB): peak = 2169.199 ; gain = 190.914
6 Infos, 0 Warnings, 0 Critical Warnings and 0 Errors encountered.
synth_design completed successfully
synth_design: Time (s): cpu = 00:00:04 ; elapsed = 00:00:09 . Memory (MB): peak = 2169.199 ; gain = 190.914
close_design
set_property top ALU_8 [current_fileset]
synth_design -rtl -name rtl_1
Command: synth_design -rtl -name rtl_1
Starting synth_design
Using part: xc7vx485tffg1157-1
Top: ALU_8
---------------------------------------------------------------------------------
Starting RTL Elaboration : Time (s): cpu = 00:00:01 ; elapsed = 00:00:04 . Memory (MB): peak = 2274.840 ; gain = 0.000
---------------------------------------------------------------------------------
ERROR: [Synth 8-439] module 'ALU_8' not found
---------------------------------------------------------------------------------
Finished RTL Elaboration : Time (s): cpu = 00:00:02 ; elapsed = 00:00:05 . Memory (MB): peak = 2274.840 ; gain = 0.000
---------------------------------------------------------------------------------
RTL Elaboration failed
0 Infos, 0 Warnings, 0 Critical Warnings and 2 Errors encountered.
synth_design failed
ERROR: [Vivado_Tcl 4-5] Elaboration failed - please see the console for details
update_compile_order -fileset sources_1
synth_design -rtl -name rtl_1
Command: synth_design -rtl -name rtl_1
Starting synth_design
Using part: xc7vx485tffg1157-1
Top: ALU_8
---------------------------------------------------------------------------------
Starting RTL Elaboration : Time (s): cpu = 00:00:03 ; elapsed = 00:00:03 . Memory (MB): peak = 2274.840 ; gain = 0.000
---------------------------------------------------------------------------------
INFO: [Synth 8-6157] synthesizing module 'ALU_8' [C:/XJTU COMPARCH/project_3/project_3.srcs/sources_1/new/ALU_8.v:23]
	Parameter SIZE bound to: 32 - type: integer 
	Parameter ALU_AND bound to: 4'b0000 
	Parameter ALU_OR bound to: 4'b0001 
	Parameter ALU_XOR bound to: 4'b0010 
	Parameter ALU_NOR bound to: 4'b0011 
	Parameter ALU_ADD bound to: 4'b0100 
	Parameter ALU_SUB bound to: 4'b0101 
	Parameter ALU_SLT bound to: 4'b0110 
	Parameter ALU_SLL bound to: 4'b0111 
INFO: [Synth 8-6157] synthesizing module 'Decoder38' [C:/XJTU COMPARCH/project_3/project_3.srcs/sources_1/new/Decoder38.v:23]
INFO: [Synth 8-6155] done synthesizing module 'Decoder38' (1#1) [C:/XJTU COMPARCH/project_3/project_3.srcs/sources_1/new/Decoder38.v:23]
INFO: [Synth 8-6157] synthesizing module 'ADD' [C:/XJTU COMPARCH/project_3/project_3.srcs/sources_1/new/ADD.v:23]
	Parameter N bound to: 32 - type: integer 
INFO: [Synth 8-6157] synthesizing module 'fulladder_lookahead' [C:/XJTU COMPARCH/project_3/project_3.srcs/sources_1/new/fulladder_lookahead.v:23]
INFO: [Synth 8-6155] done synthesizing module 'fulladder_lookahead' (2#1) [C:/XJTU COMPARCH/project_3/project_3.srcs/sources_1/new/fulladder_lookahead.v:23]
INFO: [Synth 8-6155] done synthesizing module 'ADD' (3#1) [C:/XJTU COMPARCH/project_3/project_3.srcs/sources_1/new/ADD.v:23]
INFO: [Synth 8-6157] synthesizing module 'SUB' [C:/XJTU COMPARCH/project_3/project_3.srcs/sources_1/new/SUB.v:23]
	Parameter N bound to: 32 - type: integer 
INFO: [Synth 8-6155] done synthesizing module 'SUB' (4#1) [C:/XJTU COMPARCH/project_3/project_3.srcs/sources_1/new/SUB.v:23]
INFO: [Synth 8-6157] synthesizing module 'SLT' [C:/XJTU COMPARCH/project_3/project_3.srcs/sources_1/new/SLT.v:23]
	Parameter N bound to: 32 - type: integer 
INFO: [Synth 8-6155] done synthesizing module 'SLT' (5#1) [C:/XJTU COMPARCH/project_3/project_3.srcs/sources_1/new/SLT.v:23]
INFO: [Synth 8-6157] synthesizing module 'SLL' [C:/XJTU COMPARCH/project_3/project_3.srcs/sources_1/new/SLL.v:23]
	Parameter N bound to: 32 - type: integer 
INFO: [Synth 8-6155] done synthesizing module 'SLL' (6#1) [C:/XJTU COMPARCH/project_3/project_3.srcs/sources_1/new/SLL.v:23]
INFO: [Synth 8-6155] done synthesizing module 'ALU_8' (7#1) [C:/XJTU COMPARCH/project_3/project_3.srcs/sources_1/new/ALU_8.v:23]
---------------------------------------------------------------------------------
Finished RTL Elaboration : Time (s): cpu = 00:00:03 ; elapsed = 00:00:05 . Memory (MB): peak = 2274.840 ; gain = 0.000
---------------------------------------------------------------------------------

Report Check Netlist: 
+------+------------------+-------+---------+-------+------------------+
|      |Item              |Errors |Warnings |Status |Description       |
+------+------------------+-------+---------+-------+------------------+
|1     |multi_driven_nets |      0|        0|Passed |Multi driven nets |
+------+------------------+-------+---------+-------+------------------+
---------------------------------------------------------------------------------
Start Handling Custom Attributes
---------------------------------------------------------------------------------
---------------------------------------------------------------------------------
Finished Handling Custom Attributes : Time (s): cpu = 00:00:03 ; elapsed = 00:00:05 . Memory (MB): peak = 2274.840 ; gain = 0.000
---------------------------------------------------------------------------------
---------------------------------------------------------------------------------
Finished RTL Optimization Phase 1 : Time (s): cpu = 00:00:03 ; elapsed = 00:00:05 . Memory (MB): peak = 2274.840 ; gain = 0.000
---------------------------------------------------------------------------------
Netlist sorting complete. Time (s): cpu = 00:00:00 ; elapsed = 00:00:00.012 . Memory (MB): peak = 2274.840 ; gain = 0.000
INFO: [Project 1-570] Preparing netlist for logic optimization

Processing XDC Constraints
Initializing timing engine
Completed Processing XDC Constraints

INFO: [Opt 31-138] Pushed 0 inverter(s) to 0 load pin(s).
Netlist sorting complete. Time (s): cpu = 00:00:00 ; elapsed = 00:00:00 . Memory (MB): peak = 2274.840 ; gain = 0.000
INFO: [Project 1-111] Unisim Transformation Summary:
No Unisim elements were transformed.

RTL Elaboration Complete:  : Time (s): cpu = 00:00:06 ; elapsed = 00:00:10 . Memory (MB): peak = 2274.840 ; gain = 0.000
17 Infos, 0 Warnings, 0 Critical Warnings and 0 Errors encountered.
synth_design completed successfully
synth_design: Time (s): cpu = 00:00:06 ; elapsed = 00:00:10 . Memory (MB): peak = 2274.840 ; gain = 0.000
close_design
set_property top sim_ALU [get_filesets sim_1]
set_property top_lib xil_defaultlib [get_filesets sim_1]
update_compile_order -fileset sim_1
launch_simulation
Command: launch_simulation 
INFO: [Vivado 12-5682] Launching behavioral simulation in 'C:/XJTU COMPARCH/project_3/project_3.sim/sim_1/behav/xsim'
INFO: [SIM-utils-51] Simulation object is 'sim_1'
INFO: [SIM-utils-54] Inspecting design source files for 'sim_ALU' in fileset 'sim_1'...
INFO: [USF-XSim-97] Finding global include files...
INFO: [USF-XSim-98] Fetching design files from 'sim_1'...
INFO: [USF-XSim-2] XSim::Compile design
INFO: [USF-XSim-61] Executing 'COMPILE and ANALYZE' step in 'C:/XJTU COMPARCH/project_3/project_3.sim/sim_1/behav/xsim'
"xvlog --incr --relax -prj sim_ALU_vlog.prj"
INFO: [USF-XSim-69] 'compile' step finished in '1' seconds
INFO: [USF-XSim-3] XSim::Elaborate design
INFO: [USF-XSim-61] Executing 'ELABORATE' step in 'C:/XJTU COMPARCH/project_3/project_3.sim/sim_1/behav/xsim'
"xelab -wto 16b8627c71ef4d079f8c706a6e47f435 --incr --debug typical --relax --mt 2 -L xil_defaultlib -L unisims_ver -L unimacro_ver -L secureip --snapshot sim_ALU_behav xil_defaultlib.sim_ALU xil_defaultlib.glbl -log elaborate.log"
Vivado Simulator 2019.2
Copyright 1986-1999, 2001-2019 Xilinx, Inc. All Rights Reserved.
Running: C:/Xilinx2019/Vivado/2019.2/bin/unwrapped/win64.o/xelab.exe -wto 16b8627c71ef4d079f8c706a6e47f435 --incr --debug typical --relax --mt 2 -L xil_defaultlib -L unisims_ver -L unimacro_ver -L secureip --snapshot sim_ALU_behav xil_defaultlib.sim_ALU xil_defaultlib.glbl -log elaborate.log 
Using 2 slave threads.
Starting static elaboration
Pass Through NonSizing Optimizer
WARNING: [VRFC 10-3091] actual bit length 32 differs from formal bit length 1 for port 'Cin' [C:/XJTU COMPARCH/project_3/project_3.srcs/sources_1/new/ADD.v:37]
Completed static elaboration
INFO: [XSIM 43-4323] No Change in HDL. Linking previously generated obj files to create kernel
INFO: [USF-XSim-69] 'elaborate' step finished in '2' seconds
INFO: [USF-XSim-4] XSim::Simulate design
INFO: [USF-XSim-61] Executing 'SIMULATE' step in 'C:/XJTU COMPARCH/project_3/project_3.sim/sim_1/behav/xsim'
INFO: [USF-XSim-98] *** Running xsim
   with args "sim_ALU_behav -key {Behavioral:sim_1:Functional:sim_ALU} -tclbatch {sim_ALU.tcl} -log {simulate.log}"
INFO: [USF-XSim-8] Loading simulator feature
Vivado Simulator 2019.2
Time resolution is 1 ps
source sim_ALU.tcl
# set curr_wave [current_wave_config]
# if { [string length $curr_wave] == 0 } {
#   if { [llength [get_objects]] > 0} {
#     add_wave /
#     set_property needs_save false [current_wave_config]
#   } else {
#      send_msg_id Add_Wave-1 WARNING "No top level signals found. Simulator will start without a wave window. If you want to open a wave window go to 'File->New Waveform Configuration' or type 'create_wave_config' in the TCL console."
#   }
# }
# run 1000ns
INFO: [USF-XSim-96] XSim completed. Design snapshot 'sim_ALU_behav' loaded.
INFO: [USF-XSim-97] XSim simulation ran for 1000ns
launch_simulation: Time (s): cpu = 00:00:01 ; elapsed = 00:00:07 . Memory (MB): peak = 2305.727 ; gain = 0.000
close_sim
INFO: [Simtcl 6-16] Simulation closed
exit
INFO: [Common 17-206] Exiting Vivado at Sun Nov  3 19:54:46 2024...
