INFO: [VRFC 10-2263] Analyzing Verilog file "C:/XJTU COMPARCH/project_3/project_1/project_1.srcs/sources_1/new/1.v" into library xil_defaultlib
INFO: [VRFC 10-311] analyzing module fulladder_1
INFO: [VRFC 10-2263] Analyzing Verilog file "C:/XJTU COMPARCH/project_3/project_1/project_1.srcs/sources_1/new/10.v" into library xil_defaultlib
INFO: [VRFC 10-311] analyzing module ALU8
INFO: [VRFC 10-2263] Analyzing Verilog file "C:/XJTU COMPARCH/project_3/project_1/project_1.srcs/sources_1/new/11.v" into library xil_defaultlib
INFO: [VRFC 10-311] analyzing module Decoder38
INFO: [VRFC 10-2263] Analyzing Verilog file "C:/XJTU COMPARCH/project_3/project_1/project_1.srcs/sources_1/new/12.v" into library xil_defaultlib
INFO: [VRFC 10-311] analyzing module ADD
INFO: [VRFC 10-2263] Analyzing Verilog file "C:/XJTU COMPARCH/project_3/project_1/project_1.srcs/sources_1/new/13.v" into library xil_defaultlib
INFO: [VRFC 10-311] analyzing module SUB
INFO: [VRFC 10-2263] Analyzing Verilog file "C:/XJTU COMPARCH/project_3/project_1/project_1.srcs/sources_1/new/14.v" into library xil_defaultlib
INFO: [VRFC 10-311] analyzing module SLT
INFO: [VRFC 10-2263] Analyzing Verilog file "C:/XJTU COMPARCH/project_3/project_1/project_1.srcs/sources_1/new/15.v" into library xil_defaultlib
INFO: [VRFC 10-311] analyzing module SLL
INFO: [VRFC 10-2263] Analyzing Verilog file "C:/XJTU COMPARCH/project_3/project_1/project_1.srcs/sources_1/new/4.v" into library xil_defaultlib
INFO: [VRFC 10-311] analyzing module fulladder_4
INFO: [VRFC 10-2263] Analyzing Verilog file "C:/XJTU COMPARCH/project_3/project_1/project_1.srcs/sources_1/new/8.v" into library xil_defaultlib
INFO: [VRFC 10-311] analyzing module fulladder_32
INFO: [VRFC 10-2263] Analyzing Verilog file "C:/XJTU COMPARCH/project_3/project_1/project_1.srcs/sources_1/new/17.v" into library xil_defaultlib
INFO: [VRFC 10-311] analyzing module sim_ALU
